157.55.39.71 - - [26/Jun/2014:06:46:25 +0200] "GET /robots.txt HTTP/1.1" 404 18460 "-" "Mozilla/5.0 (compatible; bingbot/2.0; +http://www.bing.com/bingbot.htm)"
66.249.92.50 - - [26/Jun/2014:06:46:29 +0200] "GET /hlace/kratke-hlace/moske-kopalke-bs-10-102 HTTP/1.1" 200 9534 "-" "AdsBot-Google (+http://www.google.com/adsbot.html)"
207.46.13.47 - - [26/Jun/2014:06:46:29 +0200] "GET /srajca-z-dolgimi-rokavi-king-black?page=2 HTTP/1.1" 200 15267 "-" "Mozilla/5.0 (compatible; bingbot/2.0; +http://www.bing.com/bingbot.htm)"
207.46.13.47 - - [26/Jun/2014:06:46:31 +0200] "GET /jope-puloverji/moski-puloverji/moski-pulover-miguel-blue?order=ASC HTTP/1.1" 200 9585 "-" "Mozilla/5.0 (compatible; bingbot/2.0; +http://www.bing.com/bingbot.htm)"
157.55.39.71 - - [26/Jun/2014:06:46:38 +0200] "GET /polo-majica-s-kratkimi-rokavi-t-pat-black?page=4 HTTP/1.1" 200 14799 "-" "Mozilla/5.0 (compatible; bingbot/2.0; +http://www.bing.com/bingbot.htm)"
207.46.13.22 - - [26/Jun/2014:06:46:59 +0200] "GET /jope-puloverji/moski-pulover-carlito-blue?order=ASC HTTP/1.1" 200 9588 "-" "Mozilla/5.0 (compatible; bingbot/2.0; +http://www.bing.com/bingbot.htm)"
66.249.92.63 - - [26/Jun/2014:06:47:22 +0200] "GET /majice?limit=18&page=4 HTTP/1.1" 200 7853 "-" "AdsBot-Google (+http://www.google.com/adsbot.html)"
207.46.13.22 - - [26/Jun/2014:06:47:23 +0200] "GET /moske-kratke-hlace-p30-green HTTP/1.1" 200 9374 "-" "Mozilla/5.0 (compatible; bingbot/2.0; +http://www.bing.com/bingbot.htm)"
66.249.64.35 - - [26/Jun/2014:06:47:56 +0200] "GET /index.php?route=product/product&product_id=201 HTTP/1.1" 200 9380 "-" "Mozilla/5.0 (compatible; Googlebot/2.1; +http://www.google.com/bot.html)"
89.143.103.40 - - [26/Jun/2014:06:48:46 +0200] "GET /hlace?limit=30 HTTP/1.1" 200 8452 "https://www.facebook.com/" "Mozilla/5.0 (Windows NT 6.1; WOW64) AppleWebKit/537.36 (KHTML, like Gecko) Chrome/35.0.1916.153 Safari/537.36"
89.143.103.40 - - [26/Jun/2014:06:48:47 +0200] "GET /catalog/view/theme/sfashion/stylesheet/carousel.css HTTP/1.1" 200 6297 "http://sfashion.si/hlace?limit=30" "Mozilla/5.0 (Windows NT 6.1; WOW64) AppleWebKit/537.36 (KHTML, like Gecko) Chrome/35.0.1916.153 Safari/537.36"
89.143.103.40 - - [26/Jun/2014:06:48:47 +0200] "GET /catalog/view/javascript/jquery/supermenu/templates/gray/supermenu.css HTTP/1.1" 200 4147 "http://sfashion.si/hlace?limit=30" "Mozilla/5.0 (Windows NT 6.1; WOW64) AppleWebKit/537.36 (KHTML, like Gecko) Chrome/35.0.1916.153 Safari/537.36"
89.143.103.40 - - [26/Jun/2014:06:48:47 +0200] "GET /catalog/view/javascript/common.js HTTP/1.1" 200 1769 "http://sfashion.si/hlace?limit=30" "Mozilla/5.0 (Windows NT 6.1; WOW64) AppleWebKit/537.36 (KHTML, like Gecko) Chrome/35.0.1916.153 Safari/537.36"
89.143.103.40 - - [26/Jun/2014:06:48:47 +0200] "GET /catalog/view/javascript/jquery/jquery.total-storage.min.js HTTP/1.1" 200 1098 "http://sfashion.si/hlace?limit=30" "Mozilla/5.0 (Windows NT 6.1; WOW64) AppleWebKit/537.36 (KHTML, like Gecko) Chrome/35.0.1916.153 Safari/537.36"
89.143.103.40 - - [26/Jun/2014:06:48:47 +0200] "GET /catalog/view/theme/sfashion/stylesheet/stylesheet.css HTTP/1.1" 200 23679 "http://sfashion.si/hlace?limit=30" "Mozilla/5.0 (Windows NT 6.1; WOW64) AppleWebKit/537.36 (KHTML, like Gecko) Chrome/35.0.1916.153 Safari/537.36"
89.143.103.40 - - [26/Jun/2014:06:48:47 +0200] "GET /catalog/view/javascript/jquery/supermenu/supermenu_base.js HTTP/1.1" 200 10178 "http://sfashion.si/hlace?limit=30" "Mozilla/5.0 (Windows NT 6.1; WOW64) AppleWebKit/537.36 (KHTML, like Gecko) Chrome/35.0.1916.153 Safari/537.36"
89.143.103.40 - - [26/Jun/2014:06:48:47 +0200] "GET /catalog/view/javascript/jquery/ui/themes/ui-lightness/jquery-ui-1.8.16.custom.css HTTP/1.1" 200 14323 "http://sfashion.si/hlace?limit=30" "Mozilla/5.0 (Windows NT 6.1; WOW64) AppleWebKit/537.36 (KHTML, like Gecko) Chrome/35.0.1916.153 Safari/537.36"
89.143.103.40 - - [26/Jun/2014:06:48:47 +0200] "GET /catalog/view/javascript/jquery/jquery.jcarousel.min.js HTTP/1.1" 200 4575 "http://sfashion.si/hlace?limit=30" "Mozilla/5.0 (Windows NT 6.1; WOW64) AppleWebKit/537.36 (KHTML, like Gecko) Chrome/35.0.1916.153 Safari/537.36"
89.143.103.40 - - [26/Jun/2014:06:48:47 +0200] "GET /catalog/view/theme/sfashion/image/logo.png HTTP/1.1" 200 7925 "http://sfashion.si/hlace?limit=30" "Mozilla/5.0 (Windows NT 6.1; WOW64) AppleWebKit/537.36 (KHTML, like Gecko) Chrome/35.0.1916.153 Safari/537.36"
89.143.103.40 - - [26/Jun/2014:06:48:47 +0200] "GET /catalog/view/theme/sfashion/image/novo.png HTTP/1.1" 200 1837 "http://sfashion.si/hlace?limit=30" "Mozilla/5.0 (Windows NT 6.1; WOW64) AppleWebKit/537.36 (KHTML, like Gecko) Chrome/35.0.1916.153 Safari/537.36"
89.143.103.40 - - [26/Jun/2014:06:48:47 +0200] "GET /catalog/view/theme/sfashion/image/cart.png HTTP/1.1" 200 944 "http://sfashion.si/hlace?limit=30" "Mozilla/5.0 (Windows NT 6.1; WOW64) AppleWebKit/537.36 (KHTML, like Gecko) Chrome/35.0.1916.153 Safari/537.36"
89.143.103.40 - - [26/Jun/2014:06:48:47 +0200] "GET /image/cache/data/9023WH-cr-214x293.png HTTP/1.1" 200 50155 "http://sfashion.si/hlace?limit=30" "Mozilla/5.0 (Windows NT 6.1; WOW64) AppleWebKit/537.36 (KHTML, like Gecko) Chrome/35.0.1916.153 Safari/537.36"
89.143.103.40 - - [26/Jun/2014:06:48:49 +0200] "GET /catalog/view/theme/sfashion/image/mensep.png HTTP/1.1" 200 567 "http://sfashion.si/hlace?limit=30" "Mozilla/5.0 (Windows NT 6.1; WOW64) AppleWebKit/537.36 (KHTML, like Gecko) Chrome/35.0.1916.153 Safari/537.36"
89.143.103.40 - - [26/Jun/2014:06:48:47 +0200] "GET /image/cache/data/lattoNV-cr-214x293.png HTTP/1.1" 200 71846 "http://sfashion.si/hlace?limit=30" "Mozilla/5.0 (Windows NT 6.1; WOW64) AppleWebKit/537.36 (KHTML, like Gecko) Chrome/35.0.1916.153 Safari/537.36"
89.143.103.40 - - [26/Jun/2014:06:48:49 +0200] "GET /catalog/view/theme/sfashion/image/menbg.jpg HTTP/1.1" 200 724 "http://sfashion.si/hlace?limit=30" "Mozilla/5.0 (Windows NT 6.1; WOW64) AppleWebKit/537.36 (KHTML, like Gecko) Chrome/35.0.1916.153 Safari/537.36"
89.143.103.40 - - [26/Jun/2014:06:48:49 +0200] "GET /catalog/view/theme/sfashion/image/boxtbg.jpg HTTP/1.1" 200 707 "http://sfashion.si/hlace?limit=30" "Mozilla/5.0 (Windows NT 6.1; WOW64) AppleWebKit/537.36 (KHTML, like Gecko) Chrome/35.0.1916.153 Safari/537.36"
89.143.103.40 - - [26/Jun/2014:06:48:47 +0200] "GET /image/cache/data/S264BLU-cr-214x293.png HTTP/1.1" 200 111306 "http://sfashion.si/hlace?limit=30" "Mozilla/5.0 (Windows NT 6.1; WOW64) AppleWebKit/537.36 (KHTML, like Gecko) Chrome/35.0.1916.153 Safari/537.36"
89.143.103.40 - - [26/Jun/2014:06:48:47 +0200] "GET /image/cache/data/wilmslowXBLU3-cr-214x293.png HTTP/1.1" 200 114801 "http://sfashion.si/hlace?limit=30" "Mozilla/5.0 (Windows NT 6.1; WOW64) AppleWebKit/537.36 (KHTML, like Gecko) Chrome/35.0.1916.153 Safari/537.36"
89.143.103.40 - - [26/Jun/2014:06:48:47 +0200] "GET /image/cache/data/9053BLU-cr-214x293.png HTTP/1.1" 200 101064 "http://sfashion.si/hlace?limit=30" "Mozilla/5.0 (Windows NT 6.1; WOW64) AppleWebKit/537.36 (KHTML, like Gecko) Chrome/35.0.1916.153 Safari/537.36"
89.143.103.40 - - [26/Jun/2014:06:48:47 +0200] "GET /image/cache/data/rockfordNV-cr-214x293.png HTTP/1.1" 200 81258 "http://sfashion.si/hlace?limit=30" "Mozilla/5.0 (Windows NT 6.1; WOW64) AppleWebKit/537.36 (KHTML, like Gecko) Chrome/35.0.1916.153 Safari/537.36"
89.143.103.40 - - [26/Jun/2014:06:48:50 +0200] "GET /catalog/view/javascript/jquery/supermenu/templates/gray/images/chk_filter.gif HTTP/1.1" 200 560 "http://sfashion.si/hlace?limit=30" "Mozilla/5.0 (Windows NT 6.1; WOW64) AppleWebKit/537.36 (KHTML, like Gecko) Chrome/35.0.1916.153 Safari/537.36"
89.143.103.40 - - [26/Jun/2014:06:48:50 +0200] "GET /image/cache/data/bigbananaPACK%20copy-cr-214x293.png HTTP/1.1" 200 103131 "http://sfashion.si/hlace?limit=30" "Mozilla/5.0 (Windows NT 6.1; WOW64) AppleWebKit/537.36 (KHTML, like Gecko) Chrome/35.0.1916.153 Safari/537.36"
89.143.103.40 - - [26/Jun/2014:06:48:50 +0200] "GET /image/cache/data/topbananaGR-cr-214x293.png HTTP/1.1" 200 104023 "http://sfashion.si/hlace?limit=30" "Mozilla/5.0 (Windows NT 6.1; WOW64) AppleWebKit/537.36 (KHTML, like Gecko) Chrome/35.0.1916.153 Safari/537.36"
89.143.103.40 - - [26/Jun/2014:06:48:50 +0200] "GET /image/cache/data/P23NV-cr-214x293.png HTTP/1.1" 200 113191 "http://sfashion.si/hlace?limit=30" "Mozilla/5.0 (Windows NT 6.1; WOW64) AppleWebKit/537.36 (KHTML, like Gecko) Chrome/35.0.1916.153 Safari/537.36"
89.143.103.40 - - [26/Jun/2014:06:48:50 +0200] "GET /image/cache/data/linographYE-cr-214x293.png HTTP/1.1" 200 114939 "http://sfashion.si/hlace?limit=30" "Mozilla/5.0 (Windows NT 6.1; WOW64) AppleWebKit/537.36 (KHTML, like Gecko) Chrome/35.0.1916.153 Safari/537.36"
89.143.103.40 - - [26/Jun/2014:06:48:52 +0200] "GET /image/cache/data/P30GR-cr-214x293.png HTTP/1.1" 200 97984 "http://sfashion.si/hlace?limit=30" "Mozilla/5.0 (Windows NT 6.1; WOW64) AppleWebKit/537.36 (KHTML, like Gecko) Chrome/35.0.1916.153 Safari/537.36"
89.143.103.40 - - [26/Jun/2014:06:48:51 +0200] "GET /image/cache/data/P27BL-cr-214x293.png HTTP/1.1" 200 81526 "http://sfashion.si/hlace?limit=30" "Mozilla/5.0 (Windows NT 6.1; WOW64) AppleWebKit/537.36 (KHTML, like Gecko) Chrome/35.0.1916.153 Safari/537.36"
89.143.103.40 - - [26/Jun/2014:06:48:52 +0200] "GET /image/cache/data/P14OR-cr-214x293.png HTTP/1.1" 200 71395 "http://sfashion.si/hlace?limit=30" "Mozilla/5.0 (Windows NT 6.1; WOW64) AppleWebKit/537.36 (KHTML, like Gecko) Chrome/35.0.1916.153 Safari/537.36"
89.143.103.40 - - [26/Jun/2014:06:48:53 +0200] "GET /image/cache/data/BS-10-102-cr-214x293.png HTTP/1.1" 200 91708 "http://sfashion.si/hlace?limit=30" "Mozilla/5.0 (Windows NT 6.1; WOW64) AppleWebKit/537.36 (KHTML, like Gecko) Chrome/35.0.1916.153 Safari/537.36"
89.143.103.40 - - [26/Jun/2014:06:48:53 +0200] "GET /image/cache/data/BS-30-130-cr-214x293.png HTTP/1.1" 200 84660 "http://sfashion.si/hlace?limit=30" "Mozilla/5.0 (Windows NT 6.1; WOW64) AppleWebKit/537.36 (KHTML, like Gecko) Chrome/35.0.1916.153 Safari/537.36"
89.143.103.40 - - [26/Jun/2014:06:48:54 +0200] "GET /image/cache/data/BS-30-133-cr-214x293.png HTTP/1.1" 200 111490 "http://sfashion.si/hlace?limit=30" "Mozilla/5.0 (Windows NT 6.1; WOW64) AppleWebKit/537.36 (KHTML, like Gecko) Chrome/35.0.1916.153 Safari/537.36"
89.143.103.40 - - [26/Jun/2014:06:48:51 +0200] "GET /image/cache/data/P30BLU-cr-214x293.png HTTP/1.1" 200 98939 "http://sfashion.si/hlace?limit=30" "Mozilla/5.0 (Windows NT 6.1; WOW64) AppleWebKit/537.36 (KHTML, like Gecko) Chrome/35.0.1916.153 Safari/537.36"
89.143.103.40 - - [26/Jun/2014:06:48:53 +0200] "GET /image/cache/data/BS-10-108-cr-214x293.png HTTP/1.1" 200 93325 "http://sfashion.si/hlace?limit=30" "Mozilla/5.0 (Windows NT 6.1; WOW64) AppleWebKit/537.36 (KHTML, like Gecko) Chrome/35.0.1916.153 Safari/537.36"
89.143.103.40 - - [26/Jun/2014:06:48:53 +0200] "GET /image/cache/data/BS-30-132-cr-214x293.png HTTP/1.1" 200 107613 "http://sfashion.si/hlace?limit=30" "Mozilla/5.0 (Windows NT 6.1; WOW64) AppleWebKit/537.36 (KHTML, like Gecko) Chrome/35.0.1916.153 Safari/537.36"
89.143.103.40 - - [26/Jun/2014:06:48:56 +0200] "GET /image/cache/data/P30RE-cr-214x293.png HTTP/1.1" 200 95206 "http://sfashion.si/hlace?limit=30" "Mozilla/5.0 (Windows NT 6.1; WOW64) AppleWebKit/537.36 (KHTML, like Gecko) Chrome/35.0.1916.153 Safari/537.36"
89.143.103.40 - - [26/Jun/2014:06:48:56 +0200] "GET /image/cache/data/linographBLU-cr-214x293.png HTTP/1.1" 200 113712 "http://sfashion.si/hlace?limit=30" "Mozilla/5.0 (Windows NT 6.1; WOW64) AppleWebKit/537.36 (KHTML, like Gecko) Chrome/35.0.1916.153 Safari/537.36"
89.143.103.40 - - [26/Jun/2014:06:48:55 +0200] "GET /image/cache/data/BS-30-136-cr-214x293.png HTTP/1.1" 200 97690 "http://sfashion.si/hlace?limit=30" "Mozilla/5.0 (Windows NT 6.1; WOW64) AppleWebKit/537.36 (KHTML, like Gecko) Chrome/35.0.1916.153 Safari/537.36"
89.143.103.40 - - [26/Jun/2014:06:48:55 +0200] "GET /image/cache/data/BS-30-134-cr-214x293.png HTTP/1.1" 200 119063 "http://sfashion.si/hlace?limit=30" "Mozilla/5.0 (Windows NT 6.1; WOW64) AppleWebKit/537.36 (KHTML, like Gecko) Chrome/35.0.1916.153 Safari/537.36"
89.143.103.40 - - [26/Jun/2014:06:48:56 +0200] "GET /image/cache/data/P30NV-cr-214x293.png HTTP/1.1" 200 90292 "http://sfashion.si/hlace?limit=30" "Mozilla/5.0 (Windows NT 6.1; WOW64) AppleWebKit/537.36 (KHTML, like Gecko) Chrome/35.0.1916.153 Safari/537.36"
89.143.103.40 - - [26/Jun/2014:06:48:58 +0200] "GET /image/cache/data/linographOR-cr-214x293.png HTTP/1.1" 200 105275 "http://sfashion.si/hlace?limit=30" "Mozilla/5.0 (Windows NT 6.1; WOW64) AppleWebKit/537.36 (KHTML, like Gecko) Chrome/35.0.1916.153 Safari/537.36"
89.143.103.40 - - [26/Jun/2014:06:48:56 +0200] "GET /image/cache/data/linographGR%20copy-cr-214x293.png HTTP/1.1" 200 111925 "http://sfashion.si/hlace?limit=30" "Mozilla/5.0 (Windows NT 6.1; WOW64) AppleWebKit/537.36 (KHTML, like Gecko) Chrome/35.0.1916.153 Safari/537.36"
89.143.103.40 - - [26/Jun/2014:06:48:59 +0200] "GET /catalog/view/theme/sfashion/image/paypp.png HTTP/1.1" 200 3548 "http://sfashion.si/hlace?limit=30" "Mozilla/5.0 (Windows NT 6.1; WOW64) AppleWebKit/537.36 (KHTML, like Gecko) Chrome/35.0.1916.153 Safari/537.36"
89.143.103.40 - - [26/Jun/2014:06:48:59 +0200] "GET /catalog/view/theme/sfashion/image/visakk.png HTTP/1.1" 200 2310 "http://sfashion.si/hlace?limit=30" "Mozilla/5.0 (Windows NT 6.1; WOW64) AppleWebKit/537.36 (KHTML, like Gecko) Chrome/35.0.1916.153 Safari/537.36"
89.143.103.40 - - [26/Jun/2014:06:48:59 +0200] "GET /catalog/view/theme/sfashion/image/menbgh.jpg HTTP/1.1" 200 706 "http://sfashion.si/hlace?limit=30" "Mozilla/5.0 (Windows NT 6.1; WOW64) AppleWebKit/537.36 (KHTML, like Gecko) Chrome/35.0.1916.153 Safari/537.36"
89.143.103.40 - - [26/Jun/2014:06:48:58 +0200] "GET /image/cache/data/linographRE-cr-214x293.png HTTP/1.1" 200 109642 "http://sfashion.si/hlace?limit=30" "Mozilla/5.0 (Windows NT 6.1; WOW64) AppleWebKit/537.36 (KHTML, like Gecko) Chrome/35.0.1916.153 Safari/537.36"
89.143.103.40 - - [26/Jun/2014:06:48:58 +0200] "GET /image/cache/data/topbananaBLU-cr-214x293.png HTTP/1.1" 200 103249 "http://sfashion.si/hlace?limit=30" "Mozilla/5.0 (Windows NT 6.1; WOW64) AppleWebKit/537.36 (KHTML, like Gecko) Chrome/35.0.1916.153 Safari/537.36"
89.143.103.40 - - [26/Jun/2014:06:48:59 +0200] "GET /image/cache/data/topbananaYE-cr-214x293.png HTTP/1.1" 200 100446 "http://sfashion.si/hlace?limit=30" "Mozilla/5.0 (Windows NT 6.1; WOW64) AppleWebKit/537.36 (KHTML, like Gecko) Chrome/35.0.1916.153 Safari/537.36"
66.249.92.50 - - [26/Jun/2014:06:49:12 +0200] "GET /novo?page=2&filter=STOCKNEW=a=b=c@@OPTION=XL=1=Velikost HTTP/1.1" 200 6633 "-" "AdsBot-Google (+http://www.google.com/adsbot.html)"
207.46.13.22 - - [26/Jun/2014:06:49:22 +0200] "GET /robots.txt HTTP/1.1" 404 18460 "-" "Mozilla/5.0 (compatible; bingbot/2.0; +http://www.bing.com/bingbot.htm)"
207.46.13.22 - - [26/Jun/2014:06:49:22 +0200] "GET /srajca-z-dolgimi-rokavi-clark-wine-red?page=2 HTTP/1.1" 200 15254 "-" "Mozilla/5.0 (compatible; bingbot/2.0; +http://www.bing.com/bingbot.htm)"
157.55.39.18 - - [26/Jun/2014:06:49:37 +0200] "GET /jope-puloverji/moski-puloverji/moski-pulover-robert-grey?sort=p.sort_order&order=ASC HTTP/1.1" 200 6396 "-" "Mozilla/5.0 (compatible; bingbot/2.0; +http://www.bing.com/bingbot.htm)"
66.249.92.50 - - [26/Jun/2014:06:50:44 +0200] "GET /moski-pulover-b62-blue HTTP/1.1" 200 9444 "-" "AdsBot-Google (+http://www.google.com/adsbot.html)"
66.249.92.76 - - [26/Jun/2014:06:52:05 +0200] "GET /srajce/moska-srajca-k60-blue?limit=120 HTTP/1.1" 200 9526 "-" "AdsBot-Google (+http://www.google.com/adsbot.html)"
109.202.127.253 - - [26/Jun/2014:06:52:45 +0200] "GET /hlace?limit=30 HTTP/1.1" 200 8452 "-" "Mozilla/5.0 (Linux; Android 4.1.2; B15 Build/JZO54K) AppleWebKit/537.36 (KHTML, like Gecko) Chrome/34.0.1847.114 Mobile Safari/537.36"
109.202.127.253 - - [26/Jun/2014:06:52:45 +0200] "GET /catalog/view/javascript/jquery/supermenu/templates/gray/supermenu.css HTTP/1.1" 200 4147 "http://sfashion.si/hlace?limit=30" "Mozilla/5.0 (Linux; Android 4.1.2; B15 Build/JZO54K) AppleWebKit/537.36 (KHTML, like Gecko) Chrome/34.0.1847.114 Mobile Safari/537.36"
109.202.127.253 - - [26/Jun/2014:06:52:45 +0200] "GET /catalog/view/theme/sfashion/stylesheet/carousel.css HTTP/1.1" 200 6297 "http://sfashion.si/hlace?limit=30" "Mozilla/5.0 (Linux; Android 4.1.2; B15 Build/JZO54K) AppleWebKit/537.36 (KHTML, like Gecko) Chrome/34.0.1847.114 Mobile Safari/537.36"
109.202.127.253 - - [26/Jun/2014:06:52:45 +0200] "GET /catalog/view/javascript/common.js HTTP/1.1" 200 1769 "http://sfashion.si/hlace?limit=30" "Mozilla/5.0 (Linux; Android 4.1.2; B15 Build/JZO54K) AppleWebKit/537.36 (KHTML, like Gecko) Chrome/34.0.1847.114 Mobile Safari/537.36"
109.202.127.253 - - [26/Jun/2014:06:52:45 +0200] "GET /catalog/view/javascript/jquery/jquery.total-storage.min.js HTTP/1.1" 200 1099 "http://sfashion.si/hlace?limit=30" "Mozilla/5.0 (Linux; Android 4.1.2; B15 Build/JZO54K) AppleWebKit/537.36 (KHTML, like Gecko) Chrome/34.0.1847.114 Mobile Safari/537.36"
109.202.127.253 - - [26/Jun/2014:06:52:45 +0200] "GET /catalog/view/theme/sfashion/stylesheet/stylesheet.css HTTP/1.1" 200 23678 "http://sfashion.si/hlace?limit=30" "Mozilla/5.0 (Linux; Android 4.1.2; B15 Build/JZO54K) AppleWebKit/537.36 (KHTML, like Gecko) Chrome/34.0.1847.114 Mobile Safari/537.36"
109.202.127.253 - - [26/Jun/2014:06:52:45 +0200] "GET /catalog/view/javascript/jquery/supermenu/supermenu_base.js HTTP/1.1" 200 10178 "http://sfashion.si/hlace?limit=30" "Mozilla/5.0 (Linux; Android 4.1.2; B15 Build/JZO54K) AppleWebKit/537.36 (KHTML, like Gecko) Chrome/34.0.1847.114 Mobile Safari/537.36"
109.202.127.253 - - [26/Jun/2014:06:52:46 +0200] "GET /catalog/view/javascript/jquery/jquery.jcarousel.min.js HTTP/1.1" 200 4575 "http://sfashion.si/hlace?limit=30" "Mozilla/5.0 (Linux; Android 4.1.2; B15 Build/JZO54K) AppleWebKit/537.36 (KHTML, like Gecko) Chrome/34.0.1847.114 Mobile Safari/537.36"
109.202.127.253 - - [26/Jun/2014:06:52:46 +0200] "GET /catalog/view/theme/sfashion/image/logo.png HTTP/1.1" 200 7925 "http://sfashion.si/hlace?limit=30" "Mozilla/5.0 (Linux; Android 4.1.2; B15 Build/JZO54K) AppleWebKit/537.36 (KHTML, like Gecko) Chrome/34.0.1847.114 Mobile Safari/537.36"
109.202.127.253 - - [26/Jun/2014:06:52:46 +0200] "GET /catalog/view/theme/sfashion/image/novo.png HTTP/1.1" 200 1837 "http://sfashion.si/hlace?limit=30" "Mozilla/5.0 (Linux; Android 4.1.2; B15 Build/JZO54K) AppleWebKit/537.36 (KHTML, like Gecko) Chrome/34.0.1847.114 Mobile Safari/537.36"
109.202.127.253 - - [26/Jun/2014:06:52:45 +0200] "GET /catalog/view/javascript/jquery/ui/themes/ui-lightness/jquery-ui-1.8.16.custom.css HTTP/1.1" 200 14323 "http://sfashion.si/hlace?limit=30" "Mozilla/5.0 (Linux; Android 4.1.2; B15 Build/JZO54K) AppleWebKit/537.36 (KHTML, like Gecko) Chrome/34.0.1847.114 Mobile Safari/537.36"
109.202.127.253 - - [26/Jun/2014:06:52:46 +0200] "GET /catalog/view/theme/sfashion/image/cart.png HTTP/1.1" 200 944 "http://sfashion.si/hlace?limit=30" "Mozilla/5.0 (Linux; Android 4.1.2; B15 Build/JZO54K) AppleWebKit/537.36 (KHTML, like Gecko) Chrome/34.0.1847.114 Mobile Safari/537.36"
109.202.127.253 - - [26/Jun/2014:06:52:46 +0200] "GET /image/cache/data/lattoNV-cr-214x293.png HTTP/1.1" 200 71846 "http://sfashion.si/hlace?limit=30" "Mozilla/5.0 (Linux; Android 4.1.2; B15 Build/JZO54K) AppleWebKit/537.36 (KHTML, like Gecko) Chrome/34.0.1847.114 Mobile Safari/537.36"
109.202.127.253 - - [26/Jun/2014:06:52:46 +0200] "GET /image/cache/data/9023WH-cr-214x293.png HTTP/1.1" 200 50155 "http://sfashion.si/hlace?limit=30" "Mozilla/5.0 (Linux; Android 4.1.2; B15 Build/JZO54K) AppleWebKit/537.36 (KHTML, like Gecko) Chrome/34.0.1847.114 Mobile Safari/537.36"
109.202.127.253 - - [26/Jun/2014:06:52:46 +0200] "GET /image/cache/data/S264BLU-cr-214x293.png HTTP/1.1" 200 111306 "http://sfashion.si/hlace?limit=30" "Mozilla/5.0 (Linux; Android 4.1.2; B15 Build/JZO54K) AppleWebKit/537.36 (KHTML, like Gecko) Chrome/34.0.1847.114 Mobile Safari/537.36"
109.202.127.253 - - [26/Jun/2014:06:52:46 +0200] "GET /image/cache/data/9053BLU-cr-214x293.png HTTP/1.1" 200 101064 "http://sfashion.si/hlace?limit=30" "Mozilla/5.0 (Linux; Android 4.1.2; B15 Build/JZO54K) AppleWebKit/537.36 (KHTML, like Gecko) Chrome/34.0.1847.114 Mobile Safari/537.36"
109.202.127.253 - - [26/Jun/2014:06:52:46 +0200] "GET /image/cache/data/rockfordNV-cr-214x293.png HTTP/1.1" 200 81258 "http://sfashion.si/hlace?limit=30" "Mozilla/5.0 (Linux; Android 4.1.2; B15 Build/JZO54K) AppleWebKit/537.36 (KHTML, like Gecko) Chrome/34.0.1847.114 Mobile Safari/537.36"
109.202.127.253 - - [26/Jun/2014:06:52:47 +0200] "GET /image/cache/data/P23NV-cr-214x293.png HTTP/1.1" 200 113191 "http://sfashion.si/hlace?limit=30" "Mozilla/5.0 (Linux; Android 4.1.2; B15 Build/JZO54K) AppleWebKit/537.36 (KHTML, like Gecko) Chrome/34.0.1847.114 Mobile Safari/537.36"
109.202.127.253 - - [26/Jun/2014:06:52:47 +0200] "GET /image/cache/data/P27BL-cr-214x293.png HTTP/1.1" 200 81526 "http://sfashion.si/hlace?limit=30" "Mozilla/5.0 (Linux; Android 4.1.2; B15 Build/JZO54K) AppleWebKit/537.36 (KHTML, like Gecko) Chrome/34.0.1847.114 Mobile Safari/537.36"
109.202.127.253 - - [26/Jun/2014:06:52:47 +0200] "GET /image/cache/data/linographYE-cr-214x293.png HTTP/1.1" 200 114939 "http://sfashion.si/hlace?limit=30" "Mozilla/5.0 (Linux; Android 4.1.2; B15 Build/JZO54K) AppleWebKit/537.36 (KHTML, like Gecko) Chrome/34.0.1847.114 Mobile Safari/537.36"
109.202.127.253 - - [26/Jun/2014:06:52:46 +0200] "GET /image/cache/data/wilmslowXBLU3-cr-214x293.png HTTP/1.1" 200 114801 "http://sfashion.si/hlace?limit=30" "Mozilla/5.0 (Linux; Android 4.1.2; B15 Build/JZO54K) AppleWebKit/537.36 (KHTML, like Gecko) Chrome/34.0.1847.114 Mobile Safari/537.36"
109.202.127.253 - - [26/Jun/2014:06:52:47 +0200] "GET /image/cache/data/bigbananaPACK%20copy-cr-214x293.png HTTP/1.1" 200 103131 "http://sfashion.si/hlace?limit=30" "Mozilla/5.0 (Linux; Android 4.1.2; B15 Build/JZO54K) AppleWebKit/537.36 (KHTML, like Gecko) Chrome/34.0.1847.114 Mobile Safari/537.36"
109.202.127.253 - - [26/Jun/2014:06:52:47 +0200] "GET /image/cache/data/topbananaGR-cr-214x293.png HTTP/1.1" 200 104023 "http://sfashion.si/hlace?limit=30" "Mozilla/5.0 (Linux; Android 4.1.2; B15 Build/JZO54K) AppleWebKit/537.36 (KHTML, like Gecko) Chrome/34.0.1847.114 Mobile Safari/537.36"
109.202.127.253 - - [26/Jun/2014:06:52:49 +0200] "GET /catalog/view/theme/sfashion/image/boxtbg.jpg HTTP/1.1" 200 707 "http://sfashion.si/hlace?limit=30" "Mozilla/5.0 (Linux; Android 4.1.2; B15 Build/JZO54K) AppleWebKit/537.36 (KHTML, like Gecko) Chrome/34.0.1847.114 Mobile Safari/537.36"
109.202.127.253 - - [26/Jun/2014:06:52:49 +0200] "GET /catalog/view/theme/sfashion/image/mensep.png HTTP/1.1" 200 567 "http://sfashion.si/hlace?limit=30" "Mozilla/5.0 (Linux; Android 4.1.2; B15 Build/JZO54K) AppleWebKit/537.36 (KHTML, like Gecko) Chrome/34.0.1847.114 Mobile Safari/537.36"
109.202.127.253 - - [26/Jun/2014:06:52:48 +0200] "GET /image/cache/data/P30BLU-cr-214x293.png HTTP/1.1" 200 98939 "http://sfashion.si/hlace?limit=30" "Mozilla/5.0 (Linux; Android 4.1.2; B15 Build/JZO54K) AppleWebKit/537.36 (KHTML, like Gecko) Chrome/34.0.1847.114 Mobile Safari/537.36"
109.202.127.253 - - [26/Jun/2014:06:52:49 +0200] "GET /catalog/view/theme/sfashion/image/menbg.jpg HTTP/1.1" 200 724 "http://sfashion.si/hlace?limit=30" "Mozilla/5.0 (Linux; Android 4.1.2; B15 Build/JZO54K) AppleWebKit/537.36 (KHTML, like Gecko) Chrome/34.0.1847.114 Mobile Safari/537.36"
109.202.127.253 - - [26/Jun/2014:06:52:49 +0200] "GET /catalog/view/javascript/jquery/supermenu/templates/gray/images/chk_filter.gif HTTP/1.1" 200 560 "http://sfashion.si/hlace?limit=30" "Mozilla/5.0 (Linux; Android 4.1.2; B15 Build/JZO54K) AppleWebKit/537.36 (KHTML, like Gecko) Chrome/34.0.1847.114 Mobile Safari/537.36"
109.202.127.253 - - [26/Jun/2014:06:52:49 +0200] "GET /image/cache/data/P14OR-cr-214x293.png HTTP/1.1" 200 71395 "http://sfashion.si/hlace?limit=30" "Mozilla/5.0 (Linux; Android 4.1.2; B15 Build/JZO54K) AppleWebKit/537.36 (KHTML, like Gecko) Chrome/34.0.1847.114 Mobile Safari/537.36"
109.202.127.253 - - [26/Jun/2014:06:52:49 +0200] "GET /image/cache/data/P30GR-cr-214x293.png HTTP/1.1" 200 97984 "http://sfashion.si/hlace?limit=30" "Mozilla/5.0 (Linux; Android 4.1.2; B15 Build/JZO54K) AppleWebKit/537.36 (KHTML, like Gecko) Chrome/34.0.1847.114 Mobile Safari/537.36"
109.202.127.253 - - [26/Jun/2014:06:52:49 +0200] "GET /image/cache/data/BS-10-102-cr-214x293.png HTTP/1.1" 200 91708 "http://sfashion.si/hlace?limit=30" "Mozilla/5.0 (Linux; Android 4.1.2; B15 Build/JZO54K) AppleWebKit/537.36 (KHTML, like Gecko) Chrome/34.0.1847.114 Mobile Safari/537.36"
109.202.127.253 - - [26/Jun/2014:06:52:49 +0200] "GET /image/cache/data/BS-10-108-cr-214x293.png HTTP/1.1" 200 93325 "http://sfashion.si/hlace?limit=30" "Mozilla/5.0 (Linux; Android 4.1.2; B15 Build/JZO54K) AppleWebKit/537.36 (KHTML, like Gecko) Chrome/34.0.1847.114 Mobile Safari/537.36"
109.202.127.253 - - [26/Jun/2014:06:52:50 +0200] "GET /image/cache/data/BS-30-130-cr-214x293.png HTTP/1.1" 200 84660 "http://sfashion.si/hlace?limit=30" "Mozilla/5.0 (Linux; Android 4.1.2; B15 Build/JZO54K) AppleWebKit/537.36 (KHTML, like Gecko) Chrome/34.0.1847.114 Mobile Safari/537.36"
109.202.127.253 - - [26/Jun/2014:06:52:50 +0200] "GET /image/cache/data/BS-30-132-cr-214x293.png HTTP/1.1" 200 107613 "http://sfashion.si/hlace?limit=30" "Mozilla/5.0 (Linux; Android 4.1.2; B15 Build/JZO54K) AppleWebKit/537.36 (KHTML, like Gecko) Chrome/34.0.1847.114 Mobile Safari/537.36"
109.202.127.253 - - [26/Jun/2014:06:52:50 +0200] "GET /image/cache/data/BS-30-134-cr-214x293.png HTTP/1.1" 200 119063 "http://sfashion.si/hlace?limit=30" "Mozilla/5.0 (Linux; Android 4.1.2; B15 Build/JZO54K) AppleWebKit/537.36 (KHTML, like Gecko) Chrome/34.0.1847.114 Mobile Safari/537.36"
109.202.127.253 - - [26/Jun/2014:06:52:50 +0200] "GET /image/cache/data/BS-30-136-cr-214x293.png HTTP/1.1" 200 97690 "http://sfashion.si/hlace?limit=30" "Mozilla/5.0 (Linux; Android 4.1.2; B15 Build/JZO54K) AppleWebKit/537.36 (KHTML, like Gecko) Chrome/34.0.1847.114 Mobile Safari/537.36"
109.202.127.253 - - [26/Jun/2014:06:52:50 +0200] "GET /image/cache/data/P30NV-cr-214x293.png HTTP/1.1" 200 90292 "http://sfashion.si/hlace?limit=30" "Mozilla/5.0 (Linux; Android 4.1.2; B15 Build/JZO54K) AppleWebKit/537.36 (KHTML, like Gecko) Chrome/34.0.1847.114 Mobile Safari/537.36"
109.202.127.253 - - [26/Jun/2014:06:52:50 +0200] "GET /image/cache/data/BS-30-133-cr-214x293.png HTTP/1.1" 200 111490 "http://sfashion.si/hlace?limit=30" "Mozilla/5.0 (Linux; Android 4.1.2; B15 Build/JZO54K) AppleWebKit/537.36 (KHTML, like Gecko) Chrome/34.0.1847.114 Mobile Safari/537.36"
109.202.127.253 - - [26/Jun/2014:06:52:52 +0200] "GET /image/cache/data/P30RE-cr-214x293.png HTTP/1.1" 200 95206 "http://sfashion.si/hlace?limit=30" "Mozilla/5.0 (Linux; Android 4.1.2; B15 Build/JZO54K) AppleWebKit/537.36 (KHTML, like Gecko) Chrome/34.0.1847.114 Mobile Safari/537.36"
109.202.127.253 - - [26/Jun/2014:06:52:52 +0200] "GET /image/cache/data/linographOR-cr-214x293.png HTTP/1.1" 200 105275 "http://sfashion.si/hlace?limit=30" "Mozilla/5.0 (Linux; Android 4.1.2; B15 Build/JZO54K) AppleWebKit/537.36 (KHTML, like Gecko) Chrome/34.0.1847.114 Mobile Safari/537.36"
109.202.127.253 - - [26/Jun/2014:06:52:52 +0200] "GET /image/cache/data/linographGR%20copy-cr-214x293.png HTTP/1.1" 200 111925 "http://sfashion.si/hlace?limit=30" "Mozilla/5.0 (Linux; Android 4.1.2; B15 Build/JZO54K) AppleWebKit/537.36 (KHTML, like Gecko) Chrome/34.0.1847.114 Mobile Safari/537.36"
109.202.127.253 - - [26/Jun/2014:06:52:52 +0200] "GET /image/cache/data/linographBLU-cr-214x293.png HTTP/1.1" 200 113712 "http://sfashion.si/hlace?limit=30" "Mozilla/5.0 (Linux; Android 4.1.2; B15 Build/JZO54K) AppleWebKit/537.36 (KHTML, like Gecko) Chrome/34.0.1847.114 Mobile Safari/537.36"
109.202.127.253 - - [26/Jun/2014:06:52:53 +0200] "GET /catalog/view/theme/sfashion/image/paypp.png HTTP/1.1" 200 3548 "http://sfashion.si/hlace?limit=30" "Mozilla/5.0 (Linux; Android 4.1.2; B15 Build/JZO54K) AppleWebKit/537.36 (KHTML, like Gecko) Chrome/34.0.1847.114 Mobile Safari/537.36"
109.202.127.253 - - [26/Jun/2014:06:52:53 +0200] "GET /catalog/view/theme/sfashion/image/visakk.png HTTP/1.1" 200 2310 "http://sfashion.si/hlace?limit=30" "Mozilla/5.0 (Linux; Android 4.1.2; B15 Build/JZO54K) AppleWebKit/537.36 (KHTML, like Gecko) Chrome/34.0.1847.114 Mobile Safari/537.36"
109.202.127.253 - - [26/Jun/2014:06:52:53 +0200] "GET /catalog/view/theme/sfashion/image/menbgh.jpg HTTP/1.1" 200 706 "http://sfashion.si/hlace?limit=30" "Mozilla/5.0 (Linux; Android 4.1.2; B15 Build/JZO54K) AppleWebKit/537.36 (KHTML, like Gecko) Chrome/34.0.1847.114 Mobile Safari/537.36"
109.202.127.253 - - [26/Jun/2014:06:52:52 +0200] "GET /image/cache/data/linographRE-cr-214x293.png HTTP/1.1" 200 109642 "http://sfashion.si/hlace?limit=30" "Mozilla/5.0 (Linux; Android 4.1.2; B15 Build/JZO54K) AppleWebKit/537.36 (KHTML, like Gecko) Chrome/34.0.1847.114 Mobile Safari/537.36"
109.202.127.253 - - [26/Jun/2014:06:52:52 +0200] "GET /image/cache/data/topbananaBLU-cr-214x293.png HTTP/1.1" 200 103249 "http://sfashion.si/hlace?limit=30" "Mozilla/5.0 (Linux; Android 4.1.2; B15 Build/JZO54K) AppleWebKit/537.36 (KHTML, like Gecko) Chrome/34.0.1847.114 Mobile Safari/537.36"
109.202.127.253 - - [26/Jun/2014:06:52:53 +0200] "GET /image/cache/data/topbananaYE-cr-214x293.png HTTP/1.1" 200 100446 "http://sfashion.si/hlace?limit=30" "Mozilla/5.0 (Linux; Android 4.1.2; B15 Build/JZO54K) AppleWebKit/537.36 (KHTML, like Gecko) Chrome/34.0.1847.114 Mobile Safari/537.36"
109.202.127.253 - - [26/Jun/2014:06:52:55 +0200] "GET /image/data/Logo.png HTTP/1.1" 200 735 "-" "Mozilla/5.0 (Linux; Android 4.1.2; B15 Build/JZO54K) AppleWebKit/537.36 (KHTML, like Gecko) Chrome/34.0.1847.114 Mobile Safari/537.36"
207.241.237.208 - - [26/Jun/2014:06:53:15 +0200] "GET /image/cache/data/b61GR-cr-214x260.png HTTP/1.0" 200 95955 "http://sfashion.si/moske-spodnje-hlace-top-banana-blue" "Mozilla/5.0 (compatible; special_archiver/3.1.1 +http://www.archive.org/details/archive.org_bot)"
157.55.39.71 - - [26/Jun/2014:06:53:37 +0200] "GET /hlace?sort=pd.name&order=DESC HTTP/1.1" 200 7740 "-" "Mozilla/5.0 (compatible; bingbot/2.0; +http://www.bing.com/bingbot.htm)"
66.249.92.76 - - [26/Jun/2014:06:54:04 +0200] "GET /majice&limit=18&filter=OPTION=S=1=Velikost HTTP/1.1" 200 7607 "-" "AdsBot-Google (+http://www.google.com/adsbot.html)"
66.249.92.76 - - [26/Jun/2014:06:54:44 +0200] "GET /srajce/srajce-kratek-rokav/srajca-s-kratkimi-rokavi-carisma-black-9029bl?sort=p.model&order=ASC HTTP/1.1" 200 9756 "-" "AdsBot-Google (+http://www.google.com/adsbot.html)"
157.55.39.70 - - [26/Jun/2014:06:55:32 +0200] "GET /jope-puloverji/moski-pulover-denis-blue HTTP/1.1" 200 9570 "-" "Mozilla/5.0 (compatible; bingbot/2.0; +http://www.bing.com/bingbot.htm)"
157.55.39.71 - - [26/Jun/2014:06:55:54 +0200] "GET /moski-pulover-b62-black?page=2 HTTP/1.1" 200 18327 "-" "Mozilla/5.0 (compatible; bingbot/2.0; +http://www.bing.com/bingbot.htm)"
66.249.92.76 - - [26/Jun/2014:06:56:12 +0200] "GET /novo?limit=120 HTTP/1.1" 200 7531 "-" "AdsBot-Google (+http://www.google.com/adsbot.html)"
66.249.92.63 - - [26/Jun/2014:06:57:04 +0200] "GET /majice/kratek-rokav&filter=OPTION=XL=1=Velikost HTTP/1.1" 200 7319 "-" "AdsBot-Google (+http://www.google.com/adsbot.html)"
66.249.92.63 - - [26/Jun/2014:06:57:09 +0200] "GET /srajce/srajca-s-kratkimi-rokavi-smith-and-jones-castortroi-black?limit=120 HTTP/1.1" 200 9682 "-" "AdsBot-Google (+http://www.google.com/adsbot.html)"
66.249.92.76 - - [26/Jun/2014:06:57:11 +0200] "GET /hlace/moske-kratke-hlace-p23-navy?limit=30 HTTP/1.1" 200 9434 "-" "AdsBot-Google (+http://www.google.com/adsbot.html)"
174.129.237.157 - - [26/Jun/2014:06:57:22 +0200] "GET /robots.txt HTTP/1.0" 404 26041 "-" "ia_archiver (+http://www.alexa.com/site/help/webmasters; crawler@alexa.com)"
174.129.237.157 - - [26/Jun/2014:06:57:23 +0200] "GET /moska-majica-l02-turquoise HTTP/1.0" 200 39644 "-" "ia_archiver (+http://www.alexa.com/site/help/webmasters; crawler@alexa.com)"
174.129.237.157 - - [26/Jun/2014:06:57:29 +0200] "GET /moski-pulover-denis-black HTTP/1.0" 200 40079 "-" "ia_archiver (+http://www.alexa.com/site/help/webmasters; crawler@alexa.com)"
66.249.92.50 - - [26/Jun/2014:06:57:57 +0200] "GET /srajce/srajca-s-kratkimi-rokavi-carisma-yellow-9030ye?limit=30 HTTP/1.1" 200 9686 "-" "AdsBot-Google (+http://www.google.com/adsbot.html)"
66.249.64.30 - - [26/Jun/2014:06:58:04 +0200] "GET /novo/moska-polo-kratka-majica-s215-black?limit=18 HTTP/1.1" 200 6202 "-" "Mozilla/5.0 (compatible; Googlebot/2.1; +http://www.google.com/bot.html)"
174.129.237.157 - - [26/Jun/2014:06:58:35 +0200] "GET /srajca-z-dolgimi-rokavi-carisma-yellow-h110ye HTTP/1.0" 200 38751 "-" "ia_archiver (+http://www.alexa.com/site/help/webmasters; crawler@alexa.com)"
207.46.13.22 - - [26/Jun/2014:06:59:09 +0200] "GET /majice?order=ASC&page=7 HTTP/1.1" 200 7579 "-" "Mozilla/5.0 (compatible; bingbot/2.0; +http://www.bing.com/bingbot.htm)"
86.61.51.120 - - [26/Jun/2014:06:59:10 +0200] "GET /hlace?limit=30 HTTP/1.1" 200 8452 "-" "Mozilla/5.0 (Windows NT 6.1; WOW64; rv:30.0) Gecko/20100101 Firefox/30.0"
86.61.51.120 - - [26/Jun/2014:06:59:10 +0200] "GET /catalog/view/javascript/jquery/supermenu/templates/gray/supermenu.css HTTP/1.1" 200 4147 "http://sfashion.si/hlace?limit=30" "Mozilla/5.0 (Windows NT 6.1; WOW64; rv:30.0) Gecko/20100101 Firefox/30.0"
86.61.51.120 - - [26/Jun/2014:06:59:10 +0200] "GET /catalog/view/theme/sfashion/stylesheet/carousel.css HTTP/1.1" 200 6296 "http://sfashion.si/hlace?limit=30" "Mozilla/5.0 (Windows NT 6.1; WOW64; rv:30.0) Gecko/20100101 Firefox/30.0"
86.61.51.120 - - [26/Jun/2014:06:59:10 +0200] "GET /catalog/view/javascript/jquery/jquery.total-storage.min.js HTTP/1.1" 200 1099 "http://sfashion.si/hlace?limit=30" "Mozilla/5.0 (Windows NT 6.1; WOW64; rv:30.0) Gecko/20100101 Firefox/30.0"
86.61.51.120 - - [26/Jun/2014:06:59:10 +0200] "GET /catalog/view/theme/sfashion/stylesheet/stylesheet.css HTTP/1.1" 200 23679 "http://sfashion.si/hlace?limit=30" "Mozilla/5.0 (Windows NT 6.1; WOW64; rv:30.0) Gecko/20100101 Firefox/30.0"
86.61.51.120 - - [26/Jun/2014:06:59:10 +0200] "GET /catalog/view/javascript/common.js HTTP/1.1" 200 1769 "http://sfashion.si/hlace?limit=30" "Mozilla/5.0 (Windows NT 6.1; WOW64; rv:30.0) Gecko/20100101 Firefox/30.0"
86.61.51.120 - - [26/Jun/2014:06:59:10 +0200] "GET /catalog/view/javascript/jquery/ui/themes/ui-lightness/jquery-ui-1.8.16.custom.css HTTP/1.1" 200 14323 "http://sfashion.si/hlace?limit=30" "Mozilla/5.0 (Windows NT 6.1; WOW64; rv:30.0) Gecko/20100101 Firefox/30.0"
86.61.51.120 - - [26/Jun/2014:06:59:10 +0200] "GET /catalog/view/javascript/jquery/supermenu/supermenu_base.js HTTP/1.1" 200 10178 "http://sfashion.si/hlace?limit=30" "Mozilla/5.0 (Windows NT 6.1; WOW64; rv:30.0) Gecko/20100101 Firefox/30.0"
86.61.51.120 - - [26/Jun/2014:06:59:10 +0200] "GET /catalog/view/javascript/jquery/jquery.jcarousel.min.js HTTP/1.1" 200 4575 "http://sfashion.si/hlace?limit=30" "Mozilla/5.0 (Windows NT 6.1; WOW64; rv:30.0) Gecko/20100101 Firefox/30.0"
86.61.51.120 - - [26/Jun/2014:06:59:10 +0200] "GET /image/data/Logo.png HTTP/1.1" 200 735 "-" "Mozilla/5.0 (Windows NT 6.1; WOW64; rv:30.0) Gecko/20100101 Firefox/30.0"
86.61.51.120 - - [26/Jun/2014:06:59:11 +0200] "GET /catalog/view/theme/sfashion/image/cart.png HTTP/1.1" 200 944 "http://sfashion.si/hlace?limit=30" "Mozilla/5.0 (Windows NT 6.1; WOW64; rv:30.0) Gecko/20100101 Firefox/30.0"
86.61.51.120 - - [26/Jun/2014:06:59:11 +0200] "GET /catalog/view/theme/sfashion/image/novo.png HTTP/1.1" 200 1837 "http://sfashion.si/hlace?limit=30" "Mozilla/5.0 (Windows NT 6.1; WOW64; rv:30.0) Gecko/20100101 Firefox/30.0"
86.61.51.120 - - [26/Jun/2014:06:59:11 +0200] "GET /catalog/view/theme/sfashion/image/logo.png HTTP/1.1" 200 7925 "http://sfashion.si/hlace?limit=30" "Mozilla/5.0 (Windows NT 6.1; WOW64; rv:30.0) Gecko/20100101 Firefox/30.0"
86.61.51.120 - - [26/Jun/2014:06:59:11 +0200] "GET /image/cache/data/9023WH-cr-214x293.png HTTP/1.1" 200 50155 "http://sfashion.si/hlace?limit=30" "Mozilla/5.0 (Windows NT 6.1; WOW64; rv:30.0) Gecko/20100101 Firefox/30.0"
86.61.51.120 - - [26/Jun/2014:06:59:11 +0200] "GET /image/cache/data/lattoNV-cr-214x293.png HTTP/1.1" 200 71846 "http://sfashion.si/hlace?limit=30" "Mozilla/5.0 (Windows NT 6.1; WOW64; rv:30.0) Gecko/20100101 Firefox/30.0"
86.61.51.120 - - [26/Jun/2014:06:59:11 +0200] "GET /image/cache/data/wilmslowXBLU3-cr-214x293.png HTTP/1.1" 200 114801 "http://sfashion.si/hlace?limit=30" "Mozilla/5.0 (Windows NT 6.1; WOW64; rv:30.0) Gecko/20100101 Firefox/30.0"
86.61.51.120 - - [26/Jun/2014:06:59:12 +0200] "GET /image/cache/data/9053BLU-cr-214x293.png HTTP/1.1" 200 101064 "http://sfashion.si/hlace?limit=30" "Mozilla/5.0 (Windows NT 6.1; WOW64; rv:30.0) Gecko/20100101 Firefox/30.0"
86.61.51.120 - - [26/Jun/2014:06:59:12 +0200] "GET /image/cache/data/rockfordNV-cr-214x293.png HTTP/1.1" 200 81258 "http://sfashion.si/hlace?limit=30" "Mozilla/5.0 (Windows NT 6.1; WOW64; rv:30.0) Gecko/20100101 Firefox/30.0"
86.61.51.120 - - [26/Jun/2014:06:59:11 +0200] "GET /image/cache/data/S264BLU-cr-214x293.png HTTP/1.1" 200 111306 "http://sfashion.si/hlace?limit=30" "Mozilla/5.0 (Windows NT 6.1; WOW64; rv:30.0) Gecko/20100101 Firefox/30.0"
86.61.51.120 - - [26/Jun/2014:06:59:12 +0200] "GET /image/cache/data/bigbananaPACK%20copy-cr-214x293.png HTTP/1.1" 200 103131 "http://sfashion.si/hlace?limit=30" "Mozilla/5.0 (Windows NT 6.1; WOW64; rv:30.0) Gecko/20100101 Firefox/30.0"
86.61.51.120 - - [26/Jun/2014:06:59:12 +0200] "GET /image/cache/data/linographYE-cr-214x293.png HTTP/1.1" 200 114939 "http://sfashion.si/hlace?limit=30" "Mozilla/5.0 (Windows NT 6.1; WOW64; rv:30.0) Gecko/20100101 Firefox/30.0"
86.61.51.120 - - [26/Jun/2014:06:59:13 +0200] "GET /image/cache/data/topbananaGR-cr-214x293.png HTTP/1.1" 200 104023 "http://sfashion.si/hlace?limit=30" "Mozilla/5.0 (Windows NT 6.1; WOW64; rv:30.0) Gecko/20100101 Firefox/30.0"
86.61.51.120 - - [26/Jun/2014:06:59:13 +0200] "GET /image/cache/data/P27BL-cr-214x293.png HTTP/1.1" 200 81526 "http://sfashion.si/hlace?limit=30" "Mozilla/5.0 (Windows NT 6.1; WOW64; rv:30.0) Gecko/20100101 Firefox/30.0"
86.61.51.120 - - [26/Jun/2014:06:59:13 +0200] "GET /image/cache/data/P30BLU-cr-214x293.png HTTP/1.1" 200 98939 "http://sfashion.si/hlace?limit=30" "Mozilla/5.0 (Windows NT 6.1; WOW64; rv:30.0) Gecko/20100101 Firefox/30.0"
86.61.51.120 - - [26/Jun/2014:06:59:13 +0200] "GET /image/cache/data/P30GR-cr-214x293.png HTTP/1.1" 200 97984 "http://sfashion.si/hlace?limit=30" "Mozilla/5.0 (Windows NT 6.1; WOW64; rv:30.0) Gecko/20100101 Firefox/30.0"
86.61.51.120 - - [26/Jun/2014:06:59:14 +0200] "GET /image/cache/data/P14OR-cr-214x293.png HTTP/1.1" 200 71395 "http://sfashion.si/hlace?limit=30" "Mozilla/5.0 (Windows NT 6.1; WOW64; rv:30.0) Gecko/20100101 Firefox/30.0"
86.61.51.120 - - [26/Jun/2014:06:59:14 +0200] "GET /image/cache/data/BS-30-130-cr-214x293.png HTTP/1.1" 200 84660 "http://sfashion.si/hlace?limit=30" "Mozilla/5.0 (Windows NT 6.1; WOW64; rv:30.0) Gecko/20100101 Firefox/30.0"
86.61.51.120 - - [26/Jun/2014:06:59:14 +0200] "GET /image/cache/data/BS-10-102-cr-214x293.png HTTP/1.1" 200 91708 "http://sfashion.si/hlace?limit=30" "Mozilla/5.0 (Windows NT 6.1; WOW64; rv:30.0) Gecko/20100101 Firefox/30.0"
86.61.51.120 - - [26/Jun/2014:06:59:13 +0200] "GET /image/cache/data/P23NV-cr-214x293.png HTTP/1.1" 200 113191 "http://sfashion.si/hlace?limit=30" "Mozilla/5.0 (Windows NT 6.1; WOW64; rv:30.0) Gecko/20100101 Firefox/30.0"
86.61.51.120 - - [26/Jun/2014:06:59:14 +0200] "GET /image/cache/data/BS-10-108-cr-214x293.png HTTP/1.1" 200 93325 "http://sfashion.si/hlace?limit=30" "Mozilla/5.0 (Windows NT 6.1; WOW64; rv:30.0) Gecko/20100101 Firefox/30.0"
86.61.51.120 - - [26/Jun/2014:06:59:15 +0200] "GET /image/cache/data/BS-30-133-cr-214x293.png HTTP/1.1" 200 111490 "http://sfashion.si/hlace?limit=30" "Mozilla/5.0 (Windows NT 6.1; WOW64; rv:30.0) Gecko/20100101 Firefox/30.0"
86.61.51.120 - - [26/Jun/2014:06:59:15 +0200] "GET /image/cache/data/P30NV-cr-214x293.png HTTP/1.1" 200 90292 "http://sfashion.si/hlace?limit=30" "Mozilla/5.0 (Windows NT 6.1; WOW64; rv:30.0) Gecko/20100101 Firefox/30.0"
86.61.51.120 - - [26/Jun/2014:06:59:15 +0200] "GET /image/cache/data/BS-30-136-cr-214x293.png HTTP/1.1" 200 97690 "http://sfashion.si/hlace?limit=30" "Mozilla/5.0 (Windows NT 6.1; WOW64; rv:30.0) Gecko/20100101 Firefox/30.0"
86.61.51.120 - - [26/Jun/2014:06:59:15 +0200] "GET /image/cache/data/BS-30-134-cr-214x293.png HTTP/1.1" 200 119063 "http://sfashion.si/hlace?limit=30" "Mozilla/5.0 (Windows NT 6.1; WOW64; rv:30.0) Gecko/20100101 Firefox/30.0"
86.61.51.120 - - [26/Jun/2014:06:59:16 +0200] "GET /image/cache/data/linographGR%20copy-cr-214x293.png HTTP/1.1" 200 111925 "http://sfashion.si/hlace?limit=30" "Mozilla/5.0 (Windows NT 6.1; WOW64; rv:30.0) Gecko/20100101 Firefox/30.0"
86.61.51.120 - - [26/Jun/2014:06:59:15 +0200] "GET /image/cache/data/P30RE-cr-214x293.png HTTP/1.1" 200 95206 "http://sfashion.si/hlace?limit=30" "Mozilla/5.0 (Windows NT 6.1; WOW64; rv:30.0) Gecko/20100101 Firefox/30.0"
86.61.51.120 - - [26/Jun/2014:06:59:16 +0200] "GET /image/cache/data/linographOR-cr-214x293.png HTTP/1.1" 200 105275 "http://sfashion.si/hlace?limit=30" "Mozilla/5.0 (Windows NT 6.1; WOW64; rv:30.0) Gecko/20100101 Firefox/30.0"
86.61.51.120 - - [26/Jun/2014:06:59:16 +0200] "GET /image/cache/data/linographRE-cr-214x293.png HTTP/1.1" 200 109642 "http://sfashion.si/hlace?limit=30" "Mozilla/5.0 (Windows NT 6.1; WOW64; rv:30.0) Gecko/20100101 Firefox/30.0"
86.61.51.120 - - [26/Jun/2014:06:59:17 +0200] "GET /image/cache/data/topbananaBLU-cr-214x293.png HTTP/1.1" 200 103249 "http://sfashion.si/hlace?limit=30" "Mozilla/5.0 (Windows NT 6.1; WOW64; rv:30.0) Gecko/20100101 Firefox/30.0"
86.61.51.120 - - [26/Jun/2014:06:59:17 +0200] "GET /catalog/view/theme/sfashion/image/paypp.png HTTP/1.1" 200 3548 "http://sfashion.si/hlace?limit=30" "Mozilla/5.0 (Windows NT 6.1; WOW64; rv:30.0) Gecko/20100101 Firefox/30.0"
86.61.51.120 - - [26/Jun/2014:06:59:17 +0200] "GET /catalog/view/theme/sfashion/image/visakk.png HTTP/1.1" 200 2310 "http://sfashion.si/hlace?limit=30" "Mozilla/5.0 (Windows NT 6.1; WOW64; rv:30.0) Gecko/20100101 Firefox/30.0"
86.61.51.120 - - [26/Jun/2014:06:59:17 +0200] "GET /catalog/view/theme/sfashion/image/menbg.jpg HTTP/1.1" 200 724 "http://sfashion.si/catalog/view/theme/sfashion/stylesheet/stylesheet.css" "Mozilla/5.0 (Windows NT 6.1; WOW64; rv:30.0) Gecko/20100101 Firefox/30.0"
86.61.51.120 - - [26/Jun/2014:06:59:17 +0200] "GET /catalog/view/theme/sfashion/image/mensep.png HTTP/1.1" 200 567 "http://sfashion.si/catalog/view/theme/sfashion/stylesheet/stylesheet.css" "Mozilla/5.0 (Windows NT 6.1; WOW64; rv:30.0) Gecko/20100101 Firefox/30.0"
86.61.51.120 - - [26/Jun/2014:06:59:16 +0200] "GET /image/cache/data/linographBLU-cr-214x293.png HTTP/1.1" 200 113712 "http://sfashion.si/hlace?limit=30" "Mozilla/5.0 (Windows NT 6.1; WOW64; rv:30.0) Gecko/20100101 Firefox/30.0"
86.61.51.120 - - [26/Jun/2014:06:59:17 +0200] "GET /catalog/view/theme/sfashion/image/boxtbg.jpg HTTP/1.1" 200 707 "http://sfashion.si/catalog/view/theme/sfashion/stylesheet/stylesheet.css" "Mozilla/5.0 (Windows NT 6.1; WOW64; rv:30.0) Gecko/20100101 Firefox/30.0"
86.61.51.120 - - [26/Jun/2014:06:59:17 +0200] "GET /catalog/view/javascript/jquery/supermenu/templates/gray/images/chk_filter.gif HTTP/1.1" 200 560 "http://sfashion.si/catalog/view/javascript/jquery/supermenu/templates/gray/supermenu.css" "Mozilla/5.0 (Windows NT 6.1; WOW64; rv:30.0) Gecko/20100101 Firefox/30.0"
86.61.51.120 - - [26/Jun/2014:06:59:17 +0200] "GET /catalog/view/theme/sfashion/image/menbgh.jpg HTTP/1.1" 200 706 "http://sfashion.si/catalog/view/theme/sfashion/stylesheet/stylesheet.css" "Mozilla/5.0 (Windows NT 6.1; WOW64; rv:30.0) Gecko/20100101 Firefox/30.0"
86.61.51.120 - - [26/Jun/2014:06:59:17 +0200] "GET /image/cache/data/topbananaYE-cr-214x293.png HTTP/1.1" 200 100446 "http://sfashion.si/hlace?limit=30" "Mozilla/5.0 (Windows NT 6.1; WOW64; rv:30.0) Gecko/20100101 Firefox/30.0"
86.61.51.120 - - [26/Jun/2014:06:59:14 +0200] "GET /image/cache/data/BS-30-132-cr-214x293.png HTTP/1.1" 200 107613 "http://sfashion.si/hlace?limit=30" "Mozilla/5.0 (Windows NT 6.1; WOW64; rv:30.0) Gecko/20100101 Firefox/30.0"
66.249.92.63 - - [26/Jun/2014:06:59:37 +0200] "GET /srajca-s-kratkimi-rokavi-carisma-navy-9007nv HTTP/1.1" 200 6344 "-" "AdsBot-Google (+http://www.google.com/adsbot.html)"
157.55.39.18 - - [26/Jun/2014:06:59:46 +0200] "GET /srajca-z-dolgimi-rokavi-carisma-white-8037wh HTTP/1.1" 200 9465 "-" "Mozilla/5.0 (compatible; bingbot/2.0; +http://www.bing.com/bingbot.htm)"
66.249.92.50 - - [26/Jun/2014:06:59:56 +0200] "GET /moska-kratka-majica-s115-white?page=2 HTTP/1.1" 200 18451 "-" "AdsBot-Google (+http://www.google.com/adsbot.html)"
207.46.13.22 - - [26/Jun/2014:07:00:01 +0200] "GET /novo/moska-kratka-majica-smith-and-jones-langley-navy HTTP/1.1" 200 6166 "-" "Mozilla/5.0 (compatible; bingbot/2.0; +http://www.bing.com/bingbot.htm)"
66.249.64.245 - - [26/Jun/2014:07:00:15 +0200] "GET /image/cache/data/s242BL-cr-214x293.png HTTP/1.1" 304 239 "-" "Googlebot-Image/1.0"
66.249.92.63 - - [26/Jun/2014:07:00:22 +0200] "GET /top?limit=100&filter=OPTION=XL=1=Velikost HTTP/1.1" 200 8703 "-" "AdsBot-Google (+http://www.google.com/adsbot.html)"
66.249.92.50 - - [26/Jun/2014:07:00:24 +0200] "GET /srajce/srajce-dolg-rokav?page=5 HTTP/1.1" 200 5888 "-" "AdsBot-Google (+http://www.google.com/adsbot.html)"
66.249.64.35 - - [26/Jun/2014:07:01:06 +0200] "GET /image/cache/data/longtonDB-cr-214x293.png HTTP/1.1" 304 239 "-" "Googlebot-Image/1.0"
207.46.13.47 - - [26/Jun/2014:07:01:22 +0200] "GET /moske-spodnje-hlace-crosshatch-linograph-red HTTP/1.1" 200 9505 "-" "Mozilla/5.0 (compatible; bingbot/2.0; +http://www.bing.com/bingbot.htm)"
207.46.13.47 - - [26/Jun/2014:07:01:24 +0200] "GET /jope-puloverji/moski-puloverji?sort=p.price&order=ASC&limit=120 HTTP/1.1" 200 10730 "-" "Mozilla/5.0 (compatible; bingbot/2.0; +http://www.bing.com/bingbot.htm)"
66.249.92.63 - - [26/Jun/2014:07:01:25 +0200] "GET /srajca-z-dolgimi-rokavi-carisma-black-h110bl?search=h-110 HTTP/1.1" 200 9806 "-" "AdsBot-Google (+http://www.google.com/adsbot.html)"
207.46.13.47 - - [26/Jun/2014:07:01:25 +0200] "GET /jope-puloverji/moski-puloverji/moski-pulover-b53-black HTTP/1.1" 200 9498 "-" "Mozilla/5.0 (compatible; bingbot/2.0; +http://www.bing.com/bingbot.htm)"
66.249.92.76 - - [26/Jun/2014:07:01:29 +0200] "GET /srajca-s-kratkimi-rokavi-smith-and-jones-castortroi-white HTTP/1.1" 200 9606 "-" "AdsBot-Google (+http://www.google.com/adsbot.html)"
174.129.237.157 - - [26/Jun/2014:07:01:46 +0200] "GET /srajca-z-dolgimi-rokavi-carisma-white-8036wh HTTP/1.0" 200 36950 "-" "ia_archiver (+http://www.alexa.com/site/help/webmasters; crawler@alexa.com)"
157.55.39.71 - - [26/Jun/2014:07:01:56 +0200] "GET /srajce/srajca-z-dolgimi-rokavi-carisma-black-8118bl HTTP/1.1" 200 9549 "-" "Mozilla/5.0 (compatible; bingbot/2.0; +http://www.bing.com/bingbot.htm)"
66.249.64.35 - - [26/Jun/2014:07:01:59 +0200] "GET /image/cache/data/S224BL-cr-214x293.png HTTP/1.1" 304 239 "-" "Googlebot-Image/1.0"
80.95.239.1 - - [26/Jun/2014:07:02:14 +0200] "GET /hlace HTTP/1.1" 200 43542 "-" "Mozilla/5.0 (Linux; U; Android 4.1.2; sl-si; SonyST27i Build/6.2.A.1.100) AppleWebKit/534.30 (KHTML, like Gecko) Version/4.0 Mobile Safari/534.30"
207.241.237.220 - - [26/Jun/2014:07:02:15 +0200] "GET /image/cache/data/topbananaGR-cr-200x275.png HTTP/1.0" 200 85184 "http://sfashion.si/moske-spodnje-hlace-top-banana-blue" "Mozilla/5.0 (compatible; special_archiver/3.1.1 +http://www.archive.org/details/archive.org_bot)"
66.249.64.245 - - [26/Jun/2014:07:02:46 +0200] "GET /image/cache/data/S220BLU-cr-214x293.png HTTP/1.1" 304 239 "-" "Googlebot-Image/1.0"
157.55.39.19 - - [26/Jun/2014:07:02:59 +0200] "GET /hlace?sort=p.price&order=DESC&limit=12 HTTP/1.1" 200 7779 "-" "Mozilla/5.0 (compatible; bingbot/2.0; +http://www.bing.com/bingbot.htm)"
207.46.13.22 - - [26/Jun/2014:07:03:33 +0200] "GET /robots.txt HTTP/1.1" 404 18460 "-" "Mozilla/5.0 (compatible; bingbot/2.0; +http://www.bing.com/bingbot.htm)"
207.46.13.22 - - [26/Jun/2014:07:03:34 +0200] "GET /jope-puloverji/moski-puloverji/moski-pulover-s-kapuco-smith-black?sort=p.price&order=DESC HTTP/1.1" 200 6398 "-" "Mozilla/5.0 (compatible; bingbot/2.0; +http://www.bing.com/bingbot.htm)"
66.249.64.30 - - [26/Jun/2014:07:03:37 +0200] "GET /image/cache/data/jakobyGR-cr-214x293.png HTTP/1.1" 304 239 "-" "Googlebot-Image/1.0"
109.182.154.152 - - [26/Jun/2014:07:03:49 +0200] "GET /hlace?limit=30 HTTP/1.1" 200 8452 "-" "Mozilla/5.0 (Linux; U; Android 4.3; sl-si; GT-I9300 Build/JSS15J) AppleWebKit/534.30 (KHTML, like Gecko) Version/4.0 Mobile Safari/534.30"
109.182.154.152 - - [26/Jun/2014:07:03:50 +0200] "GET /catalog/view/theme/sfashion/stylesheet/stylesheet.css HTTP/1.1" 200 23678 "http://sfashion.si/hlace?limit=30" "Mozilla/5.0 (Linux; U; Android 4.3; sl-si; GT-I9300 Build/JSS15J) AppleWebKit/534.30 (KHTML, like Gecko) Version/4.0 Mobile Safari/534.30"
109.182.154.152 - - [26/Jun/2014:07:03:50 +0200] "GET /catalog/view/javascript/common.js HTTP/1.1" 200 1769 "http://sfashion.si/hlace?limit=30" "Mozilla/5.0 (Linux; U; Android 4.3; sl-si; GT-I9300 Build/JSS15J) AppleWebKit/534.30 (KHTML, like Gecko) Version/4.0 Mobile Safari/534.30"
109.182.154.152 - - [26/Jun/2014:07:03:50 +0200] "GET /catalog/view/javascript/jquery/jquery.total-storage.min.js HTTP/1.1" 200 1099 "http://sfashion.si/hlace?limit=30" "Mozilla/5.0 (Linux; U; Android 4.3; sl-si; GT-I9300 Build/JSS15J) AppleWebKit/534.30 (KHTML, like Gecko) Version/4.0 Mobile Safari/534.30"
109.182.154.152 - - [26/Jun/2014:07:03:50 +0200] "GET /catalog/view/javascript/jquery/supermenu/supermenu_base.js HTTP/1.1" 200 10179 "http://sfashion.si/hlace?limit=30" "Mozilla/5.0 (Linux; U; Android 4.3; sl-si; GT-I9300 Build/JSS15J) AppleWebKit/534.30 (KHTML, like Gecko) Version/4.0 Mobile Safari/534.30"
