82.149.16.48 - - [26/Jun/2014:05:35:42 +0200] "GET /catalog/view/theme/sfashion/image/logo.png HTTP/1.1" 200 7925 "http://sfashion.si/hlace?limit=30" "Mozilla/5.0 (Linux; Android 4.4.2; LG-D802 Build/KOT49I.D80220b) AppleWebKit/537.36 (KHTML, like Gecko) Version/4.0 Chrome/30.0.0.0 Mobile Safari/537.36"
82.149.16.48 - - [26/Jun/2014:05:35:42 +0200] "GET /catalog/view/theme/sfashion/image/novo.png HTTP/1.1" 200 1837 "http://sfashion.si/hlace?limit=30" "Mozilla/5.0 (Linux; Android 4.4.2; LG-D802 Build/KOT49I.D80220b) AppleWebKit/537.36 (KHTML, like Gecko) Version/4.0 Chrome/30.0.0.0 Mobile Safari/537.36"
82.149.16.48 - - [26/Jun/2014:05:35:42 +0200] "GET /catalog/view/theme/sfashion/image/cart.png HTTP/1.1" 200 944 "http://sfashion.si/hlace?limit=30" "Mozilla/5.0 (Linux; Android 4.4.2; LG-D802 Build/KOT49I.D80220b) AppleWebKit/537.36 (KHTML, like Gecko) Version/4.0 Chrome/30.0.0.0 Mobile Safari/537.36"
82.149.16.48 - - [26/Jun/2014:05:35:42 +0200] "GET /catalog/view/theme/sfashion/image/mensep.png HTTP/1.1" 200 567 "http://sfashion.si/hlace?limit=30" "Mozilla/5.0 (Linux; Android 4.4.2; LG-D802 Build/KOT49I.D80220b) AppleWebKit/537.36 (KHTML, like Gecko) Version/4.0 Chrome/30.0.0.0 Mobile Safari/537.36"
82.149.16.48 - - [26/Jun/2014:05:35:42 +0200] "GET /catalog/view/theme/sfashion/image/boxtbg.jpg HTTP/1.1" 200 708 "http://sfashion.si/hlace?limit=30" "Mozilla/5.0 (Linux; Android 4.4.2; LG-D802 Build/KOT49I.D80220b) AppleWebKit/537.36 (KHTML, like Gecko) Version/4.0 Chrome/30.0.0.0 Mobile Safari/537.36"
82.149.16.48 - - [26/Jun/2014:05:35:42 +0200] "GET /catalog/view/theme/sfashion/image/menbg.jpg HTTP/1.1" 200 724 "http://sfashion.si/hlace?limit=30" "Mozilla/5.0 (Linux; Android 4.4.2; LG-D802 Build/KOT49I.D80220b) AppleWebKit/537.36 (KHTML, like Gecko) Version/4.0 Chrome/30.0.0.0 Mobile Safari/537.36"
82.149.16.48 - - [26/Jun/2014:05:35:42 +0200] "GET /catalog/view/javascript/jquery/supermenu/templates/gray/images/chk_filter.gif HTTP/1.1" 200 560 "http://sfashion.si/hlace?limit=30" "Mozilla/5.0 (Linux; Android 4.4.2; LG-D802 Build/KOT49I.D80220b) AppleWebKit/537.36 (KHTML, like Gecko) Version/4.0 Chrome/30.0.0.0 Mobile Safari/537.36"
82.149.16.48 - - [26/Jun/2014:05:35:42 +0200] "GET /image/cache/data/9023WH-cr-214x293.png HTTP/1.1" 200 50155 "http://sfashion.si/hlace?limit=30" "Mozilla/5.0 (Linux; Android 4.4.2; LG-D802 Build/KOT49I.D80220b) AppleWebKit/537.36 (KHTML, like Gecko) Version/4.0 Chrome/30.0.0.0 Mobile Safari/537.36"
82.149.16.48 - - [26/Jun/2014:05:35:42 +0200] "GET /catalog/view/theme/sfashion/image/menbgh.jpg HTTP/1.1" 200 706 "http://sfashion.si/hlace?limit=30" "Mozilla/5.0 (Linux; Android 4.4.2; LG-D802 Build/KOT49I.D80220b) AppleWebKit/537.36 (KHTML, like Gecko) Version/4.0 Chrome/30.0.0.0 Mobile Safari/537.36"
82.149.16.48 - - [26/Jun/2014:05:35:42 +0200] "GET /image/cache/data/lattoNV-cr-214x293.png HTTP/1.1" 200 71846 "http://sfashion.si/hlace?limit=30" "Mozilla/5.0 (Linux; Android 4.4.2; LG-D802 Build/KOT49I.D80220b) AppleWebKit/537.36 (KHTML, like Gecko) Version/4.0 Chrome/30.0.0.0 Mobile Safari/537.36"
82.149.16.48 - - [26/Jun/2014:05:35:42 +0200] "GET /image/cache/data/wilmslowXBLU3-cr-214x293.png HTTP/1.1" 200 114801 "http://sfashion.si/hlace?limit=30" "Mozilla/5.0 (Linux; Android 4.4.2; LG-D802 Build/KOT49I.D80220b) AppleWebKit/537.36 (KHTML, like Gecko) Version/4.0 Chrome/30.0.0.0 Mobile Safari/537.36"
82.149.16.48 - - [26/Jun/2014:05:35:42 +0200] "GET /image/cache/data/9053BLU-cr-214x293.png HTTP/1.1" 200 101064 "http://sfashion.si/hlace?limit=30" "Mozilla/5.0 (Linux; Android 4.4.2; LG-D802 Build/KOT49I.D80220b) AppleWebKit/537.36 (KHTML, like Gecko) Version/4.0 Chrome/30.0.0.0 Mobile Safari/537.36"
82.149.16.48 - - [26/Jun/2014:05:35:42 +0200] "GET /image/cache/data/S264BLU-cr-214x293.png HTTP/1.1" 200 111306 "http://sfashion.si/hlace?limit=30" "Mozilla/5.0 (Linux; Android 4.4.2; LG-D802 Build/KOT49I.D80220b) AppleWebKit/537.36 (KHTML, like Gecko) Version/4.0 Chrome/30.0.0.0 Mobile Safari/537.36"
82.149.16.48 - - [26/Jun/2014:05:35:43 +0200] "GET /image/cache/data/rockfordNV-cr-214x293.png HTTP/1.1" 200 81258 "http://sfashion.si/hlace?limit=30" "Mozilla/5.0 (Linux; Android 4.4.2; LG-D802 Build/KOT49I.D80220b) AppleWebKit/537.36 (KHTML, like Gecko) Version/4.0 Chrome/30.0.0.0 Mobile Safari/537.36"
82.149.16.48 - - [26/Jun/2014:05:35:43 +0200] "GET /image/cache/data/P27BL-cr-214x293.png HTTP/1.1" 200 81526 "http://sfashion.si/hlace?limit=30" "Mozilla/5.0 (Linux; Android 4.4.2; LG-D802 Build/KOT49I.D80220b) AppleWebKit/537.36 (KHTML, like Gecko) Version/4.0 Chrome/30.0.0.0 Mobile Safari/537.36"
82.149.16.48 - - [26/Jun/2014:05:35:43 +0200] "GET /image/cache/data/linographYE-cr-214x293.png HTTP/1.1" 200 114939 "http://sfashion.si/hlace?limit=30" "Mozilla/5.0 (Linux; Android 4.4.2; LG-D802 Build/KOT49I.D80220b) AppleWebKit/537.36 (KHTML, like Gecko) Version/4.0 Chrome/30.0.0.0 Mobile Safari/537.36"
82.149.16.48 - - [26/Jun/2014:05:35:43 +0200] "GET /image/cache/data/topbananaGR-cr-214x293.png HTTP/1.1" 200 104023 "http://sfashion.si/hlace?limit=30" "Mozilla/5.0 (Linux; Android 4.4.2; LG-D802 Build/KOT49I.D80220b) AppleWebKit/537.36 (KHTML, like Gecko) Version/4.0 Chrome/30.0.0.0 Mobile Safari/537.36"
82.149.16.48 - - [26/Jun/2014:05:35:43 +0200] "GET /image/cache/data/P23NV-cr-214x293.png HTTP/1.1" 200 113191 "http://sfashion.si/hlace?limit=30" "Mozilla/5.0 (Linux; Android 4.4.2; LG-D802 Build/KOT49I.D80220b) AppleWebKit/537.36 (KHTML, like Gecko) Version/4.0 Chrome/30.0.0.0 Mobile Safari/537.36"
82.149.16.48 - - [26/Jun/2014:05:35:43 +0200] "GET /image/cache/data/bigbananaPACK%20copy-cr-214x293.png HTTP/1.1" 200 103131 "http://sfashion.si/hlace?limit=30" "Mozilla/5.0 (Linux; Android 4.4.2; LG-D802 Build/KOT49I.D80220b) AppleWebKit/537.36 (KHTML, like Gecko) Version/4.0 Chrome/30.0.0.0 Mobile Safari/537.36"
82.149.16.48 - - [26/Jun/2014:05:35:43 +0200] "GET /image/cache/data/P30BLU-cr-214x293.png HTTP/1.1" 200 98939 "http://sfashion.si/hlace?limit=30" "Mozilla/5.0 (Linux; Android 4.4.2; LG-D802 Build/KOT49I.D80220b) AppleWebKit/537.36 (KHTML, like Gecko) Version/4.0 Chrome/30.0.0.0 Mobile Safari/537.36"
82.149.16.48 - - [26/Jun/2014:05:35:43 +0200] "GET /image/cache/data/P14OR-cr-214x293.png HTTP/1.1" 200 71395 "http://sfashion.si/hlace?limit=30" "Mozilla/5.0 (Linux; Android 4.4.2; LG-D802 Build/KOT49I.D80220b) AppleWebKit/537.36 (KHTML, like Gecko) Version/4.0 Chrome/30.0.0.0 Mobile Safari/537.36"
82.149.16.48 - - [26/Jun/2014:05:35:43 +0200] "GET /image/cache/data/BS-10-102-cr-214x293.png HTTP/1.1" 200 91708 "http://sfashion.si/hlace?limit=30" "Mozilla/5.0 (Linux; Android 4.4.2; LG-D802 Build/KOT49I.D80220b) AppleWebKit/537.36 (KHTML, like Gecko) Version/4.0 Chrome/30.0.0.0 Mobile Safari/537.36"
82.149.16.48 - - [26/Jun/2014:05:35:43 +0200] "GET /image/cache/data/P30GR-cr-214x293.png HTTP/1.1" 200 97984 "http://sfashion.si/hlace?limit=30" "Mozilla/5.0 (Linux; Android 4.4.2; LG-D802 Build/KOT49I.D80220b) AppleWebKit/537.36 (KHTML, like Gecko) Version/4.0 Chrome/30.0.0.0 Mobile Safari/537.36"
82.149.16.48 - - [26/Jun/2014:05:35:43 +0200] "GET /image/cache/data/BS-10-108-cr-214x293.png HTTP/1.1" 200 93325 "http://sfashion.si/hlace?limit=30" "Mozilla/5.0 (Linux; Android 4.4.2; LG-D802 Build/KOT49I.D80220b) AppleWebKit/537.36 (KHTML, like Gecko) Version/4.0 Chrome/30.0.0.0 Mobile Safari/537.36"
82.149.16.48 - - [26/Jun/2014:05:35:43 +0200] "GET /image/cache/data/BS-30-130-cr-214x293.png HTTP/1.1" 200 84660 "http://sfashion.si/hlace?limit=30" "Mozilla/5.0 (Linux; Android 4.4.2; LG-D802 Build/KOT49I.D80220b) AppleWebKit/537.36 (KHTML, like Gecko) Version/4.0 Chrome/30.0.0.0 Mobile Safari/537.36"
82.149.16.48 - - [26/Jun/2014:05:35:43 +0200] "GET /image/cache/data/BS-30-132-cr-214x293.png HTTP/1.1" 200 107613 "http://sfashion.si/hlace?limit=30" "Mozilla/5.0 (Linux; Android 4.4.2; LG-D802 Build/KOT49I.D80220b) AppleWebKit/537.36 (KHTML, like Gecko) Version/4.0 Chrome/30.0.0.0 Mobile Safari/537.36"
82.149.16.48 - - [26/Jun/2014:05:35:44 +0200] "GET /image/cache/data/BS-30-133-cr-214x293.png HTTP/1.1" 200 111490 "http://sfashion.si/hlace?limit=30" "Mozilla/5.0 (Linux; Android 4.4.2; LG-D802 Build/KOT49I.D80220b) AppleWebKit/537.36 (KHTML, like Gecko) Version/4.0 Chrome/30.0.0.0 Mobile Safari/537.36"
82.149.16.48 - - [26/Jun/2014:05:35:44 +0200] "GET /image/cache/data/BS-30-134-cr-214x293.png HTTP/1.1" 200 119063 "http://sfashion.si/hlace?limit=30" "Mozilla/5.0 (Linux; Android 4.4.2; LG-D802 Build/KOT49I.D80220b) AppleWebKit/537.36 (KHTML, like Gecko) Version/4.0 Chrome/30.0.0.0 Mobile Safari/537.36"
82.149.16.48 - - [26/Jun/2014:05:35:44 +0200] "GET /image/cache/data/BS-30-136-cr-214x293.png HTTP/1.1" 200 97690 "http://sfashion.si/hlace?limit=30" "Mozilla/5.0 (Linux; Android 4.4.2; LG-D802 Build/KOT49I.D80220b) AppleWebKit/537.36 (KHTML, like Gecko) Version/4.0 Chrome/30.0.0.0 Mobile Safari/537.36"
82.149.16.48 - - [26/Jun/2014:05:35:44 +0200] "GET /image/cache/data/P30NV-cr-214x293.png HTTP/1.1" 200 90292 "http://sfashion.si/hlace?limit=30" "Mozilla/5.0 (Linux; Android 4.4.2; LG-D802 Build/KOT49I.D80220b) AppleWebKit/537.36 (KHTML, like Gecko) Version/4.0 Chrome/30.0.0.0 Mobile Safari/537.36"
82.149.16.48 - - [26/Jun/2014:05:35:44 +0200] "GET /image/cache/data/P30RE-cr-214x293.png HTTP/1.1" 200 95206 "http://sfashion.si/hlace?limit=30" "Mozilla/5.0 (Linux; Android 4.4.2; LG-D802 Build/KOT49I.D80220b) AppleWebKit/537.36 (KHTML, like Gecko) Version/4.0 Chrome/30.0.0.0 Mobile Safari/537.36"
82.149.16.48 - - [26/Jun/2014:05:35:44 +0200] "GET /image/cache/data/linographBLU-cr-214x293.png HTTP/1.1" 200 113712 "http://sfashion.si/hlace?limit=30" "Mozilla/5.0 (Linux; Android 4.4.2; LG-D802 Build/KOT49I.D80220b) AppleWebKit/537.36 (KHTML, like Gecko) Version/4.0 Chrome/30.0.0.0 Mobile Safari/537.36"
82.149.16.48 - - [26/Jun/2014:05:35:44 +0200] "GET /image/cache/data/linographGR%20copy-cr-214x293.png HTTP/1.1" 200 111925 "http://sfashion.si/hlace?limit=30" "Mozilla/5.0 (Linux; Android 4.4.2; LG-D802 Build/KOT49I.D80220b) AppleWebKit/537.36 (KHTML, like Gecko) Version/4.0 Chrome/30.0.0.0 Mobile Safari/537.36"
82.149.16.48 - - [26/Jun/2014:05:35:44 +0200] "GET /image/cache/data/linographOR-cr-214x293.png HTTP/1.1" 200 105275 "http://sfashion.si/hlace?limit=30" "Mozilla/5.0 (Linux; Android 4.4.2; LG-D802 Build/KOT49I.D80220b) AppleWebKit/537.36 (KHTML, like Gecko) Version/4.0 Chrome/30.0.0.0 Mobile Safari/537.36"
82.149.16.48 - - [26/Jun/2014:05:35:44 +0200] "GET /image/cache/data/linographRE-cr-214x293.png HTTP/1.1" 200 109642 "http://sfashion.si/hlace?limit=30" "Mozilla/5.0 (Linux; Android 4.4.2; LG-D802 Build/KOT49I.D80220b) AppleWebKit/537.36 (KHTML, like Gecko) Version/4.0 Chrome/30.0.0.0 Mobile Safari/537.36"
82.149.16.48 - - [26/Jun/2014:05:35:44 +0200] "GET /image/cache/data/topbananaBLU-cr-214x293.png HTTP/1.1" 200 103249 "http://sfashion.si/hlace?limit=30" "Mozilla/5.0 (Linux; Android 4.4.2; LG-D802 Build/KOT49I.D80220b) AppleWebKit/537.36 (KHTML, like Gecko) Version/4.0 Chrome/30.0.0.0 Mobile Safari/537.36"
82.149.16.48 - - [26/Jun/2014:05:35:45 +0200] "GET /catalog/view/theme/sfashion/image/paypp.png HTTP/1.1" 200 3548 "http://sfashion.si/hlace?limit=30" "Mozilla/5.0 (Linux; Android 4.4.2; LG-D802 Build/KOT49I.D80220b) AppleWebKit/537.36 (KHTML, like Gecko) Version/4.0 Chrome/30.0.0.0 Mobile Safari/537.36"
82.149.16.48 - - [26/Jun/2014:05:35:45 +0200] "GET /catalog/view/theme/sfashion/image/visakk.png HTTP/1.1" 200 2310 "http://sfashion.si/hlace?limit=30" "Mozilla/5.0 (Linux; Android 4.4.2; LG-D802 Build/KOT49I.D80220b) AppleWebKit/537.36 (KHTML, like Gecko) Version/4.0 Chrome/30.0.0.0 Mobile Safari/537.36"
82.149.16.48 - - [26/Jun/2014:05:35:44 +0200] "GET /image/cache/data/topbananaYE-cr-214x293.png HTTP/1.1" 200 100446 "http://sfashion.si/hlace?limit=30" "Mozilla/5.0 (Linux; Android 4.4.2; LG-D802 Build/KOT49I.D80220b) AppleWebKit/537.36 (KHTML, like Gecko) Version/4.0 Chrome/30.0.0.0 Mobile Safari/537.36"
82.149.16.48 - - [26/Jun/2014:05:35:45 +0200] "GET /image/data/Logo.png HTTP/1.1" 200 735 "-" "Mozilla/5.0 (Linux; Android 4.4.2; LG-D802 Build/KOT49I.D80220b) AppleWebKit/537.36 (KHTML, like Gecko) Version/4.0 Chrome/30.0.0.0 Mobile Safari/537.36"
66.249.92.76 - - [26/Jun/2014:05:36:11 +0200] "GET /hlace/kratke-hlace/moske-kratke-hlace-p27-black HTTP/1.1" 200 9434 "-" "AdsBot-Google (+http://www.google.com/adsbot.html)"
66.249.92.63 - - [26/Jun/2014:05:36:15 +0200] "GET /hlace/moske-spodnje-hlace-big-banana-2pack?limit=30 HTTP/1.1" 200 9498 "-" "AdsBot-Google (+http://www.google.com/adsbot.html)"
157.55.39.19 - - [26/Jun/2014:05:36:22 +0200] "GET /moski-pulover-miguel-brown HTTP/1.1" 200 9573 "-" "Mozilla/5.0 (compatible; bingbot/2.0; +http://www.bing.com/bingbot.htm)"
66.249.92.63 - - [26/Jun/2014:05:37:00 +0200] "GET /moska-polo-kratka-majica-s57-black HTTP/1.1" 200 9471 "-" "AdsBot-Google (+http://www.google.com/adsbot.html)"
66.249.92.63 - - [26/Jun/2014:05:37:35 +0200] "GET /srajce/srajce-dolg-rokav?page=2&filter=OPTION=XL=1=Velikost HTTP/1.1" 200 7423 "-" "AdsBot-Google (+http://www.google.com/adsbot.html)"
207.241.237.236 - - [26/Jun/2014:05:37:46 +0200] "GET /image/cache/data/topbananaGR-cr-97x97.png HTTP/1.0" 200 23331 "http://sfashion.si/moske-spodnje-hlace-top-banana-blue" "Mozilla/5.0 (compatible; special_archiver/3.1.1 +http://www.archive.org/details/archive.org_bot)"
207.241.237.236 - - [26/Jun/2014:05:38:22 +0200] "GET /image/cache/data/8184BL-cr-214x260.png HTTP/1.0" 200 48187 "http://sfashion.si/moske-spodnje-hlace-top-banana-blue" "Mozilla/5.0 (compatible; special_archiver/3.1.1 +http://www.archive.org/details/archive.org_bot)"
174.129.237.157 - - [26/Jun/2014:05:39:19 +0200] "GET /robots.txt HTTP/1.0" 404 26041 "-" "ia_archiver (+http://www.alexa.com/site/help/webmasters; crawler@alexa.com)"
174.129.237.157 - - [26/Jun/2014:05:39:20 +0200] "GET /moska-kratka-majica-s239-white HTTP/1.0" 200 38517 "-" "ia_archiver (+http://www.alexa.com/site/help/webmasters; crawler@alexa.com)"
66.249.92.76 - - [26/Jun/2014:05:39:27 +0200] "GET /novo?page=4&filter=OPTION=XXL=1=Velikost HTTP/1.1" 200 7666 "-" "AdsBot-Google (+http://www.google.com/adsbot.html)"
174.129.237.157 - - [26/Jun/2014:05:39:27 +0200] "GET /moski-pulover-b96-yellow HTTP/1.0" 200 35779 "-" "ia_archiver (+http://www.alexa.com/site/help/webmasters; crawler@alexa.com)"
69.171.237.113 - - [26/Jun/2014:05:39:29 +0200] "GET /image/cache/data/smithGR2-cr-350x481.png HTTP/1.1" 206 392874 "-" "facebookexternalhit/1.1 (+http://www.facebook.com/externalhit_uatext.php)"
174.129.237.157 - - [26/Jun/2014:05:39:30 +0200] "GET /moski-pulover-denis-sky-blue HTTP/1.0" 200 38633 "-" "ia_archiver (+http://www.alexa.com/site/help/webmasters; crawler@alexa.com)"
174.129.237.157 - - [26/Jun/2014:05:39:36 +0200] "GET /srajca-z-dolgimi-rokavi-carisma-black-8081bl HTTP/1.0" 200 39841 "-" "ia_archiver (+http://www.alexa.com/site/help/webmasters; crawler@alexa.com)"
174.129.237.157 - - [26/Jun/2014:05:39:41 +0200] "GET /srajca-z-dolgimi-rokavi-carisma-black-h110bl HTTP/1.0" 200 40526 "-" "ia_archiver (+http://www.alexa.com/site/help/webmasters; crawler@alexa.com)"
207.46.13.47 - - [26/Jun/2014:05:41:25 +0200] "GET /moski-pulover-paolo-blue?page=2 HTTP/1.1" 200 18489 "-" "Mozilla/5.0 (compatible; bingbot/2.0; +http://www.bing.com/bingbot.htm)"
66.249.92.50 - - [26/Jun/2014:05:42:28 +0200] "GET /novo/moski-pulover-b110-blue?limit=120 HTTP/1.1" 200 6198 "-" "AdsBot-Google (+http://www.google.com/adsbot.html)"
66.249.92.63 - - [26/Jun/2014:05:42:59 +0200] "GET /top?limit=30&page=1 HTTP/1.1" 200 8917 "-" "AdsBot-Google (+http://www.google.com/adsbot.html)"
157.55.39.19 - - [26/Jun/2014:05:43:01 +0200] "GET /moska-polo-majica-s264-blue HTTP/1.1" 200 9507 "-" "Mozilla/5.0 (compatible; bingbot/2.0; +http://www.bing.com/bingbot.htm)"
157.55.39.71 - - [26/Jun/2014:05:43:41 +0200] "GET /srajce/moska-srajca-carisma-premium-k78-black?limit=120 HTTP/1.1" 200 9643 "-" "Mozilla/5.0 (compatible; bingbot/2.0; +http://www.bing.com/bingbot.htm)"
66.249.92.50 - - [26/Jun/2014:05:43:51 +0200] "GET /srajca-s-kratkimi-rokavi-smith-and-jones-castortroi-navy?page=2 HTTP/1.1" 200 18591 "-" "AdsBot-Google (+http://www.google.com/adsbot.html)"
66.249.92.76 - - [26/Jun/2014:05:44:44 +0200] "GET /majice/polo-majice/polo-majica-s-kratkimi-rokavi-crosshatch-latto-green HTTP/1.1" 200 9494 "-" "AdsBot-Google (+http://www.google.com/adsbot.html)"
199.30.20.10 - - [26/Jun/2014:05:44:48 +0200] "GET /robots.txt HTTP/1.1" 404 5568 "-" "msnbot-media/1.1 (+http://search.msn.com/msnbot.htm)"
199.30.20.10 - - [26/Jun/2014:05:44:49 +0200] "GET /image/cache/data/b61BLU-cr-97x97.png HTTP/1.1" 200 21982 "-" "msnbot-media/1.1 (+http://search.msn.com/msnbot.htm)"
157.55.39.18 - - [26/Jun/2014:05:44:50 +0200] "GET /jope-puloverji?order=ASC&page=4 HTTP/1.1" 200 7570 "-" "Mozilla/5.0 (compatible; bingbot/2.0; +http://www.bing.com/bingbot.htm)"
157.55.39.18 - - [26/Jun/2014:05:44:52 +0200] "GET /jope-puloverji/moski-puloverji/moski-pulover-paolo-purple?sort=p.model&order=DESC HTTP/1.1" 200 9512 "-" "Mozilla/5.0 (compatible; bingbot/2.0; +http://www.bing.com/bingbot.htm)"
66.249.64.35 - - [26/Jun/2014:05:45:10 +0200] "GET /jope-puloverji/moski-pulover-manuel-blue?limit=12 HTTP/1.1" 200 9512 "-" "Mozilla/5.0 (compatible; Googlebot/2.1; +http://www.google.com/bot.html)"
66.249.92.50 - - [26/Jun/2014:05:45:35 +0200] "GET /novo?sort=p.price&order=ASC&filter=STOCKNEW=a=b=c HTTP/1.1" 200 7361 "-" "AdsBot-Google (+http://www.google.com/adsbot.html)"
66.249.92.50 - - [26/Jun/2014:05:46:14 +0200] "GET /top?sort=rating&order=DESC HTTP/1.1" 200 7693 "-" "AdsBot-Google (+http://www.google.com/adsbot.html)"
199.30.20.3 - - [26/Jun/2014:05:46:14 +0200] "GET /image/data/k78BL5.png HTTP/1.1" 200 233102 "-" "msnbot-media/1.1 (+http://search.msn.com/msnbot.htm)"
66.249.92.50 - - [26/Jun/2014:05:46:46 +0200] "GET /novo/srajca-s-kratkimi-rokavi-carisma-white-9025wh?sort=p.date_added&order=DESC HTTP/1.1" 200 9320 "-" "AdsBot-Google (+http://www.google.com/adsbot.html)"
199.30.20.10 - - [26/Jun/2014:05:46:51 +0200] "GET /image/cache/data/k36BL-cr-200x275.png HTTP/1.1" 200 62542 "-" "msnbot-media/1.1 (+http://search.msn.com/msnbot.htm)"
207.46.13.22 - - [26/Jun/2014:05:46:58 +0200] "GET /jope-puloverji/moski-pulover-paolo-white HTTP/1.1" 200 9491 "-" "Mozilla/5.0 (compatible; bingbot/2.0; +http://www.bing.com/bingbot.htm)"
207.46.13.22 - - [26/Jun/2014:05:47:30 +0200] "GET /jope-puloverji/moski-pulover-b53-black?limit=18 HTTP/1.1" 200 9497 "-" "Mozilla/5.0 (compatible; bingbot/2.0; +http://www.bing.com/bingbot.htm)"
66.249.92.50 - - [26/Jun/2014:05:47:32 +0200] "GET /moski-pulover-benito-black?page=5 HTTP/1.1" 200 17945 "-" "AdsBot-Google (+http://www.google.com/adsbot.html)"
66.249.64.30 - - [26/Jun/2014:05:47:59 +0200] "GET /majice/moska-polo-kratka-majica-s81-pink?limit=30 HTTP/1.1" 200 6364 "-" "Mozilla/5.0 (compatible; Googlebot/2.1; +http://www.google.com/bot.html)"
199.30.20.10 - - [26/Jun/2014:05:49:40 +0200] "GET /image/cache/data/BS-30-132-cr-214x260.png HTTP/1.1" 200 104492 "-" "msnbot-media/1.1 (+http://search.msn.com/msnbot.htm)"
66.249.64.35 - - [26/Jun/2014:05:50:06 +0200] "GET /majice/kratek-rokav?sort=pd.name&order=ASC HTTP/1.1" 200 7514 "-" "Mozilla/5.0 (iPhone; CPU iPhone OS 6_0 like Mac OS X) AppleWebKit/536.26 (KHTML, like Gecko) Version/6.0 Mobile/10A5376e Safari/8536.25 (compatible; Googlebot/2.1; +http://www.google.com/bot.html)"
66.249.64.30 - - [26/Jun/2014:05:50:30 +0200] "GET /majice/moska-polo-kratka-majica-s57-black?limit=9 HTTP/1.1" 200 9375 "-" "Mozilla/5.0 (compatible; Googlebot/2.1; +http://www.google.com/bot.html)"
157.55.39.71 - - [26/Jun/2014:05:50:33 +0200] "GET /srajce/srajce-dolg-rokav/srajca-z-dolgimi-rokavi-carisma-white-8173wh HTTP/1.1" 200 9734 "-" "Mozilla/5.0 (compatible; bingbot/2.0; +http://www.bing.com/bingbot.htm)"
157.55.39.18 - - [26/Jun/2014:05:50:38 +0200] "GET /moski-elegantni-plasc-scott-black?limit=75 HTTP/1.1" 200 6329 "-" "Mozilla/5.0 (compatible; bingbot/2.0; +http://www.bing.com/bingbot.htm)"
93.103.120.181 - - [26/Jun/2014:05:50:59 +0200] "GET /hlace?limit=30 HTTP/1.1" 200 8452 "http://m.facebook.com/l.php?u=http%3A%2F%2Fsfashion.si%2Fhlace%3Flimit%3D30&h=AAQGNXs_s&s=1&enc=AZNmcUe_2247zslAU8HFhcEi_HmQuqwuf6eg4qKjcB_Ad3IypexdahlkneOQvdnJcABRT9ZT3f2hUTV1vmWHqskA" "Mozilla/5.0 (Linux; U; Android 4.1.2; sl-si; B15 Build/JZO54K) AppleWebKit/534.30 (KHTML, like Gecko) Version/4.0 Mobile Safari/534.30"
93.103.120.181 - - [26/Jun/2014:05:51:03 +0200] "GET /catalog/view/javascript/jquery/supermenu/templates/gray/supermenu.css HTTP/1.1" 200 4147 "http://sfashion.si/hlace?limit=30" "Mozilla/5.0 (Linux; U; Android 4.1.2; sl-si; B15 Build/JZO54K) AppleWebKit/534.30 (KHTML, like Gecko) Version/4.0 Mobile Safari/534.30"
93.103.120.181 - - [26/Jun/2014:05:51:04 +0200] "GET /catalog/view/theme/sfashion/stylesheet/carousel.css HTTP/1.1" 200 6297 "http://sfashion.si/hlace?limit=30" "Mozilla/5.0 (Linux; U; Android 4.1.2; sl-si; B15 Build/JZO54K) AppleWebKit/534.30 (KHTML, like Gecko) Version/4.0 Mobile Safari/534.30"
93.103.120.181 - - [26/Jun/2014:05:51:04 +0200] "GET /catalog/view/javascript/common.js HTTP/1.1" 200 1769 "http://sfashion.si/hlace?limit=30" "Mozilla/5.0 (Linux; U; Android 4.1.2; sl-si; B15 Build/JZO54K) AppleWebKit/534.30 (KHTML, like Gecko) Version/4.0 Mobile Safari/534.30"
93.103.120.181 - - [26/Jun/2014:05:51:05 +0200] "GET /catalog/view/javascript/jquery/jquery.total-storage.min.js HTTP/1.1" 200 1099 "http://sfashion.si/hlace?limit=30" "Mozilla/5.0 (Linux; U; Android 4.1.2; sl-si; B15 Build/JZO54K) AppleWebKit/534.30 (KHTML, like Gecko) Version/4.0 Mobile Safari/534.30"
93.103.120.181 - - [26/Jun/2014:05:51:03 +0200] "GET /catalog/view/theme/sfashion/stylesheet/stylesheet.css HTTP/1.1" 200 23679 "http://sfashion.si/hlace?limit=30" "Mozilla/5.0 (Linux; U; Android 4.1.2; sl-si; B15 Build/JZO54K) AppleWebKit/534.30 (KHTML, like Gecko) Version/4.0 Mobile Safari/534.30"
93.103.120.181 - - [26/Jun/2014:05:51:06 +0200] "GET /catalog/view/javascript/jquery/supermenu/supermenu_base.js HTTP/1.1" 200 10178 "http://sfashion.si/hlace?limit=30" "Mozilla/5.0 (Linux; U; Android 4.1.2; sl-si; B15 Build/JZO54K) AppleWebKit/534.30 (KHTML, like Gecko) Version/4.0 Mobile Safari/534.30"
93.103.120.181 - - [26/Jun/2014:05:51:04 +0200] "GET /catalog/view/javascript/jquery/ui/themes/ui-lightness/jquery-ui-1.8.16.custom.css HTTP/1.1" 200 14323 "http://sfashion.si/hlace?limit=30" "Mozilla/5.0 (Linux; U; Android 4.1.2; sl-si; B15 Build/JZO54K) AppleWebKit/534.30 (KHTML, like Gecko) Version/4.0 Mobile Safari/534.30"
93.103.120.181 - - [26/Jun/2014:05:51:06 +0200] "GET /catalog/view/javascript/jquery/jquery.jcarousel.min.js HTTP/1.1" 200 4575 "http://sfashion.si/hlace?limit=30" "Mozilla/5.0 (Linux; U; Android 4.1.2; sl-si; B15 Build/JZO54K) AppleWebKit/534.30 (KHTML, like Gecko) Version/4.0 Mobile Safari/534.30"
93.103.120.181 - - [26/Jun/2014:05:51:10 +0200] "GET /catalog/view/theme/sfashion/image/logo.png HTTP/1.1" 200 7926 "http://sfashion.si/hlace?limit=30" "Mozilla/5.0 (Linux; U; Android 4.1.2; sl-si; B15 Build/JZO54K) AppleWebKit/534.30 (KHTML, like Gecko) Version/4.0 Mobile Safari/534.30"
93.103.120.181 - - [26/Jun/2014:05:51:10 +0200] "GET /catalog/view/theme/sfashion/image/menbg.jpg HTTP/1.1" 200 725 "http://sfashion.si/hlace?limit=30" "Mozilla/5.0 (Linux; U; Android 4.1.2; sl-si; B15 Build/JZO54K) AppleWebKit/534.30 (KHTML, like Gecko) Version/4.0 Mobile Safari/534.30"
93.103.120.181 - - [26/Jun/2014:05:51:10 +0200] "GET /catalog/view/theme/sfashion/image/novo.png HTTP/1.1" 200 1838 "http://sfashion.si/hlace?limit=30" "Mozilla/5.0 (Linux; U; Android 4.1.2; sl-si; B15 Build/JZO54K) AppleWebKit/534.30 (KHTML, like Gecko) Version/4.0 Mobile Safari/534.30"
93.103.120.181 - - [26/Jun/2014:05:51:10 +0200] "GET /catalog/view/theme/sfashion/image/mensep.png HTTP/1.1" 200 568 "http://sfashion.si/hlace?limit=30" "Mozilla/5.0 (Linux; U; Android 4.1.2; sl-si; B15 Build/JZO54K) AppleWebKit/534.30 (KHTML, like Gecko) Version/4.0 Mobile Safari/534.30"
93.103.120.181 - - [26/Jun/2014:05:51:10 +0200] "GET /catalog/view/theme/sfashion/image/cart.png HTTP/1.1" 200 945 "http://sfashion.si/hlace?limit=30" "Mozilla/5.0 (Linux; U; Android 4.1.2; sl-si; B15 Build/JZO54K) AppleWebKit/534.30 (KHTML, like Gecko) Version/4.0 Mobile Safari/534.30"
93.103.120.181 - - [26/Jun/2014:05:51:10 +0200] "GET /catalog/view/theme/sfashion/image/boxtbg.jpg HTTP/1.1" 200 708 "http://sfashion.si/hlace?limit=30" "Mozilla/5.0 (Linux; U; Android 4.1.2; sl-si; B15 Build/JZO54K) AppleWebKit/534.30 (KHTML, like Gecko) Version/4.0 Mobile Safari/534.30"
93.103.120.181 - - [26/Jun/2014:05:51:10 +0200] "GET /catalog/view/javascript/jquery/supermenu/templates/gray/images/chk_filter.gif HTTP/1.1" 200 560 "http://sfashion.si/hlace?limit=30" "Mozilla/5.0 (Linux; U; Android 4.1.2; sl-si; B15 Build/JZO54K) AppleWebKit/534.30 (KHTML, like Gecko) Version/4.0 Mobile Safari/534.30"
93.103.120.181 - - [26/Jun/2014:05:51:11 +0200] "GET /catalog/view/theme/sfashion/image/menbgh.jpg HTTP/1.1" 200 706 "http://sfashion.si/hlace?limit=30" "Mozilla/5.0 (Linux; U; Android 4.1.2; sl-si; B15 Build/JZO54K) AppleWebKit/534.30 (KHTML, like Gecko) Version/4.0 Mobile Safari/534.30"
93.103.120.181 - - [26/Jun/2014:05:51:11 +0200] "GET /image/cache/data/9023WH-cr-214x293.png HTTP/1.1" 200 50155 "http://sfashion.si/hlace?limit=30" "Mozilla/5.0 (Linux; U; Android 4.1.2; sl-si; B15 Build/JZO54K) AppleWebKit/534.30 (KHTML, like Gecko) Version/4.0 Mobile Safari/534.30"
93.103.120.181 - - [26/Jun/2014:05:51:11 +0200] "GET /image/cache/data/lattoNV-cr-214x293.png HTTP/1.1" 200 71846 "http://sfashion.si/hlace?limit=30" "Mozilla/5.0 (Linux; U; Android 4.1.2; sl-si; B15 Build/JZO54K) AppleWebKit/534.30 (KHTML, like Gecko) Version/4.0 Mobile Safari/534.30"
93.103.120.181 - - [26/Jun/2014:05:51:11 +0200] "GET /image/cache/data/9053BLU-cr-214x293.png HTTP/1.1" 200 101064 "http://sfashion.si/hlace?limit=30" "Mozilla/5.0 (Linux; U; Android 4.1.2; sl-si; B15 Build/JZO54K) AppleWebKit/534.30 (KHTML, like Gecko) Version/4.0 Mobile Safari/534.30"
93.103.120.181 - - [26/Jun/2014:05:51:11 +0200] "GET /image/cache/data/wilmslowXBLU3-cr-214x293.png HTTP/1.1" 200 114801 "http://sfashion.si/hlace?limit=30" "Mozilla/5.0 (Linux; U; Android 4.1.2; sl-si; B15 Build/JZO54K) AppleWebKit/534.30 (KHTML, like Gecko) Version/4.0 Mobile Safari/534.30"
93.103.120.181 - - [26/Jun/2014:05:51:11 +0200] "GET /image/cache/data/S264BLU-cr-214x293.png HTTP/1.1" 200 111306 "http://sfashion.si/hlace?limit=30" "Mozilla/5.0 (Linux; U; Android 4.1.2; sl-si; B15 Build/JZO54K) AppleWebKit/534.30 (KHTML, like Gecko) Version/4.0 Mobile Safari/534.30"
93.103.120.181 - - [26/Jun/2014:05:51:11 +0200] "GET /image/cache/data/rockfordNV-cr-214x293.png HTTP/1.1" 200 81258 "http://sfashion.si/hlace?limit=30" "Mozilla/5.0 (Linux; U; Android 4.1.2; sl-si; B15 Build/JZO54K) AppleWebKit/534.30 (KHTML, like Gecko) Version/4.0 Mobile Safari/534.30"
93.103.120.181 - - [26/Jun/2014:05:51:12 +0200] "GET /image/cache/data/bigbananaPACK%20copy-cr-214x293.png HTTP/1.1" 200 103131 "http://sfashion.si/hlace?limit=30" "Mozilla/5.0 (Linux; U; Android 4.1.2; sl-si; B15 Build/JZO54K) AppleWebKit/534.30 (KHTML, like Gecko) Version/4.0 Mobile Safari/534.30"
93.103.120.181 - - [26/Jun/2014:05:51:12 +0200] "GET /image/cache/data/linographYE-cr-214x293.png HTTP/1.1" 200 114939 "http://sfashion.si/hlace?limit=30" "Mozilla/5.0 (Linux; U; Android 4.1.2; sl-si; B15 Build/JZO54K) AppleWebKit/534.30 (KHTML, like Gecko) Version/4.0 Mobile Safari/534.30"
93.103.120.181 - - [26/Jun/2014:05:51:13 +0200] "GET /image/cache/data/P27BL-cr-214x293.png HTTP/1.1" 200 81526 "http://sfashion.si/hlace?limit=30" "Mozilla/5.0 (Linux; U; Android 4.1.2; sl-si; B15 Build/JZO54K) AppleWebKit/534.30 (KHTML, like Gecko) Version/4.0 Mobile Safari/534.30"
93.103.120.181 - - [26/Jun/2014:05:51:13 +0200] "GET /image/cache/data/P30BLU-cr-214x293.png HTTP/1.1" 200 98939 "http://sfashion.si/hlace?limit=30" "Mozilla/5.0 (Linux; U; Android 4.1.2; sl-si; B15 Build/JZO54K) AppleWebKit/534.30 (KHTML, like Gecko) Version/4.0 Mobile Safari/534.30"
93.103.120.181 - - [26/Jun/2014:05:51:13 +0200] "GET /image/cache/data/topbananaGR-cr-214x293.png HTTP/1.1" 200 104023 "http://sfashion.si/hlace?limit=30" "Mozilla/5.0 (Linux; U; Android 4.1.2; sl-si; B15 Build/JZO54K) AppleWebKit/534.30 (KHTML, like Gecko) Version/4.0 Mobile Safari/534.30"
93.103.120.181 - - [26/Jun/2014:05:51:13 +0200] "GET /image/cache/data/P23NV-cr-214x293.png HTTP/1.1" 200 113191 "http://sfashion.si/hlace?limit=30" "Mozilla/5.0 (Linux; U; Android 4.1.2; sl-si; B15 Build/JZO54K) AppleWebKit/534.30 (KHTML, like Gecko) Version/4.0 Mobile Safari/534.30"
93.103.120.181 - - [26/Jun/2014:05:51:14 +0200] "GET /image/cache/data/P30GR-cr-214x293.png HTTP/1.1" 200 97984 "http://sfashion.si/hlace?limit=30" "Mozilla/5.0 (Linux; U; Android 4.1.2; sl-si; B15 Build/JZO54K) AppleWebKit/534.30 (KHTML, like Gecko) Version/4.0 Mobile Safari/534.30"
93.103.120.181 - - [26/Jun/2014:05:51:15 +0200] "GET /image/cache/data/P14OR-cr-214x293.png HTTP/1.1" 200 71395 "http://sfashion.si/hlace?limit=30" "Mozilla/5.0 (Linux; U; Android 4.1.2; sl-si; B15 Build/JZO54K) AppleWebKit/534.30 (KHTML, like Gecko) Version/4.0 Mobile Safari/534.30"
93.103.120.181 - - [26/Jun/2014:05:51:15 +0200] "GET /image/cache/data/BS-10-102-cr-214x293.png HTTP/1.1" 200 91708 "http://sfashion.si/hlace?limit=30" "Mozilla/5.0 (Linux; U; Android 4.1.2; sl-si; B15 Build/JZO54K) AppleWebKit/534.30 (KHTML, like Gecko) Version/4.0 Mobile Safari/534.30"
93.103.120.181 - - [26/Jun/2014:05:51:15 +0200] "GET /image/cache/data/BS-10-108-cr-214x293.png HTTP/1.1" 200 93325 "http://sfashion.si/hlace?limit=30" "Mozilla/5.0 (Linux; U; Android 4.1.2; sl-si; B15 Build/JZO54K) AppleWebKit/534.30 (KHTML, like Gecko) Version/4.0 Mobile Safari/534.30"
93.103.120.181 - - [26/Jun/2014:05:51:15 +0200] "GET /image/cache/data/BS-30-130-cr-214x293.png HTTP/1.1" 200 84660 "http://sfashion.si/hlace?limit=30" "Mozilla/5.0 (Linux; U; Android 4.1.2; sl-si; B15 Build/JZO54K) AppleWebKit/534.30 (KHTML, like Gecko) Version/4.0 Mobile Safari/534.30"
93.103.120.181 - - [26/Jun/2014:05:51:15 +0200] "GET /image/cache/data/BS-30-132-cr-214x293.png HTTP/1.1" 200 107613 "http://sfashion.si/hlace?limit=30" "Mozilla/5.0 (Linux; U; Android 4.1.2; sl-si; B15 Build/JZO54K) AppleWebKit/534.30 (KHTML, like Gecko) Version/4.0 Mobile Safari/534.30"
93.103.120.181 - - [26/Jun/2014:05:51:16 +0200] "GET /image/cache/data/P30NV-cr-214x293.png HTTP/1.1" 200 90292 "http://sfashion.si/hlace?limit=30" "Mozilla/5.0 (Linux; U; Android 4.1.2; sl-si; B15 Build/JZO54K) AppleWebKit/534.30 (KHTML, like Gecko) Version/4.0 Mobile Safari/534.30"
93.103.120.181 - - [26/Jun/2014:05:51:15 +0200] "GET /image/cache/data/BS-30-133-cr-214x293.png HTTP/1.1" 200 111490 "http://sfashion.si/hlace?limit=30" "Mozilla/5.0 (Linux; U; Android 4.1.2; sl-si; B15 Build/JZO54K) AppleWebKit/534.30 (KHTML, like Gecko) Version/4.0 Mobile Safari/534.30"
93.103.120.181 - - [26/Jun/2014:05:51:15 +0200] "GET /image/cache/data/BS-30-136-cr-214x293.png HTTP/1.1" 200 97690 "http://sfashion.si/hlace?limit=30" "Mozilla/5.0 (Linux; U; Android 4.1.2; sl-si; B15 Build/JZO54K) AppleWebKit/534.30 (KHTML, like Gecko) Version/4.0 Mobile Safari/534.30"
93.103.120.181 - - [26/Jun/2014:05:51:15 +0200] "GET /image/cache/data/BS-30-134-cr-214x293.png HTTP/1.1" 200 119063 "http://sfashion.si/hlace?limit=30" "Mozilla/5.0 (Linux; U; Android 4.1.2; sl-si; B15 Build/JZO54K) AppleWebKit/534.30 (KHTML, like Gecko) Version/4.0 Mobile Safari/534.30"
93.103.120.181 - - [26/Jun/2014:05:51:16 +0200] "GET /image/cache/data/P30RE-cr-214x293.png HTTP/1.1" 200 95206 "http://sfashion.si/hlace?limit=30" "Mozilla/5.0 (Linux; U; Android 4.1.2; sl-si; B15 Build/JZO54K) AppleWebKit/534.30 (KHTML, like Gecko) Version/4.0 Mobile Safari/534.30"
93.103.120.181 - - [26/Jun/2014:05:51:16 +0200] "GET /image/cache/data/linographBLU-cr-214x293.png HTTP/1.1" 200 113712 "http://sfashion.si/hlace?limit=30" "Mozilla/5.0 (Linux; U; Android 4.1.2; sl-si; B15 Build/JZO54K) AppleWebKit/534.30 (KHTML, like Gecko) Version/4.0 Mobile Safari/534.30"
93.103.120.181 - - [26/Jun/2014:05:51:17 +0200] "GET /image/cache/data/linographOR-cr-214x293.png HTTP/1.1" 200 105275 "http://sfashion.si/hlace?limit=30" "Mozilla/5.0 (Linux; U; Android 4.1.2; sl-si; B15 Build/JZO54K) AppleWebKit/534.30 (KHTML, like Gecko) Version/4.0 Mobile Safari/534.30"
93.103.120.181 - - [26/Jun/2014:05:51:17 +0200] "GET /image/cache/data/linographRE-cr-214x293.png HTTP/1.1" 200 109642 "http://sfashion.si/hlace?limit=30" "Mozilla/5.0 (Linux; U; Android 4.1.2; sl-si; B15 Build/JZO54K) AppleWebKit/534.30 (KHTML, like Gecko) Version/4.0 Mobile Safari/534.30"
93.103.120.181 - - [26/Jun/2014:05:51:17 +0200] "GET /image/cache/data/topbananaBLU-cr-214x293.png HTTP/1.1" 200 103249 "http://sfashion.si/hlace?limit=30" "Mozilla/5.0 (Linux; U; Android 4.1.2; sl-si; B15 Build/JZO54K) AppleWebKit/534.30 (KHTML, like Gecko) Version/4.0 Mobile Safari/534.30"
93.103.120.181 - - [26/Jun/2014:05:51:17 +0200] "GET /image/cache/data/topbananaYE-cr-214x293.png HTTP/1.1" 200 100446 "http://sfashion.si/hlace?limit=30" "Mozilla/5.0 (Linux; U; Android 4.1.2; sl-si; B15 Build/JZO54K) AppleWebKit/534.30 (KHTML, like Gecko) Version/4.0 Mobile Safari/534.30"
93.103.120.181 - - [26/Jun/2014:05:51:17 +0200] "GET /image/cache/data/linographGR%20copy-cr-214x293.png HTTP/1.1" 200 111925 "http://sfashion.si/hlace?limit=30" "Mozilla/5.0 (Linux; U; Android 4.1.2; sl-si; B15 Build/JZO54K) AppleWebKit/534.30 (KHTML, like Gecko) Version/4.0 Mobile Safari/534.30"
93.103.120.181 - - [26/Jun/2014:05:51:18 +0200] "GET /catalog/view/theme/sfashion/image/paypp.png HTTP/1.1" 200 3548 "http://sfashion.si/hlace?limit=30" "Mozilla/5.0 (Linux; U; Android 4.1.2; sl-si; B15 Build/JZO54K) AppleWebKit/534.30 (KHTML, like Gecko) Version/4.0 Mobile Safari/534.30"
93.103.120.181 - - [26/Jun/2014:05:51:18 +0200] "GET /catalog/view/theme/sfashion/image/visakk.png HTTP/1.1" 200 2310 "http://sfashion.si/hlace?limit=30" "Mozilla/5.0 (Linux; U; Android 4.1.2; sl-si; B15 Build/JZO54K) AppleWebKit/534.30 (KHTML, like Gecko) Version/4.0 Mobile Safari/534.30"
93.103.120.181 - - [26/Jun/2014:05:51:19 +0200] "GET /image/data/Logo.png HTTP/1.1" 200 735 "http://sfashion.si/hlace?limit=30" "Mozilla/5.0 (Linux; U; Android 4.1.2; sl-si; B15 Build/JZO54K) AppleWebKit/534.30 (KHTML, like Gecko) Version/4.0 Mobile Safari/534.30"
207.46.13.47 - - [26/Jun/2014:05:52:15 +0200] "GET /majice/moska-kratka-majica-s02-black HTTP/1.1" 200 6367 "-" "Mozilla/5.0 (compatible; bingbot/2.0; +http://www.bing.com/bingbot.htm)"
207.46.13.47 - - [26/Jun/2014:05:52:15 +0200] "GET /index.php?route=module/customers_also_viewed/get&product_id=63&page=3 HTTP/1.1" 200 9418 "-" "Mozilla/5.0 (compatible; bingbot/2.0; +http://www.bing.com/bingbot.htm)"
207.46.13.47 - - [26/Jun/2014:05:52:35 +0200] "GET /jope-puloverji/moski-puloverji?order=ASC&page=5 HTTP/1.1" 200 7433 "-" "Mozilla/5.0 (compatible; bingbot/2.0; +http://www.bing.com/bingbot.htm)"
66.249.64.35 - - [26/Jun/2014:05:52:36 +0200] "GET /majice/moska-polo-kratka-majica-s218-red?limit=60 HTTP/1.1" 200 9414 "-" "Mozilla/5.0 (compatible; Googlebot/2.1; +http://www.google.com/bot.html)"
66.249.64.245 - - [26/Jun/2014:05:53:01 +0200] "GET /majice/moska-polo-kratka-majica-s81-pink?limit=60 HTTP/1.1" 200 6364 "-" "Mozilla/5.0 (compatible; Googlebot/2.1; +http://www.google.com/bot.html)"
66.249.64.30 - - [26/Jun/2014:05:53:27 +0200] "GET /novo/moska-polo-kratka-majica-s57-yellow?limit=18 HTTP/1.1" 200 6204 "-" "Mozilla/5.0 (compatible; Googlebot/2.1; +http://www.google.com/bot.html)"
213.250.56.22 - - [26/Jun/2014:05:53:32 +0200] "GET /hlace/kopalke HTTP/1.1" 200 6842 "-" "Mozilla/5.0 (Windows NT 6.1; WOW64) AppleWebKit/537.36 (KHTML, like Gecko) Chrome/35.0.1916.153 Safari/537.36"
213.250.56.22 - - [26/Jun/2014:05:53:32 +0200] "GET /catalog/view/javascript/jquery/supermenu/templates/gray/supermenu.css HTTP/1.1" 200 4147 "http://sfashion.si/hlace/kopalke" "Mozilla/5.0 (Windows NT 6.1; WOW64) AppleWebKit/537.36 (KHTML, like Gecko) Chrome/35.0.1916.153 Safari/537.36"
213.250.56.22 - - [26/Jun/2014:05:53:32 +0200] "GET /catalog/view/theme/sfashion/stylesheet/carousel.css HTTP/1.1" 200 6297 "http://sfashion.si/hlace/kopalke" "Mozilla/5.0 (Windows NT 6.1; WOW64) AppleWebKit/537.36 (KHTML, like Gecko) Chrome/35.0.1916.153 Safari/537.36"
213.250.56.22 - - [26/Jun/2014:05:53:32 +0200] "GET /catalog/view/javascript/common.js HTTP/1.1" 200 1769 "http://sfashion.si/hlace/kopalke" "Mozilla/5.0 (Windows NT 6.1; WOW64) AppleWebKit/537.36 (KHTML, like Gecko) Chrome/35.0.1916.153 Safari/537.36"
213.250.56.22 - - [26/Jun/2014:05:53:32 +0200] "GET /catalog/view/javascript/jquery/jquery.total-storage.min.js HTTP/1.1" 200 1099 "http://sfashion.si/hlace/kopalke" "Mozilla/5.0 (Windows NT 6.1; WOW64) AppleWebKit/537.36 (KHTML, like Gecko) Chrome/35.0.1916.153 Safari/537.36"
213.250.56.22 - - [26/Jun/2014:05:53:32 +0200] "GET /catalog/view/theme/sfashion/stylesheet/stylesheet.css HTTP/1.1" 200 23678 "http://sfashion.si/hlace/kopalke" "Mozilla/5.0 (Windows NT 6.1; WOW64) AppleWebKit/537.36 (KHTML, like Gecko) Chrome/35.0.1916.153 Safari/537.36"
213.250.56.22 - - [26/Jun/2014:05:53:32 +0200] "GET /catalog/view/javascript/jquery/ui/themes/ui-lightness/jquery-ui-1.8.16.custom.css HTTP/1.1" 200 14323 "http://sfashion.si/hlace/kopalke" "Mozilla/5.0 (Windows NT 6.1; WOW64) AppleWebKit/537.36 (KHTML, like Gecko) Chrome/35.0.1916.153 Safari/537.36"
213.250.56.22 - - [26/Jun/2014:05:53:33 +0200] "GET /catalog/view/javascript/jquery/jquery.jcarousel.min.js HTTP/1.1" 200 4575 "http://sfashion.si/hlace/kopalke" "Mozilla/5.0 (Windows NT 6.1; WOW64) AppleWebKit/537.36 (KHTML, like Gecko) Chrome/35.0.1916.153 Safari/537.36"
213.250.56.22 - - [26/Jun/2014:05:53:33 +0200] "GET /catalog/view/theme/sfashion/image/novo.png HTTP/1.1" 200 1837 "http://sfashion.si/hlace/kopalke" "Mozilla/5.0 (Windows NT 6.1; WOW64) AppleWebKit/537.36 (KHTML, like Gecko) Chrome/35.0.1916.153 Safari/537.36"
213.250.56.22 - - [26/Jun/2014:05:53:33 +0200] "GET /catalog/view/theme/sfashion/image/logo.png HTTP/1.1" 200 7925 "http://sfashion.si/hlace/kopalke" "Mozilla/5.0 (Windows NT 6.1; WOW64) AppleWebKit/537.36 (KHTML, like Gecko) Chrome/35.0.1916.153 Safari/537.36"
213.250.56.22 - - [26/Jun/2014:05:53:33 +0200] "GET /catalog/view/theme/sfashion/image/cart.png HTTP/1.1" 200 944 "http://sfashion.si/hlace/kopalke" "Mozilla/5.0 (Windows NT 6.1; WOW64) AppleWebKit/537.36 (KHTML, like Gecko) Chrome/35.0.1916.153 Safari/537.36"
213.250.56.22 - - [26/Jun/2014:05:53:33 +0200] "GET /catalog/view/javascript/jquery/supermenu/supermenu_base.js HTTP/1.1" 200 10178 "http://sfashion.si/hlace/kopalke" "Mozilla/5.0 (Windows NT 6.1; WOW64) AppleWebKit/537.36 (KHTML, like Gecko) Chrome/35.0.1916.153 Safari/537.36"
213.250.56.22 - - [26/Jun/2014:05:53:33 +0200] "GET /image/cache/data/9023WH-cr-214x293.png HTTP/1.1" 200 50155 "http://sfashion.si/hlace/kopalke" "Mozilla/5.0 (Windows NT 6.1; WOW64) AppleWebKit/537.36 (KHTML, like Gecko) Chrome/35.0.1916.153 Safari/537.36"
213.250.56.22 - - [26/Jun/2014:05:53:33 +0200] "GET /image/cache/data/lattoNV-cr-214x293.png HTTP/1.1" 200 71846 "http://sfashion.si/hlace/kopalke" "Mozilla/5.0 (Windows NT 6.1; WOW64) AppleWebKit/537.36 (KHTML, like Gecko) Chrome/35.0.1916.153 Safari/537.36"
213.250.56.22 - - [26/Jun/2014:05:53:33 +0200] "GET /image/cache/data/S264BLU-cr-214x293.png HTTP/1.1" 200 111306 "http://sfashion.si/hlace/kopalke" "Mozilla/5.0 (Windows NT 6.1; WOW64) AppleWebKit/537.36 (KHTML, like Gecko) Chrome/35.0.1916.153 Safari/537.36"
213.250.56.22 - - [26/Jun/2014:05:53:33 +0200] "GET /image/cache/data/9053BLU-cr-214x293.png HTTP/1.1" 200 101064 "http://sfashion.si/hlace/kopalke" "Mozilla/5.0 (Windows NT 6.1; WOW64) AppleWebKit/537.36 (KHTML, like Gecko) Chrome/35.0.1916.153 Safari/537.36"
213.250.56.22 - - [26/Jun/2014:05:53:33 +0200] "GET /image/cache/data/BS-10-102-cr-214x293.png HTTP/1.1" 200 91708 "http://sfashion.si/hlace/kopalke" "Mozilla/5.0 (Windows NT 6.1; WOW64) AppleWebKit/537.36 (KHTML, like Gecko) Chrome/35.0.1916.153 Safari/537.36"
213.250.56.22 - - [26/Jun/2014:05:53:33 +0200] "GET /image/cache/data/BS-10-108-cr-214x293.png HTTP/1.1" 200 93325 "http://sfashion.si/hlace/kopalke" "Mozilla/5.0 (Windows NT 6.1; WOW64) AppleWebKit/537.36 (KHTML, like Gecko) Chrome/35.0.1916.153 Safari/537.36"
213.250.56.22 - - [26/Jun/2014:05:53:33 +0200] "GET /image/cache/data/wilmslowXBLU3-cr-214x293.png HTTP/1.1" 200 114801 "http://sfashion.si/hlace/kopalke" "Mozilla/5.0 (Windows NT 6.1; WOW64) AppleWebKit/537.36 (KHTML, like Gecko) Chrome/35.0.1916.153 Safari/537.36"
213.250.56.22 - - [26/Jun/2014:05:53:33 +0200] "GET /image/cache/data/BS-30-133-cr-214x293.png HTTP/1.1" 200 111490 "http://sfashion.si/hlace/kopalke" "Mozilla/5.0 (Windows NT 6.1; WOW64) AppleWebKit/537.36 (KHTML, like Gecko) Chrome/35.0.1916.153 Safari/537.36"
213.250.56.22 - - [26/Jun/2014:05:53:33 +0200] "GET /catalog/view/theme/sfashion/image/paypp.png HTTP/1.1" 200 3548 "http://sfashion.si/hlace/kopalke" "Mozilla/5.0 (Windows NT 6.1; WOW64) AppleWebKit/537.36 (KHTML, like Gecko) Chrome/35.0.1916.153 Safari/537.36"
213.250.56.22 - - [26/Jun/2014:05:53:33 +0200] "GET /catalog/view/theme/sfashion/image/visakk.png HTTP/1.1" 200 2310 "http://sfashion.si/hlace/kopalke" "Mozilla/5.0 (Windows NT 6.1; WOW64) AppleWebKit/537.36 (KHTML, like Gecko) Chrome/35.0.1916.153 Safari/537.36"
213.250.56.22 - - [26/Jun/2014:05:53:33 +0200] "GET /image/cache/data/BS-30-136-cr-214x293.png HTTP/1.1" 200 97690 "http://sfashion.si/hlace/kopalke" "Mozilla/5.0 (Windows NT 6.1; WOW64) AppleWebKit/537.36 (KHTML, like Gecko) Chrome/35.0.1916.153 Safari/537.36"
66.249.64.245 - - [26/Jun/2014:05:53:34 +0200] "GET /majice/moska-polo-kratka-majica-s57-blue?limit=60 HTTP/1.1" 200 9375 "-" "Mozilla/5.0 (compatible; Googlebot/2.1; +http://www.google.com/bot.html)"
213.250.56.22 - - [26/Jun/2014:05:53:33 +0200] "GET /image/cache/data/BS-30-134-cr-214x293.png HTTP/1.1" 200 119063 "http://sfashion.si/hlace/kopalke" "Mozilla/5.0 (Windows NT 6.1; WOW64) AppleWebKit/537.36 (KHTML, like Gecko) Chrome/35.0.1916.153 Safari/537.36"
213.250.56.22 - - [26/Jun/2014:05:53:34 +0200] "GET /catalog/view/theme/sfashion/image/menbg.jpg HTTP/1.1" 200 724 "http://sfashion.si/hlace/kopalke" "Mozilla/5.0 (Windows NT 6.1; WOW64) AppleWebKit/537.36 (KHTML, like Gecko) Chrome/35.0.1916.153 Safari/537.36"
213.250.56.22 - - [26/Jun/2014:05:53:34 +0200] "GET /catalog/view/theme/sfashion/image/mensep.png HTTP/1.1" 200 567 "http://sfashion.si/hlace/kopalke" "Mozilla/5.0 (Windows NT 6.1; WOW64) AppleWebKit/537.36 (KHTML, like Gecko) Chrome/35.0.1916.153 Safari/537.36"
213.250.56.22 - - [26/Jun/2014:05:53:34 +0200] "GET /catalog/view/theme/sfashion/image/boxtbg.jpg HTTP/1.1" 200 707 "http://sfashion.si/hlace/kopalke" "Mozilla/5.0 (Windows NT 6.1; WOW64) AppleWebKit/537.36 (KHTML, like Gecko) Chrome/35.0.1916.153 Safari/537.36"
213.250.56.22 - - [26/Jun/2014:05:53:34 +0200] "GET /catalog/view/javascript/jquery/supermenu/templates/gray/images/chk_filter.gif HTTP/1.1" 200 560 "http://sfashion.si/hlace/kopalke" "Mozilla/5.0 (Windows NT 6.1; WOW64) AppleWebKit/537.36 (KHTML, like Gecko) Chrome/35.0.1916.153 Safari/537.36"
213.250.56.22 - - [26/Jun/2014:05:53:34 +0200] "GET /catalog/view/theme/sfashion/image/menbgh.jpg HTTP/1.1" 200 706 "http://sfashion.si/hlace/kopalke" "Mozilla/5.0 (Windows NT 6.1; WOW64) AppleWebKit/537.36 (KHTML, like Gecko) Chrome/35.0.1916.153 Safari/537.36"
213.250.56.22 - - [26/Jun/2014:05:53:33 +0200] "GET /image/cache/data/BS-30-132-cr-214x293.png HTTP/1.1" 200 107613 "http://sfashion.si/hlace/kopalke" "Mozilla/5.0 (Windows NT 6.1; WOW64) AppleWebKit/537.36 (KHTML, like Gecko) Chrome/35.0.1916.153 Safari/537.36"
213.250.56.22 - - [26/Jun/2014:05:53:33 +0200] "GET /image/cache/data/BS-30-130-cr-214x293.png HTTP/1.1" 200 84660 "http://sfashion.si/hlace/kopalke" "Mozilla/5.0 (Windows NT 6.1; WOW64) AppleWebKit/537.36 (KHTML, like Gecko) Chrome/35.0.1916.153 Safari/537.36"
213.250.56.22 - - [26/Jun/2014:05:53:36 +0200] "GET /image/data/Logo.png HTTP/1.1" 200 735 "-" "Mozilla/5.0 (Windows NT 6.1; WOW64) AppleWebKit/537.36 (KHTML, like Gecko) Chrome/35.0.1916.153 Safari/537.36"
213.250.56.22 - - [26/Jun/2014:05:54:17 +0200] "GET /hlace/kopalke/moske-kopalke-bs-10-134 HTTP/1.1" 200 9330 "http://sfashion.si/hlace/kopalke" "Mozilla/5.0 (Windows NT 6.1; WOW64) AppleWebKit/537.36 (KHTML, like Gecko) Chrome/35.0.1916.153 Safari/537.36"
213.250.56.22 - - [26/Jun/2014:05:54:17 +0200] "GET /catalog/view/javascript/jquery/colorbox/colorbox.css HTTP/1.1" 200 1315 "http://sfashion.si/hlace/kopalke/moske-kopalke-bs-10-134" "Mozilla/5.0 (Windows NT 6.1; WOW64) AppleWebKit/537.36 (KHTML, like Gecko) Chrome/35.0.1916.153 Safari/537.36"
213.250.56.22 - - [26/Jun/2014:05:54:17 +0200] "GET /catalog/view/javascript/jquery/tabs.js HTTP/1.1" 200 572 "http://sfashion.si/hlace/kopalke/moske-kopalke-bs-10-134" "Mozilla/5.0 (Windows NT 6.1; WOW64) AppleWebKit/537.36 (KHTML, like Gecko) Chrome/35.0.1916.153 Safari/537.36"
213.250.56.22 - - [26/Jun/2014:05:54:17 +0200] "GET /catalog/view/javascript/jquery/ajaxupload.js HTTP/1.1" 200 3141 "http://sfashion.si/hlace/kopalke/moske-kopalke-bs-10-134" "Mozilla/5.0 (Windows NT 6.1; WOW64) AppleWebKit/537.36 (KHTML, like Gecko) Chrome/35.0.1916.153 Safari/537.36"
213.250.56.22 - - [26/Jun/2014:05:54:17 +0200] "GET /catalog/view/javascript/jquery/colorbox/jquery.colorbox-min.js HTTP/1.1" 200 4414 "http://sfashion.si/hlace/kopalke/moske-kopalke-bs-10-134" "Mozilla/5.0 (Windows NT 6.1; WOW64) AppleWebKit/537.36 (KHTML, like Gecko) Chrome/35.0.1916.153 Safari/537.36"
213.250.56.22 - - [26/Jun/2014:05:54:17 +0200] "GET /catalog/view/javascript/jquery/ui/jquery-ui-timepicker-addon.js HTTP/1.1" 200 6198 "http://sfashion.si/hlace/kopalke/moske-kopalke-bs-10-134" "Mozilla/5.0 (Windows NT 6.1; WOW64) AppleWebKit/537.36 (KHTML, like Gecko) Chrome/35.0.1916.153 Safari/537.36"
213.250.56.22 - - [26/Jun/2014:05:54:17 +0200] "GET /catalog/view/theme/sfashion/image/bad.png HTTP/1.1" 200 1117 "http://sfashion.si/hlace/kopalke/moske-kopalke-bs-10-134" "Mozilla/5.0 (Windows NT 6.1; WOW64) AppleWebKit/537.36 (KHTML, like Gecko) Chrome/35.0.1916.153 Safari/537.36"
213.250.56.22 - - [26/Jun/2014:05:54:17 +0200] "GET /catalog/view/theme/sfashion/image/good.png HTTP/1.1" 200 1098 "http://sfashion.si/hlace/kopalke/moske-kopalke-bs-10-134" "Mozilla/5.0 (Windows NT 6.1; WOW64) AppleWebKit/537.36 (KHTML, like Gecko) Chrome/35.0.1916.153 Safari/537.36"
213.250.56.22 - - [26/Jun/2014:05:54:17 +0200] "GET /image/velmaj.jpg HTTP/1.1" 200 12687 "http://sfashion.si/hlace/kopalke/moske-kopalke-bs-10-134" "Mozilla/5.0 (Windows NT 6.1; WOW64) AppleWebKit/537.36 (KHTML, like Gecko) Chrome/35.0.1916.153 Safari/537.36"
213.250.56.22 - - [26/Jun/2014:05:54:17 +0200] "GET /image/cache/data/BS-10-102-cr-200x275.png HTTP/1.1" 200 79892 "http://sfashion.si/hlace/kopalke/moske-kopalke-bs-10-134" "Mozilla/5.0 (Windows NT 6.1; WOW64) AppleWebKit/537.36 (KHTML, like Gecko) Chrome/35.0.1916.153 Safari/537.36"
213.250.56.22 - - [26/Jun/2014:05:54:17 +0200] "GET /image/cache/data/BS-30-130-cr-200x275.png HTTP/1.1" 200 72953 "http://sfashion.si/hlace/kopalke/moske-kopalke-bs-10-134" "Mozilla/5.0 (Windows NT 6.1; WOW64) AppleWebKit/537.36 (KHTML, like Gecko) Chrome/35.0.1916.153 Safari/537.36"
213.250.56.22 - - [26/Jun/2014:05:54:17 +0200] "GET /image/cache/data/BS-10-108-cr-200x275.png HTTP/1.1" 200 79189 "http://sfashion.si/hlace/kopalke/moske-kopalke-bs-10-134" "Mozilla/5.0 (Windows NT 6.1; WOW64) AppleWebKit/537.36 (KHTML, like Gecko) Chrome/35.0.1916.153 Safari/537.36"
213.250.56.22 - - [26/Jun/2014:05:54:17 +0200] "GET /index.php?route=product/product/review&product_id=311 HTTP/1.1" 200 516 "http://sfashion.si/hlace/kopalke/moske-kopalke-bs-10-134" "Mozilla/5.0 (Windows NT 6.1; WOW64) AppleWebKit/537.36 (KHTML, like Gecko) Chrome/35.0.1916.153 Safari/537.36"
213.250.56.22 - - [26/Jun/2014:05:54:17 +0200] "GET /image/cache/data/BS-30-133-cr-200x275.png HTTP/1.1" 200 95755 "http://sfashion.si/hlace/kopalke/moske-kopalke-bs-10-134" "Mozilla/5.0 (Windows NT 6.1; WOW64) AppleWebKit/537.36 (KHTML, like Gecko) Chrome/35.0.1916.153 Safari/537.36"
213.250.56.22 - - [26/Jun/2014:05:54:17 +0200] "GET /image/cache/data/BS-30-132-cr-200x275.png HTTP/1.1" 200 94203 "http://sfashion.si/hlace/kopalke/moske-kopalke-bs-10-134" "Mozilla/5.0 (Windows NT 6.1; WOW64) AppleWebKit/537.36 (KHTML, like Gecko) Chrome/35.0.1916.153 Safari/537.36"
213.250.56.22 - - [26/Jun/2014:05:54:18 +0200] "GET /image/cache/data/oscarBL-cr-214x260.png HTTP/1.1" 200 102121 "http://sfashion.si/hlace/kopalke/moske-kopalke-bs-10-134" "Mozilla/5.0 (Windows NT 6.1; WOW64) AppleWebKit/537.36 (KHTML, like Gecko) Chrome/35.0.1916.153 Safari/537.36"
213.250.56.22 - - [26/Jun/2014:05:54:18 +0200] "GET /catalog/view/javascript/jquery/colorbox/images/border.png HTTP/1.1" 200 529 "http://sfashion.si/hlace/kopalke/moske-kopalke-bs-10-134" "Mozilla/5.0 (Windows NT 6.1; WOW64) AppleWebKit/537.36 (KHTML, like Gecko) Chrome/35.0.1916.153 Safari/537.36"
213.250.56.22 - - [26/Jun/2014:05:54:18 +0200] "GET /catalog/view/javascript/jquery/colorbox/images/controls.png HTTP/1.1" 200 2400 "http://sfashion.si/hlace/kopalke/moske-kopalke-bs-10-134" "Mozilla/5.0 (Windows NT 6.1; WOW64) AppleWebKit/537.36 (KHTML, like Gecko) Chrome/35.0.1916.153 Safari/537.36"
213.250.56.22 - - [26/Jun/2014:05:54:18 +0200] "GET /image/cache/data/s115WH-cr-214x260.png HTTP/1.1" 200 101400 "http://sfashion.si/hlace/kopalke/moske-kopalke-bs-10-134" "Mozilla/5.0 (Windows NT 6.1; WOW64) AppleWebKit/537.36 (KHTML, like Gecko) Chrome/35.0.1916.153 Safari/537.36"
