157.55.39.19 - - [26/Jun/2014:04:44:51 +0200] "GET /jope-puloverji/moski-pulover-b74-red?limit=18 HTTP/1.1" 200 9545 "-" "Mozilla/5.0 (compatible; bingbot/2.0; +http://www.bing.com/bingbot.htm)"
66.249.64.35 - - [26/Jun/2014:04:46:13 +0200] "GET /image/data/b53BLU5.png HTTP/1.1" 304 239 "-" "Googlebot-Image/1.0"
46.122.131.143 - - [26/Jun/2014:04:46:13 +0200] "GET /hlace?limit=30 HTTP/1.1" 200 8452 "http://lm.facebook.com/l.php?u=http%3A%2F%2Fsfashion.si%2Fhlace%3Flimit%3D30&h=qAQGaZf07&enc=AZOmf5u67WFw35rqW6HDiyjU2UGu8v8mJPuqq9NS-q6WvZkgmlIG39HKWtszVdfq99kKWqvGhfPlXO3lN4EIQAkv8lkLk5TBFeFEptLPKCzjPQ2RNv9dRiiB2JRiVuS5fZrcawXRQ4vgazeCMlv2jRxlONzmAUcAL61lqNf0it5rKAUM_2APoPgUfQxITWyEkfBAuxHUPsOh16yGaPTWwDaEqtefk3006nPG_uCTlpC-ieid-dFDKMLda7I5se9EEjWrxML4BtyHA10_uclXAWD1EjLEkvHhAAKkqBl_lzJ3LQ&s=1" "Mozilla/5.0 (compatible; MSIE 10.0; Windows Phone 8.0; Trident/6.0; IEMobile/10.0; ARM; Touch; NOKIA; Lumia 520)"
46.122.131.143 - - [26/Jun/2014:04:46:14 +0200] "GET /catalog/view/theme/sfashion/stylesheet/stylesheet.css HTTP/1.1" 200 6486 "http://sfashion.si/hlace?limit=30" "Mozilla/5.0 (compatible; MSIE 10.0; Windows Phone 8.0; Trident/6.0; IEMobile/10.0; ARM; Touch; NOKIA; Lumia 520)"
46.122.131.143 - - [26/Jun/2014:04:46:14 +0200] "GET /catalog/view/theme/sfashion/stylesheet/carousel.css HTTP/1.1" 200 778 "http://sfashion.si/hlace?limit=30" "Mozilla/5.0 (compatible; MSIE 10.0; Windows Phone 8.0; Trident/6.0; IEMobile/10.0; ARM; Touch; NOKIA; Lumia 520)"
46.122.131.143 - - [26/Jun/2014:04:46:14 +0200] "GET /catalog/view/javascript/jquery/supermenu/templates/gray/supermenu.css HTTP/1.1" 200 2139 "http://sfashion.si/hlace?limit=30" "Mozilla/5.0 (compatible; MSIE 10.0; Windows Phone 8.0; Trident/6.0; IEMobile/10.0; ARM; Touch; NOKIA; Lumia 520)"
46.122.131.143 - - [26/Jun/2014:04:46:14 +0200] "GET /catalog/view/javascript/jquery/supermenu/supermenu_base.js HTTP/1.1" 200 10179 "http://sfashion.si/hlace?limit=30" "Mozilla/5.0 (compatible; MSIE 10.0; Windows Phone 8.0; Trident/6.0; IEMobile/10.0; ARM; Touch; NOKIA; Lumia 520)"
46.122.131.143 - - [26/Jun/2014:04:46:15 +0200] "GET /catalog/view/javascript/common.js HTTP/1.1" 200 1769 "http://sfashion.si/hlace?limit=30" "Mozilla/5.0 (compatible; MSIE 10.0; Windows Phone 8.0; Trident/6.0; IEMobile/10.0; ARM; Touch; NOKIA; Lumia 520)"
46.122.131.143 - - [26/Jun/2014:04:46:15 +0200] "GET /catalog/view/javascript/jquery/jquery.total-storage.min.js HTTP/1.1" 200 1098 "http://sfashion.si/hlace?limit=30" "Mozilla/5.0 (compatible; MSIE 10.0; Windows Phone 8.0; Trident/6.0; IEMobile/10.0; ARM; Touch; NOKIA; Lumia 520)"
46.122.131.143 - - [26/Jun/2014:04:46:14 +0200] "GET /image/cache/data/linographYE-cr-214x293.png HTTP/1.1" 200 87040 "http://sfashion.si/hlace?limit=30" "Mozilla/5.0 (compatible; MSIE 10.0; Windows Phone 8.0; Trident/6.0; IEMobile/10.0; ARM; Touch; NOKIA; Lumia 520)"
46.122.131.143 - - [26/Jun/2014:04:46:14 +0200] "GET /image/cache/data/wilmslowXBLU3-cr-214x293.png HTTP/1.1" 200 82960 "http://sfashion.si/hlace?limit=30" "Mozilla/5.0 (compatible; MSIE 10.0; Windows Phone 8.0; Trident/6.0; IEMobile/10.0; ARM; Touch; NOKIA; Lumia 520)"
46.122.131.143 - - [26/Jun/2014:04:46:15 +0200] "GET /catalog/view/javascript/jquery/ui/themes/ui-lightness/jquery-ui-1.8.16.custom.css HTTP/1.1" 200 4808 "http://sfashion.si/hlace?limit=30" "Mozilla/5.0 (compatible; MSIE 10.0; Windows Phone 8.0; Trident/6.0; IEMobile/10.0; ARM; Touch; NOKIA; Lumia 520)"
46.122.131.143 - - [26/Jun/2014:04:46:15 +0200] "GET /catalog/view/javascript/jquery/jquery.jcarousel.min.js HTTP/1.1" 200 4576 "http://sfashion.si/hlace?limit=30" "Mozilla/5.0 (compatible; MSIE 10.0; Windows Phone 8.0; Trident/6.0; IEMobile/10.0; ARM; Touch; NOKIA; Lumia 520)"
46.122.131.143 - - [26/Jun/2014:04:46:15 +0200] "GET /image/cache/data/rockfordNV-cr-214x293.png HTTP/1.1" 200 43520 "http://sfashion.si/hlace?limit=30" "Mozilla/5.0 (compatible; MSIE 10.0; Windows Phone 8.0; Trident/6.0; IEMobile/10.0; ARM; Touch; NOKIA; Lumia 520)"
207.46.13.47 - - [26/Jun/2014:04:46:17 +0200] "GET /majice/moska-kratka-majica-s117-white?limit=9 HTTP/1.1" 200 6360 "-" "Mozilla/5.0 (compatible; bingbot/2.0; +http://www.bing.com/bingbot.htm)"
207.46.13.47 - - [26/Jun/2014:04:46:17 +0200] "GET /jope-puloverji/moske-jope/moska-jopa-alano-black?order=ASC HTTP/1.1" 200 9697 "-" "Mozilla/5.0 (compatible; bingbot/2.0; +http://www.bing.com/bingbot.htm)"
157.55.39.71 - - [26/Jun/2014:04:47:23 +0200] "GET /ombre?page=3 HTTP/1.1" 200 5719 "-" "Mozilla/5.0 (compatible; bingbot/2.0; +http://www.bing.com/bingbot.htm)"
157.55.39.110 - - [26/Jun/2014:04:48:00 +0200] "GET /majice/kratek-rokav/moska-kratka-majica-s117-white HTTP/1.1" 200 6364 "-" "Mozilla/5.0 (compatible; bingbot/2.0; +http://www.bing.com/bingbot.htm)"
207.46.13.22 - - [26/Jun/2014:04:48:07 +0200] "GET /jope-puloverji/moski-puloverji/moski-pulover-smith-and-jones-titanium-grey HTTP/1.1" 200 9585 "-" "Mozilla/5.0 (compatible; bingbot/2.0; +http://www.bing.com/bingbot.htm)"
66.249.92.50 - - [26/Jun/2014:04:49:11 +0200] "GET /srajce/srajce-dolg-rokav/srajca-z-dolgimi-rokavi-carisma-black-8118bl HTTP/1.1" 200 9697 "-" "AdsBot-Google (+http://www.google.com/adsbot.html)"
173.252.110.112 - - [26/Jun/2014:04:49:45 +0200] "GET /index.php?route=common%2Fhome&fb_locale=es_ES HTTP/1.1" 206 6060 "-" "facebookexternalhit/1.1 (+http://www.facebook.com/externalhit_uatext.php)"
173.252.110.112 - - [26/Jun/2014:04:49:45 +0200] "GET /image/cache/data/S264BLU-cr-214x293.png HTTP/1.1" 206 9417 "http://sfashion.si/index.php?route=common%2Fhome&fb_locale=es_ES" "facebookexternalhit/1.1 (+http://www.facebook.com/externalhit_uatext.php)"
173.252.110.112 - - [26/Jun/2014:04:49:45 +0200] "GET /image/ship.jpg HTTP/1.1" 206 9417 "http://sfashion.si/index.php?route=common%2Fhome&fb_locale=es_ES" "facebookexternalhit/1.1 (+http://www.facebook.com/externalhit_uatext.php)"
173.252.110.114 - - [26/Jun/2014:04:49:46 +0200] "GET /catalog/view/theme/sfashion/image/cart.png HTTP/1.1" 206 990 "http://sfashion.si/index.php?route=common%2Fhome&fb_locale=es_ES" "facebookexternalhit/1.1 (+http://www.facebook.com/externalhit_uatext.php)"
173.252.110.115 - - [26/Jun/2014:04:49:46 +0200] "GET /catalog/view/theme/sfashion/image/logo.png HTTP/1.1" 206 7973 "http://sfashion.si/index.php?route=common%2Fhome&fb_locale=es_ES" "facebookexternalhit/1.1 (+http://www.facebook.com/externalhit_uatext.php)"
173.252.110.117 - - [26/Jun/2014:04:49:46 +0200] "GET /image/cache/data/ombreKratke2-cr-720x250.jpg HTTP/1.1" 206 9417 "http://sfashion.si/index.php?route=common%2Fhome&fb_locale=es_ES" "facebookexternalhit/1.1 (+http://www.facebook.com/externalhit_uatext.php)"
173.252.110.118 - - [26/Jun/2014:04:49:46 +0200] "GET /image/cache/data/BS-30-136-cr-214x293.png HTTP/1.1" 206 9416 "http://sfashion.si/index.php?route=common%2Fhome&fb_locale=es_ES" "facebookexternalhit/1.1 (+http://www.facebook.com/externalhit_uatext.php)"
173.252.110.119 - - [26/Jun/2014:04:49:46 +0200] "GET /image/cache/data/topbananaBLU-cr-214x293.png HTTP/1.1" 206 9417 "http://sfashion.si/index.php?route=common%2Fhome&fb_locale=es_ES" "facebookexternalhit/1.1 (+http://www.facebook.com/externalhit_uatext.php)"
173.252.110.113 - - [26/Jun/2014:04:49:46 +0200] "GET /image/cache/data/P30GR-cr-214x293.png HTTP/1.1" 206 9416 "http://sfashion.si/index.php?route=common%2Fhome&fb_locale=es_ES" "facebookexternalhit/1.1 (+http://www.facebook.com/externalhit_uatext.php)"
173.252.110.113 - - [26/Jun/2014:04:49:46 +0200] "GET /image/cache/data/9053BLU-cr-214x293.png HTTP/1.1" 206 9417 "http://sfashion.si/index.php?route=common%2Fhome&fb_locale=es_ES" "facebookexternalhit/1.1 (+http://www.facebook.com/externalhit_uatext.php)"
173.252.110.113 - - [26/Jun/2014:04:49:46 +0200] "GET /image/cache/data/9059NV-cr-214x293.png HTTP/1.1" 206 9416 "http://sfashion.si/index.php?route=common%2Fhome&fb_locale=es_ES" "facebookexternalhit/1.1 (+http://www.facebook.com/externalhit_uatext.php)"
173.252.110.117 - - [26/Jun/2014:04:49:46 +0200] "GET /catalog/view/theme/sfashion/image/paypp.png HTTP/1.1" 206 3596 "http://sfashion.si/index.php?route=common%2Fhome&fb_locale=es_ES" "facebookexternalhit/1.1 (+http://www.facebook.com/externalhit_uatext.php)"
173.252.110.117 - - [26/Jun/2014:04:49:46 +0200] "GET /catalog/view/theme/sfashion/image/visakk.png HTTP/1.1" 206 2358 "http://sfashion.si/index.php?route=common%2Fhome&fb_locale=es_ES" "facebookexternalhit/1.1 (+http://www.facebook.com/externalhit_uatext.php)"
173.252.110.118 - - [26/Jun/2014:04:49:46 +0200] "GET /image/cache/data/kratkeHlaceCalifornia-cr-720x250.jpg HTTP/1.1" 206 9417 "http://sfashion.si/index.php?route=common%2Fhome&fb_locale=es_ES" "facebookexternalhit/1.1 (+http://www.facebook.com/externalhit_uatext.php)"
173.252.110.116 - - [26/Jun/2014:04:49:46 +0200] "GET /image/cache/data/OmbreKratke-cr-720x250.jpg HTTP/1.1" 206 9417 "http://sfashion.si/index.php?route=common%2Fhome&fb_locale=es_ES" "facebookexternalhit/1.1 (+http://www.facebook.com/externalhit_uatext.php)"
173.252.110.119 - - [26/Jun/2014:04:49:46 +0200] "GET /image/cache/data/lattoNV-cr-214x293.png HTTP/1.1" 206 9416 "http://sfashion.si/index.php?route=common%2Fhome&fb_locale=es_ES" "facebookexternalhit/1.1 (+http://www.facebook.com/externalhit_uatext.php)"
173.252.110.119 - - [26/Jun/2014:04:49:47 +0200] "GET /image/cache/data/wilmslowXBLU3-cr-214x293.png HTTP/1.1" 206 9417 "http://sfashion.si/index.php?route=common%2Fhome&fb_locale=es_ES" "facebookexternalhit/1.1 (+http://www.facebook.com/externalhit_uatext.php)"
173.252.110.119 - - [26/Jun/2014:04:49:47 +0200] "GET /image/gara.jpg HTTP/1.1" 206 7981 "http://sfashion.si/index.php?route=common%2Fhome&fb_locale=es_ES" "facebookexternalhit/1.1 (+http://www.facebook.com/externalhit_uatext.php)"
173.252.110.119 - - [26/Jun/2014:04:49:47 +0200] "GET /catalog/view/theme/sfashion/image/novo.png HTTP/1.1" 206 1885 "http://sfashion.si/index.php?route=common%2Fhome&fb_locale=es_ES" "facebookexternalhit/1.1 (+http://www.facebook.com/externalhit_uatext.php)"
173.252.110.119 - - [26/Jun/2014:04:49:47 +0200] "GET /image/cache/data/9023WH-cr-214x293.png HTTP/1.1" 206 9416 "http://sfashion.si/index.php?route=common%2Fhome&fb_locale=es_ES" "facebookexternalhit/1.1 (+http://www.facebook.com/externalhit_uatext.php)"
69.171.248.1 - - [26/Jun/2014:04:49:48 +0200] "GET /catalog/view/theme/sfashion/image/novo.png HTTP/1.1" 206 1885 "-" "facebookexternalhit/1.1 (+http://www.facebook.com/externalhit_uatext.php)"
69.171.248.1 - - [26/Jun/2014:04:49:48 +0200] "GET /catalog/view/theme/sfashion/image/cart.png HTTP/1.1" 206 990 "-" "facebookexternalhit/1.1 (+http://www.facebook.com/externalhit_uatext.php)"
173.252.110.116 - - [26/Jun/2014:04:49:48 +0200] "GET /image/cache/data/wilmslowXBLU3-cr-214x293.png HTTP/1.1" 206 114853 "-" "facebookexternalhit/1.1 (+http://www.facebook.com/externalhit_uatext.php)"
69.171.248.1 - - [26/Jun/2014:04:49:48 +0200] "GET /image/cache/data/9053BLU-cr-214x293.png HTTP/1.1" 206 101116 "-" "facebookexternalhit/1.1 (+http://www.facebook.com/externalhit_uatext.php)"
69.171.248.1 - - [26/Jun/2014:04:49:48 +0200] "GET /image/cache/data/ombreKratke2-cr-720x250.jpg HTTP/1.1" 206 54130 "-" "facebookexternalhit/1.1 (+http://www.facebook.com/externalhit_uatext.php)"
69.171.248.4 - - [26/Jun/2014:04:49:48 +0200] "GET /image/cache/data/BS-30-136-cr-214x293.png HTTP/1.1" 206 97740 "-" "facebookexternalhit/1.1 (+http://www.facebook.com/externalhit_uatext.php)"
69.171.248.5 - - [26/Jun/2014:04:49:48 +0200] "GET /image/cache/data/P30GR-cr-214x293.png HTTP/1.1" 206 98034 "-" "facebookexternalhit/1.1 (+http://www.facebook.com/externalhit_uatext.php)"
69.171.248.5 - - [26/Jun/2014:04:49:49 +0200] "GET /catalog/view/theme/sfashion/image/visakk.png HTTP/1.1" 206 2358 "-" "facebookexternalhit/1.1 (+http://www.facebook.com/externalhit_uatext.php)"
69.171.248.4 - - [26/Jun/2014:04:49:48 +0200] "GET /image/cache/data/wilmslowXBLU3-cr-214x293.png HTTP/1.1" 206 114853 "-" "facebookexternalhit/1.1 (+http://www.facebook.com/externalhit_uatext.php)"
69.171.248.3 - - [26/Jun/2014:04:49:49 +0200] "GET /image/gara.jpg HTTP/1.1" 206 7981 "-" "facebookexternalhit/1.1 (+http://www.facebook.com/externalhit_uatext.php)"
69.171.248.3 - - [26/Jun/2014:04:49:49 +0200] "GET /image/cache/data/kratkeHlaceCalifornia-cr-720x250.jpg HTTP/1.1" 206 41837 "-" "facebookexternalhit/1.1 (+http://www.facebook.com/externalhit_uatext.php)"
69.171.248.4 - - [26/Jun/2014:04:49:49 +0200] "GET /catalog/view/theme/sfashion/image/logo.png HTTP/1.1" 206 7973 "-" "facebookexternalhit/1.1 (+http://www.facebook.com/externalhit_uatext.php)"
69.171.248.5 - - [26/Jun/2014:04:49:49 +0200] "GET /image/cache/data/OmbreKratke-cr-720x250.jpg HTTP/1.1" 206 60657 "-" "facebookexternalhit/1.1 (+http://www.facebook.com/externalhit_uatext.php)"
69.171.248.6 - - [26/Jun/2014:04:49:49 +0200] "GET /image/cache/data/9023WH-cr-214x293.png HTTP/1.1" 206 50205 "-" "facebookexternalhit/1.1 (+http://www.facebook.com/externalhit_uatext.php)"
69.171.248.5 - - [26/Jun/2014:04:49:49 +0200] "GET /image/cache/data/9059NV-cr-214x293.png HTTP/1.1" 206 58038 "-" "facebookexternalhit/1.1 (+http://www.facebook.com/externalhit_uatext.php)"
69.171.248.0 - - [26/Jun/2014:04:49:49 +0200] "GET /catalog/view/theme/sfashion/image/paypp.png HTTP/1.1" 206 3596 "-" "facebookexternalhit/1.1 (+http://www.facebook.com/externalhit_uatext.php)"
69.171.248.0 - - [26/Jun/2014:04:49:49 +0200] "GET /image/ship.jpg HTTP/1.1" 206 12486 "-" "facebookexternalhit/1.1 (+http://www.facebook.com/externalhit_uatext.php)"
69.171.248.5 - - [26/Jun/2014:04:49:49 +0200] "GET /image/cache/data/lattoNV-cr-214x293.png HTTP/1.1" 206 71896 "-" "facebookexternalhit/1.1 (+http://www.facebook.com/externalhit_uatext.php)"
69.171.248.0 - - [26/Jun/2014:04:49:49 +0200] "GET /image/cache/data/S264BLU-cr-214x293.png HTTP/1.1" 206 111358 "-" "facebookexternalhit/1.1 (+http://www.facebook.com/externalhit_uatext.php)"
69.171.248.0 - - [26/Jun/2014:04:49:49 +0200] "GET /image/cache/data/topbananaBLU-cr-214x293.png HTTP/1.1" 206 103301 "-" "facebookexternalhit/1.1 (+http://www.facebook.com/externalhit_uatext.php)"
66.249.92.50 - - [26/Jun/2014:04:49:51 +0200] "GET /hlace/moske-kopalke-bs-30-136 HTTP/1.1" 200 9582 "-" "AdsBot-Google (+http://www.google.com/adsbot.html)"
207.46.13.22 - - [26/Jun/2014:04:50:46 +0200] "GET /srajce?page=2 HTTP/1.1" 200 7569 "-" "Mozilla/5.0 (compatible; bingbot/2.0; +http://www.bing.com/bingbot.htm)"
66.249.64.245 - - [26/Jun/2014:04:50:49 +0200] "GET /image/cache/data/paoloBLU2-cr-97x97.png HTTP/1.1" 304 239 "-" "Googlebot-Image/1.0"
66.249.92.50 - - [26/Jun/2014:04:50:57 +0200] "GET /srajce/srajce-kratek-rokav/srajca-s-kratkimi-rokavi-carisma-black-9024bl?sort=p.model&order=ASC HTTP/1.1" 200 9834 "-" "AdsBot-Google (+http://www.google.com/adsbot.html)"
66.249.92.76 - - [26/Jun/2014:04:51:26 +0200] "GET /srajce/srajca-s-kratkimi-rokavi-carisma-white-9059wh HTTP/1.1" 200 9676 "-" "AdsBot-Google (+http://www.google.com/adsbot.html)"
66.249.92.50 - - [26/Jun/2014:04:52:27 +0200] "GET /novo/srajca-s-kratkimi-rokavi-carisma-white-9023wh&filter=STOCKNEW=a=b=c HTTP/1.1" 200 9308 "-" "AdsBot-Google (+http://www.google.com/adsbot.html)"
66.249.64.245 - - [26/Jun/2014:04:53:06 +0200] "GET /image/cache/data/paoloBLU3-cr-97x97.png HTTP/1.1" 304 239 "-" "Googlebot-Image/1.0"
66.249.92.50 - - [26/Jun/2014:04:53:30 +0200] "GET /srajce/moska-srajca-k70-navy?limit=120 HTTP/1.1" 200 9529 "-" "AdsBot-Google (+http://www.google.com/adsbot.html)"
157.55.39.71 - - [26/Jun/2014:04:53:58 +0200] "GET /jope-puloverji/moski-puloverji?page=5 HTTP/1.1" 200 7403 "-" "Mozilla/5.0 (compatible; bingbot/2.0; +http://www.bing.com/bingbot.htm)"
66.249.92.63 - - [26/Jun/2014:04:54:14 +0200] "GET /srajce/srajca-z-dolgimi-rokavi-carisma-yellow-h110ye?limit=120 HTTP/1.1" 200 9773 "-" "AdsBot-Google (+http://www.google.com/adsbot.html)"
66.249.64.245 - - [26/Jun/2014:04:54:57 +0200] "GET /image/cache/data/paoloBLU-cr-350x481.png HTTP/1.1" 200 268882 "-" "Googlebot-Image/1.0"
66.249.92.50 - - [26/Jun/2014:04:54:59 +0200] "GET /majice?limit=18&page=6 HTTP/1.1" 200 6833 "-" "AdsBot-Google (+http://www.google.com/adsbot.html)"
157.55.39.71 - - [26/Jun/2014:04:55:38 +0200] "GET /moski-pulover-robert-black?sort=rating&order=ASC&limit=120 HTTP/1.1" 200 6364 "-" "Mozilla/5.0 (compatible; bingbot/2.0; +http://www.bing.com/bingbot.htm)"
157.55.39.18 - - [26/Jun/2014:04:55:40 +0200] "GET /robots.txt HTTP/1.1" 404 21300 "-" "Mozilla/5.0 (compatible; bingbot/2.0; +http://www.bing.com/bingbot.htm)"
66.249.92.50 - - [26/Jun/2014:04:55:54 +0200] "GET /novo/srajca-z-dolgimi-rokavi-carisma-navy-8135nv?sort=p.date_added&order=DESC HTTP/1.1" 200 9350 "-" "AdsBot-Google (+http://www.google.com/adsbot.html)"
157.55.39.71 - - [26/Jun/2014:04:56:01 +0200] "GET /majice/moska-kratka-majica-s126-green HTTP/1.1" 200 6356 "-" "Mozilla/5.0 (compatible; bingbot/2.0; +http://www.bing.com/bingbot.htm)"
157.55.39.19 - - [26/Jun/2014:04:56:29 +0200] "GET /novo?page=7 HTTP/1.1" 200 5702 "-" "Mozilla/5.0 (compatible; bingbot/2.0; +http://www.bing.com/bingbot.htm)"
66.249.92.63 - - [26/Jun/2014:04:56:50 +0200] "GET /srajce/srajce-dolg-rokav/srajca-z-dolgimi-rokavi-carisma-navy-8135nv HTTP/1.1" 200 9628 "-" "AdsBot-Google (+http://www.google.com/adsbot.html)"
207.46.13.47 - - [26/Jun/2014:04:57:26 +0200] "GET /moske-hlace-p14-orange HTTP/1.1" 200 9133 "-" "Mozilla/5.0 (compatible; bingbot/2.0; +http://www.bing.com/bingbot.htm)"
207.46.13.47 - - [26/Jun/2014:04:57:26 +0200] "GET /jope-puloverji/moske-jope?page=3 HTTP/1.1" 200 5884 "-" "Mozilla/5.0 (compatible; bingbot/2.0; +http://www.bing.com/bingbot.htm)"
207.46.13.47 - - [26/Jun/2014:04:57:27 +0200] "GET /jope-puloverji/moski-pulover-arturo-grey?limit=12 HTTP/1.1" 200 9385 "-" "Mozilla/5.0 (compatible; bingbot/2.0; +http://www.bing.com/bingbot.htm)"
207.46.13.47 - - [26/Jun/2014:04:57:28 +0200] "GET /srajce/srajce-dolg-rokav/srajca-z-dolgimi-rokavi-king-black?limit=60 HTTP/1.1" 200 6364 "-" "Mozilla/5.0 (compatible; bingbot/2.0; +http://www.bing.com/bingbot.htm)"
157.55.39.19 - - [26/Jun/2014:04:57:57 +0200] "GET /jope-puloverji/moski-puloverji/moski-pulover-b110-red HTTP/1.1" 200 9501 "-" "Mozilla/5.0 (compatible; bingbot/2.0; +http://www.bing.com/bingbot.htm)"
66.249.92.63 - - [26/Jun/2014:04:58:11 +0200] "GET /moski-pulover-manuel-blue?search=manuel HTTP/1.1" 200 9624 "-" "AdsBot-Google (+http://www.google.com/adsbot.html)"
66.249.92.76 - - [26/Jun/2014:04:58:25 +0200] "GET /srajce/srajca-s-kratkimi-rokavi-carisma-9059nv HTTP/1.1" 200 9719 "-" "AdsBot-Google (+http://www.google.com/adsbot.html)"
207.46.13.22 - - [26/Jun/2014:04:59:01 +0200] "GET /srajca-z-dolgimi-rokavi-king-black?page=4 HTTP/1.1" 200 14785 "-" "Mozilla/5.0 (compatible; bingbot/2.0; +http://www.bing.com/bingbot.htm)"
37.58.100.182 - - [26/Jun/2014:04:59:16 +0200] "GET /ombre/moske-kratke-hlace-p30-navy?page=15 HTTP/1.1" 200 15899 "-" "Mozilla/5.0 (compatible; AhrefsBot/5.0; +http://ahrefs.com/robot/)"
66.249.92.76 - - [26/Jun/2014:05:00:11 +0200] "GET /moski-pulover-b74-yellow?page=3 HTTP/1.1" 200 18262 "-" "AdsBot-Google (+http://www.google.com/adsbot.html)"
66.249.92.76 - - [26/Jun/2014:05:00:22 +0200] "GET /srajce&filter=OPTION=S=1=Velikost HTTP/1.1" 200 7490 "-" "AdsBot-Google (+http://www.google.com/adsbot.html)"
157.55.39.71 - - [26/Jun/2014:05:01:02 +0200] "GET /moska-kratka-majica-s219-navy HTTP/1.1" 200 9399 "-" "Mozilla/5.0 (compatible; bingbot/2.0; +http://www.bing.com/bingbot.htm)"
157.55.39.19 - - [26/Jun/2014:05:01:11 +0200] "GET /jope-puloverji/moski-pulover-robert-grey?limit=30 HTTP/1.1" 200 6377 "-" "Mozilla/5.0 (compatible; bingbot/2.0; +http://www.bing.com/bingbot.htm)"
207.46.13.47 - - [26/Jun/2014:05:01:16 +0200] "GET /jope-puloverji/moski-pulover-paco-blue HTTP/1.1" 200 9642 "-" "Mozilla/5.0 (compatible; bingbot/2.0; +http://www.bing.com/bingbot.htm)"
66.249.64.35 - - [26/Jun/2014:05:03:34 +0200] "GET /jope-puloverji/moski-pulover-paolo-white?limit=12 HTTP/1.1" 200 9491 "-" "Mozilla/5.0 (compatible; Googlebot/2.1; +http://www.google.com/bot.html)"
89.143.73.122 - - [26/Jun/2014:05:03:35 +0200] "GET /hlace?limit=30 HTTP/1.1" 200 8452 "https://www.facebook.com/" "Mozilla/5.0 (Windows NT 6.1; WOW64) AppleWebKit/537.36 (KHTML, like Gecko) Chrome/34.0.1847.131 Safari/537.36"
89.143.73.122 - - [26/Jun/2014:05:03:36 +0200] "GET /catalog/view/javascript/jquery/supermenu/templates/gray/supermenu.css HTTP/1.1" 200 4147 "http://sfashion.si/hlace?limit=30" "Mozilla/5.0 (Windows NT 6.1; WOW64) AppleWebKit/537.36 (KHTML, like Gecko) Chrome/34.0.1847.131 Safari/537.36"
89.143.73.122 - - [26/Jun/2014:05:03:36 +0200] "GET /catalog/view/theme/sfashion/stylesheet/stylesheet.css HTTP/1.1" 200 23678 "http://sfashion.si/hlace?limit=30" "Mozilla/5.0 (Windows NT 6.1; WOW64) AppleWebKit/537.36 (KHTML, like Gecko) Chrome/34.0.1847.131 Safari/537.36"
89.143.73.122 - - [26/Jun/2014:05:03:36 +0200] "GET /catalog/view/javascript/common.js HTTP/1.1" 200 1769 "http://sfashion.si/hlace?limit=30" "Mozilla/5.0 (Windows NT 6.1; WOW64) AppleWebKit/537.36 (KHTML, like Gecko) Chrome/34.0.1847.131 Safari/537.36"
89.143.73.122 - - [26/Jun/2014:05:03:36 +0200] "GET /catalog/view/theme/sfashion/stylesheet/carousel.css HTTP/1.1" 200 6297 "http://sfashion.si/hlace?limit=30" "Mozilla/5.0 (Windows NT 6.1; WOW64) AppleWebKit/537.36 (KHTML, like Gecko) Chrome/34.0.1847.131 Safari/537.36"
89.143.73.122 - - [26/Jun/2014:05:03:36 +0200] "GET /catalog/view/javascript/jquery/jquery.total-storage.min.js HTTP/1.1" 200 1099 "http://sfashion.si/hlace?limit=30" "Mozilla/5.0 (Windows NT 6.1; WOW64) AppleWebKit/537.36 (KHTML, like Gecko) Chrome/34.0.1847.131 Safari/537.36"
89.143.73.122 - - [26/Jun/2014:05:03:36 +0200] "GET /catalog/view/javascript/jquery/jquery.jcarousel.min.js HTTP/1.1" 200 4575 "http://sfashion.si/hlace?limit=30" "Mozilla/5.0 (Windows NT 6.1; WOW64) AppleWebKit/537.36 (KHTML, like Gecko) Chrome/34.0.1847.131 Safari/537.36"
89.143.73.122 - - [26/Jun/2014:05:03:36 +0200] "GET /catalog/view/theme/sfashion/image/logo.png HTTP/1.1" 200 7925 "http://sfashion.si/hlace?limit=30" "Mozilla/5.0 (Windows NT 6.1; WOW64) AppleWebKit/537.36 (KHTML, like Gecko) Chrome/34.0.1847.131 Safari/537.36"
89.143.73.122 - - [26/Jun/2014:05:03:36 +0200] "GET /catalog/view/javascript/jquery/ui/themes/ui-lightness/jquery-ui-1.8.16.custom.css HTTP/1.1" 200 14323 "http://sfashion.si/hlace?limit=30" "Mozilla/5.0 (Windows NT 6.1; WOW64) AppleWebKit/537.36 (KHTML, like Gecko) Chrome/34.0.1847.131 Safari/537.36"
89.143.73.122 - - [26/Jun/2014:05:03:36 +0200] "GET /catalog/view/javascript/jquery/supermenu/supermenu_base.js HTTP/1.1" 200 10178 "http://sfashion.si/hlace?limit=30" "Mozilla/5.0 (Windows NT 6.1; WOW64) AppleWebKit/537.36 (KHTML, like Gecko) Chrome/34.0.1847.131 Safari/537.36"
89.143.73.122 - - [26/Jun/2014:05:03:36 +0200] "GET /catalog/view/theme/sfashion/image/novo.png HTTP/1.1" 200 1837 "http://sfashion.si/hlace?limit=30" "Mozilla/5.0 (Windows NT 6.1; WOW64) AppleWebKit/537.36 (KHTML, like Gecko) Chrome/34.0.1847.131 Safari/537.36"
89.143.73.122 - - [26/Jun/2014:05:03:36 +0200] "GET /catalog/view/theme/sfashion/image/cart.png HTTP/1.1" 200 944 "http://sfashion.si/hlace?limit=30" "Mozilla/5.0 (Windows NT 6.1; WOW64) AppleWebKit/537.36 (KHTML, like Gecko) Chrome/34.0.1847.131 Safari/537.36"
89.143.73.122 - - [26/Jun/2014:05:03:36 +0200] "GET /image/cache/data/9023WH-cr-214x293.png HTTP/1.1" 200 50155 "http://sfashion.si/hlace?limit=30" "Mozilla/5.0 (Windows NT 6.1; WOW64) AppleWebKit/537.36 (KHTML, like Gecko) Chrome/34.0.1847.131 Safari/537.36"
89.143.73.122 - - [26/Jun/2014:05:03:36 +0200] "GET /image/cache/data/lattoNV-cr-214x293.png HTTP/1.1" 200 71846 "http://sfashion.si/hlace?limit=30" "Mozilla/5.0 (Windows NT 6.1; WOW64) AppleWebKit/537.36 (KHTML, like Gecko) Chrome/34.0.1847.131 Safari/537.36"
89.143.73.122 - - [26/Jun/2014:05:03:36 +0200] "GET /image/cache/data/9053BLU-cr-214x293.png HTTP/1.1" 200 101064 "http://sfashion.si/hlace?limit=30" "Mozilla/5.0 (Windows NT 6.1; WOW64) AppleWebKit/537.36 (KHTML, like Gecko) Chrome/34.0.1847.131 Safari/537.36"
89.143.73.122 - - [26/Jun/2014:05:03:36 +0200] "GET /image/cache/data/wilmslowXBLU3-cr-214x293.png HTTP/1.1" 200 114801 "http://sfashion.si/hlace?limit=30" "Mozilla/5.0 (Windows NT 6.1; WOW64) AppleWebKit/537.36 (KHTML, like Gecko) Chrome/34.0.1847.131 Safari/537.36"
89.143.73.122 - - [26/Jun/2014:05:03:36 +0200] "GET /image/cache/data/rockfordNV-cr-214x293.png HTTP/1.1" 200 81258 "http://sfashion.si/hlace?limit=30" "Mozilla/5.0 (Windows NT 6.1; WOW64) AppleWebKit/537.36 (KHTML, like Gecko) Chrome/34.0.1847.131 Safari/537.36"
89.143.73.122 - - [26/Jun/2014:05:03:36 +0200] "GET /image/cache/data/S264BLU-cr-214x293.png HTTP/1.1" 200 111306 "http://sfashion.si/hlace?limit=30" "Mozilla/5.0 (Windows NT 6.1; WOW64) AppleWebKit/537.36 (KHTML, like Gecko) Chrome/34.0.1847.131 Safari/537.36"
89.143.73.122 - - [26/Jun/2014:05:03:39 +0200] "GET /catalog/view/theme/sfashion/image/boxtbg.jpg HTTP/1.1" 200 707 "http://sfashion.si/hlace?limit=30" "Mozilla/5.0 (Windows NT 6.1; WOW64) AppleWebKit/537.36 (KHTML, like Gecko) Chrome/34.0.1847.131 Safari/537.36"
89.143.73.122 - - [26/Jun/2014:05:03:40 +0200] "GET /catalog/view/javascript/jquery/supermenu/templates/gray/images/chk_filter.gif HTTP/1.1" 200 560 "http://sfashion.si/hlace?limit=30" "Mozilla/5.0 (Windows NT 6.1; WOW64) AppleWebKit/537.36 (KHTML, like Gecko) Chrome/34.0.1847.131 Safari/537.36"
89.143.73.122 - - [26/Jun/2014:05:03:40 +0200] "GET /catalog/view/theme/sfashion/image/mensep.png HTTP/1.1" 200 567 "http://sfashion.si/hlace?limit=30" "Mozilla/5.0 (Windows NT 6.1; WOW64) AppleWebKit/537.36 (KHTML, like Gecko) Chrome/34.0.1847.131 Safari/537.36"
89.143.73.122 - - [26/Jun/2014:05:03:40 +0200] "GET /catalog/view/theme/sfashion/image/menbg.jpg HTTP/1.1" 200 724 "http://sfashion.si/hlace?limit=30" "Mozilla/5.0 (Windows NT 6.1; WOW64) AppleWebKit/537.36 (KHTML, like Gecko) Chrome/34.0.1847.131 Safari/537.36"
89.143.73.122 - - [26/Jun/2014:05:03:38 +0200] "GET /image/cache/data/bigbananaPACK%20copy-cr-214x293.png HTTP/1.1" 200 103131 "http://sfashion.si/hlace?limit=30" "Mozilla/5.0 (Windows NT 6.1; WOW64) AppleWebKit/537.36 (KHTML, like Gecko) Chrome/34.0.1847.131 Safari/537.36"
89.143.73.122 - - [26/Jun/2014:05:03:38 +0200] "GET /image/cache/data/linographYE-cr-214x293.png HTTP/1.1" 200 114939 "http://sfashion.si/hlace?limit=30" "Mozilla/5.0 (Windows NT 6.1; WOW64) AppleWebKit/537.36 (KHTML, like Gecko) Chrome/34.0.1847.131 Safari/537.36"
89.143.73.122 - - [26/Jun/2014:05:03:40 +0200] "GET /image/cache/data/P27BL-cr-214x293.png HTTP/1.1" 200 81526 "http://sfashion.si/hlace?limit=30" "Mozilla/5.0 (Windows NT 6.1; WOW64) AppleWebKit/537.36 (KHTML, like Gecko) Chrome/34.0.1847.131 Safari/537.36"
89.143.73.122 - - [26/Jun/2014:05:03:40 +0200] "GET /image/cache/data/topbananaGR-cr-214x293.png HTTP/1.1" 200 104023 "http://sfashion.si/hlace?limit=30" "Mozilla/5.0 (Windows NT 6.1; WOW64) AppleWebKit/537.36 (KHTML, like Gecko) Chrome/34.0.1847.131 Safari/537.36"
89.143.73.122 - - [26/Jun/2014:05:03:41 +0200] "GET /image/cache/data/P30GR-cr-214x293.png HTTP/1.1" 200 97984 "http://sfashion.si/hlace?limit=30" "Mozilla/5.0 (Windows NT 6.1; WOW64) AppleWebKit/537.36 (KHTML, like Gecko) Chrome/34.0.1847.131 Safari/537.36"
89.143.73.122 - - [26/Jun/2014:05:03:41 +0200] "GET /image/cache/data/P23NV-cr-214x293.png HTTP/1.1" 200 113191 "http://sfashion.si/hlace?limit=30" "Mozilla/5.0 (Windows NT 6.1; WOW64) AppleWebKit/537.36 (KHTML, like Gecko) Chrome/34.0.1847.131 Safari/537.36"
89.143.73.122 - - [26/Jun/2014:05:03:42 +0200] "GET /image/cache/data/BS-10-108-cr-214x293.png HTTP/1.1" 200 93325 "http://sfashion.si/hlace?limit=30" "Mozilla/5.0 (Windows NT 6.1; WOW64) AppleWebKit/537.36 (KHTML, like Gecko) Chrome/34.0.1847.131 Safari/537.36"
89.143.73.122 - - [26/Jun/2014:05:03:41 +0200] "GET /image/cache/data/P14OR-cr-214x293.png HTTP/1.1" 200 71395 "http://sfashion.si/hlace?limit=30" "Mozilla/5.0 (Windows NT 6.1; WOW64) AppleWebKit/537.36 (KHTML, like Gecko) Chrome/34.0.1847.131 Safari/537.36"
89.143.73.122 - - [26/Jun/2014:05:03:41 +0200] "GET /image/cache/data/P30BLU-cr-214x293.png HTTP/1.1" 200 98939 "http://sfashion.si/hlace?limit=30" "Mozilla/5.0 (Windows NT 6.1; WOW64) AppleWebKit/537.36 (KHTML, like Gecko) Chrome/34.0.1847.131 Safari/537.36"
89.143.73.122 - - [26/Jun/2014:05:03:42 +0200] "GET /image/cache/data/BS-10-102-cr-214x293.png HTTP/1.1" 200 91708 "http://sfashion.si/hlace?limit=30" "Mozilla/5.0 (Windows NT 6.1; WOW64) AppleWebKit/537.36 (KHTML, like Gecko) Chrome/34.0.1847.131 Safari/537.36"
89.143.73.122 - - [26/Jun/2014:05:03:44 +0200] "GET /image/cache/data/BS-30-132-cr-214x293.png HTTP/1.1" 200 107613 "http://sfashion.si/hlace?limit=30" "Mozilla/5.0 (Windows NT 6.1; WOW64) AppleWebKit/537.36 (KHTML, like Gecko) Chrome/34.0.1847.131 Safari/537.36"
89.143.73.122 - - [26/Jun/2014:05:03:44 +0200] "GET /image/cache/data/BS-30-130-cr-214x293.png HTTP/1.1" 200 84660 "http://sfashion.si/hlace?limit=30" "Mozilla/5.0 (Windows NT 6.1; WOW64) AppleWebKit/537.36 (KHTML, like Gecko) Chrome/34.0.1847.131 Safari/537.36"
89.143.73.122 - - [26/Jun/2014:05:03:45 +0200] "GET /image/cache/data/BS-30-136-cr-214x293.png HTTP/1.1" 200 97690 "http://sfashion.si/hlace?limit=30" "Mozilla/5.0 (Windows NT 6.1; WOW64) AppleWebKit/537.36 (KHTML, like Gecko) Chrome/34.0.1847.131 Safari/537.36"
89.143.73.122 - - [26/Jun/2014:05:03:44 +0200] "GET /image/cache/data/BS-30-134-cr-214x293.png HTTP/1.1" 200 119063 "http://sfashion.si/hlace?limit=30" "Mozilla/5.0 (Windows NT 6.1; WOW64) AppleWebKit/537.36 (KHTML, like Gecko) Chrome/34.0.1847.131 Safari/537.36"
89.143.73.122 - - [26/Jun/2014:05:03:46 +0200] "GET /image/cache/data/P30NV-cr-214x293.png HTTP/1.1" 200 90292 "http://sfashion.si/hlace?limit=30" "Mozilla/5.0 (Windows NT 6.1; WOW64) AppleWebKit/537.36 (KHTML, like Gecko) Chrome/34.0.1847.131 Safari/537.36"
89.143.73.122 - - [26/Jun/2014:05:03:44 +0200] "GET /image/cache/data/BS-30-133-cr-214x293.png HTTP/1.1" 200 111490 "http://sfashion.si/hlace?limit=30" "Mozilla/5.0 (Windows NT 6.1; WOW64) AppleWebKit/537.36 (KHTML, like Gecko) Chrome/34.0.1847.131 Safari/537.36"
89.143.73.122 - - [26/Jun/2014:05:03:47 +0200] "GET /image/cache/data/P30RE-cr-214x293.png HTTP/1.1" 200 95206 "http://sfashion.si/hlace?limit=30" "Mozilla/5.0 (Windows NT 6.1; WOW64) AppleWebKit/537.36 (KHTML, like Gecko) Chrome/34.0.1847.131 Safari/537.36"
89.143.73.122 - - [26/Jun/2014:05:03:47 +0200] "GET /image/cache/data/linographGR%20copy-cr-214x293.png HTTP/1.1" 200 111925 "http://sfashion.si/hlace?limit=30" "Mozilla/5.0 (Windows NT 6.1; WOW64) AppleWebKit/537.36 (KHTML, like Gecko) Chrome/34.0.1847.131 Safari/537.36"
89.143.73.122 - - [26/Jun/2014:05:03:49 +0200] "GET /catalog/view/theme/sfashion/image/paypp.png HTTP/1.1" 200 3548 "http://sfashion.si/hlace?limit=30" "Mozilla/5.0 (Windows NT 6.1; WOW64) AppleWebKit/537.36 (KHTML, like Gecko) Chrome/34.0.1847.131 Safari/537.36"
89.143.73.122 - - [26/Jun/2014:05:03:50 +0200] "GET /catalog/view/theme/sfashion/image/visakk.png HTTP/1.1" 200 2310 "http://sfashion.si/hlace?limit=30" "Mozilla/5.0 (Windows NT 6.1; WOW64) AppleWebKit/537.36 (KHTML, like Gecko) Chrome/34.0.1847.131 Safari/537.36"
89.143.73.122 - - [26/Jun/2014:05:03:50 +0200] "GET /catalog/view/theme/sfashion/image/menbgh.jpg HTTP/1.1" 200 706 "http://sfashion.si/hlace?limit=30" "Mozilla/5.0 (Windows NT 6.1; WOW64) AppleWebKit/537.36 (KHTML, like Gecko) Chrome/34.0.1847.131 Safari/537.36"
89.143.73.122 - - [26/Jun/2014:05:03:48 +0200] "GET /image/cache/data/linographRE-cr-214x293.png HTTP/1.1" 200 109642 "http://sfashion.si/hlace?limit=30" "Mozilla/5.0 (Windows NT 6.1; WOW64) AppleWebKit/537.36 (KHTML, like Gecko) Chrome/34.0.1847.131 Safari/537.36"
89.143.73.122 - - [26/Jun/2014:05:03:50 +0200] "GET /catalog/view/theme/sfashion/image/add.png HTTP/1.1" 200 575 "http://sfashion.si/hlace?limit=30" "Mozilla/5.0 (Windows NT 6.1; WOW64) AppleWebKit/537.36 (KHTML, like Gecko) Chrome/34.0.1847.131 Safari/537.36"
89.143.73.122 - - [26/Jun/2014:05:03:47 +0200] "GET /image/cache/data/linographBLU-cr-214x293.png HTTP/1.1" 200 113712 "http://sfashion.si/hlace?limit=30" "Mozilla/5.0 (Windows NT 6.1; WOW64) AppleWebKit/537.36 (KHTML, like Gecko) Chrome/34.0.1847.131 Safari/537.36"
89.143.73.122 - - [26/Jun/2014:05:03:49 +0200] "GET /image/cache/data/topbananaYE-cr-214x293.png HTTP/1.1" 200 100446 "http://sfashion.si/hlace?limit=30" "Mozilla/5.0 (Windows NT 6.1; WOW64) AppleWebKit/537.36 (KHTML, like Gecko) Chrome/34.0.1847.131 Safari/537.36"
89.143.73.122 - - [26/Jun/2014:05:03:48 +0200] "GET /image/cache/data/linographOR-cr-214x293.png HTTP/1.1" 200 105275 "http://sfashion.si/hlace?limit=30" "Mozilla/5.0 (Windows NT 6.1; WOW64) AppleWebKit/537.36 (KHTML, like Gecko) Chrome/34.0.1847.131 Safari/537.36"
89.143.73.122 - - [26/Jun/2014:05:03:49 +0200] "GET /image/cache/data/topbananaBLU-cr-214x293.png HTTP/1.1" 200 103249 "http://sfashion.si/hlace?limit=30" "Mozilla/5.0 (Windows NT 6.1; WOW64) AppleWebKit/537.36 (KHTML, like Gecko) Chrome/34.0.1847.131 Safari/537.36"
89.143.73.122 - - [26/Jun/2014:05:03:53 +0200] "GET /image/data/Logo.png HTTP/1.1" 200 735 "-" "Mozilla/5.0 (Windows NT 6.1; WOW64) AppleWebKit/537.36 (KHTML, like Gecko) Chrome/34.0.1847.131 Safari/537.36"
157.55.39.71 - - [26/Jun/2014:05:03:57 +0200] "GET /majice/moska-kratka-majica-s227-black HTTP/1.1" 200 9485 "-" "Mozilla/5.0 (compatible; bingbot/2.0; +http://www.bing.com/bingbot.htm)"
66.249.64.35 - - [26/Jun/2014:05:03:59 +0200] "GET /korea-fashion/moska-srajca-davis-purple?limit=100 HTTP/1.1" 200 6391 "-" "Mozilla/5.0 (compatible; Googlebot/2.1; +http://www.google.com/bot.html)"
207.46.13.22 - - [26/Jun/2014:05:04:41 +0200] "GET /moska-elegantna-jopa-brian-blue?page=5 HTTP/1.1" 200 14675 "-" "Mozilla/5.0 (compatible; bingbot/2.0; +http://www.bing.com/bingbot.htm)"
157.55.39.71 - - [26/Jun/2014:05:04:47 +0200] "GET /jope-puloverji/moski-puloverji/moski-pulover-robert-black?sort=p.price&order=ASC HTTP/1.1" 200 6383 "-" "Mozilla/5.0 (compatible; bingbot/2.0; +http://www.bing.com/bingbot.htm)"
89.143.73.122 - - [26/Jun/2014:05:05:12 +0200] "GET /hlace/kopalke HTTP/1.1" 200 6599 "http://sfashion.si/hlace?limit=30" "Mozilla/5.0 (Windows NT 6.1; WOW64) AppleWebKit/537.36 (KHTML, like Gecko) Chrome/34.0.1847.131 Safari/537.36"
157.55.39.71 - - [26/Jun/2014:05:05:18 +0200] "GET /majice/moska-polo-kratka-majica-s218-blue?limit=120 HTTP/1.1" 200 9416 "-" "Mozilla/5.0 (compatible; bingbot/2.0; +http://www.bing.com/bingbot.htm)"
89.143.73.122 - - [26/Jun/2014:05:05:34 +0200] "GET /hlace/kratke-hlace HTTP/1.1" 200 7036 "http://sfashion.si/hlace/kopalke" "Mozilla/5.0 (Windows NT 6.1; WOW64) AppleWebKit/537.36 (KHTML, like Gecko) Chrome/34.0.1847.131 Safari/537.36"
207.46.13.47 - - [26/Jun/2014:05:06:55 +0200] "GET /jope-puloverji/moski-pulover-cody-white?limit=120 HTTP/1.1" 200 6382 "-" "Mozilla/5.0 (compatible; bingbot/2.0; +http://www.bing.com/bingbot.htm)"
207.46.13.47 - - [26/Jun/2014:05:06:57 +0200] "GET /moske-kratke-hlace-p30-blue HTTP/1.1" 200 9384 "-" "Mozilla/5.0 (compatible; bingbot/2.0; +http://www.bing.com/bingbot.htm)"
207.46.13.47 - - [26/Jun/2014:05:06:58 +0200] "GET /polo-majica-z-dolgimi-rokavi-parker-white?page=4 HTTP/1.1" 200 14770 "-" "Mozilla/5.0 (compatible; bingbot/2.0; +http://www.bing.com/bingbot.htm)"
157.55.39.71 - - [26/Jun/2014:05:07:47 +0200] "GET /jope-puloverji/moski-pulover-paco-black HTTP/1.1" 200 9446 "-" "Mozilla/5.0 (compatible; bingbot/2.0; +http://www.bing.com/bingbot.htm)"
157.55.39.71 - - [26/Jun/2014:05:07:48 +0200] "GET /jope-puloverji/moski-pulover-arturo-grey HTTP/1.1" 200 9386 "-" "Mozilla/5.0 (compatible; bingbot/2.0; +http://www.bing.com/bingbot.htm)"
157.55.39.19 - - [26/Jun/2014:05:08:24 +0200] "GET /majice?order=ASC&page=2 HTTP/1.1" 200 7455 "-" "Mozilla/5.0 (compatible; bingbot/2.0; +http://www.bing.com/bingbot.htm)"
193.77.14.19 - - [26/Jun/2014:05:10:26 +0200] "GET /robots.txt HTTP/1.1" 301 584 "-" "Mozilla/5.0 (compatible; Najdi.si/3.1)"
193.77.14.19 - - [26/Jun/2014:05:10:27 +0200] "GET /index.php?product_id=190&route=product/product HTTP/1.1" 301 628 "-" "Mozilla/5.0 (compatible; Najdi.si/3.1)"
193.77.14.19 - - [26/Jun/2014:05:10:27 +0200] "GET /index.php?product_id=190&route=product/product HTTP/1.1" 200 9541 "-" "Mozilla/5.0 (compatible; Najdi.si/3.1)"
207.46.13.47 - - [26/Jun/2014:05:10:56 +0200] "GET /moski-pulover-paolo-blue?page=2 HTTP/1.1" 200 18489 "-" "Mozilla/5.0 (compatible; bingbot/2.0; +http://www.bing.com/bingbot.htm)"
207.46.13.47 - - [26/Jun/2014:05:10:58 +0200] "GET /novo/moska-kratka-majica-s243-black HTTP/1.1" 200 6164 "-" "Mozilla/5.0 (compatible; bingbot/2.0; +http://www.bing.com/bingbot.htm)"
66.249.64.245 - - [26/Jun/2014:05:11:04 +0200] "GET /jope-puloverji/moska-jopa-claudio-black?limit=120 HTTP/1.1" 200 9428 "-" "Mozilla/5.0 (compatible; Googlebot/2.1; +http://www.google.com/bot.html)"
66.249.92.76 - - [26/Jun/2014:05:11:09 +0200] "GET /novo?sort=p.date_added&order=DESC&page=1 HTTP/1.1" 200 7210 "-" "AdsBot-Google (+http://www.google.com/adsbot.html)"
66.249.92.76 - - [26/Jun/2014:05:12:10 +0200] "GET /hlace/moske-kopalke-bs-30-136?limit=30 HTTP/1.1" 200 9534 "-" "AdsBot-Google (+http://www.google.com/adsbot.html)"
66.249.92.76 - - [26/Jun/2014:05:13:47 +0200] "GET /moski-pulover-b69-black?limit=100 HTTP/1.1" 200 9736 "-" "AdsBot-Google (+http://www.google.com/adsbot.html)"
207.241.237.220 - - [26/Jun/2014:05:14:19 +0200] "GET /image/cache/data/bigbananaPACK%20copy-cr-200x275.png HTTP/1.0" 200 82950 "http://sfashion.si/moske-spodnje-hlace-top-banana-blue" "Mozilla/5.0 (compatible; special_archiver/3.1.1 +http://www.archive.org/details/archive.org_bot)"
66.249.92.76 - - [26/Jun/2014:05:14:38 +0200] "GET /novo/srajca-s-kratkimi-rokavi-carisma-white-9023wh&filter=STOCKNEW=a=b=c@@OPTION=L=1=Velikost HTTP/1.1" 200 9367 "-" "AdsBot-Google (+http://www.google.com/adsbot.html)"
66.249.92.63 - - [26/Jun/2014:05:15:24 +0200] "GET /srajce/srajce-dolg-rokav&filter=OPTION=S=1=Velikost HTTP/1.1" 200 7461 "-" "AdsBot-Google (+http://www.google.com/adsbot.html)"
66.249.92.63 - - [26/Jun/2014:05:15:50 +0200] "GET /srajce?page=3&filter=OPTION=M=1=Velikost HTTP/1.1" 200 7422 "-" "AdsBot-Google (+http://www.google.com/adsbot.html)"
66.249.92.63 - - [26/Jun/2014:05:16:12 +0200] "GET /top&filter=OPTION=L=1=Velikost HTTP/1.1" 200 7512 "-" "AdsBot-Google (+http://www.google.com/adsbot.html)"
66.249.92.76 - - [26/Jun/2014:05:16:13 +0200] "GET /moski-pulover-gustavo-grey?search=gustav HTTP/1.1" 200 9494 "-" "AdsBot-Google (+http://www.google.com/adsbot.html)"
207.241.237.220 - - [26/Jun/2014:05:17:35 +0200] "GET /catalog/view/javascript/jquery/tabs.js HTTP/1.0" 200 678 "http://sfashion.si/moske-spodnje-hlace-top-banana-blue" "Mozilla/5.0 (compatible; special_archiver/3.1.1 +http://www.archive.org/details/archive.org_bot)"
66.249.92.76 - - [26/Jun/2014:05:17:42 +0200] "GET /hlace/moske-kratke-hlace-p30-blue?limit=30 HTTP/1.1" 200 9552 "-" "AdsBot-Google (+http://www.google.com/adsbot.html)"
66.249.92.76 - - [26/Jun/2014:05:17:55 +0200] "GET /srajce/srajca-z-dolgimi-rokavi-carisma-navy-8126nv?limit=60 HTTP/1.1" 200 9770 "-" "AdsBot-Google (+http://www.google.com/adsbot.html)"
66.249.92.76 - - [26/Jun/2014:05:17:57 +0200] "GET /srajce/srajca-z-dolgimi-rokavi-carisma-orange-h110or HTTP/1.1" 200 9782 "-" "AdsBot-Google (+http://www.google.com/adsbot.html)"
66.249.92.50 - - [26/Jun/2014:05:17:58 +0200] "GET /srajce/srajce-kratek-rokav/srajca-s-kratkimi-rokavi-carisma-black-9029bl?limit=120 HTTP/1.1" 200 9470 "-" "AdsBot-Google (+http://www.google.com/adsbot.html)"
66.249.92.50 - - [26/Jun/2014:05:18:20 +0200] "GET /hlace/moske-kratke-hlace-p27-black?limit=30 HTTP/1.1" 200 9423 "-" "AdsBot-Google (+http://www.google.com/adsbot.html)"
66.249.92.76 - - [26/Jun/2014:05:18:45 +0200] "GET /srajca-s-kratkimi-rokavi-smith-and-jones-castortroi-sky-blue HTTP/1.1" 200 9680 "-" "AdsBot-Google (+http://www.google.com/adsbot.html)"
66.249.92.76 - - [26/Jun/2014:05:19:25 +0200] "GET /moski-pulover-b62-blue?search=b62 HTTP/1.1" 200 9407 "-" "AdsBot-Google (+http://www.google.com/adsbot.html)"
66.249.92.76 - - [26/Jun/2014:05:20:05 +0200] "GET /srajce/srajce-dolg-rokav&filter=OPTION=XL=1=Velikost HTTP/1.1" 200 7377 "-" "AdsBot-Google (+http://www.google.com/adsbot.html)"
207.46.13.22 - - [26/Jun/2014:05:20:28 +0200] "GET /moski-pulover-robert-black?sort=rating&order=DESC&limit=120 HTTP/1.1" 200 6365 "-" "Mozilla/5.0 (compatible; bingbot/2.0; +http://www.bing.com/bingbot.htm)"
66.249.92.63 - - [26/Jun/2014:05:21:56 +0200] "GET /srajce/moska-srajca-k87-black?limit=120 HTTP/1.1" 200 9755 "-" "AdsBot-Google (+http://www.google.com/adsbot.html)"
207.46.13.47 - - [26/Jun/2014:05:21:56 +0200] "GET /jope-puloverji/moski-puloverji?limit=120 HTTP/1.1" 200 10825 "-" "Mozilla/5.0 (compatible; bingbot/2.0; +http://www.bing.com/bingbot.htm)"
66.249.92.63 - - [26/Jun/2014:05:23:13 +0200] "GET /srajce/srajce-kratek-rokav?page=2&filter=OPTION=S=1=Velikost HTTP/1.1" 200 6797 "-" "AdsBot-Google (+http://www.google.com/adsbot.html)"
207.46.13.22 - - [26/Jun/2014:05:23:48 +0200] "GET /majice/moska-majica-l05-black?limit=120 HTTP/1.1" 200 9411 "-" "Mozilla/5.0 (compatible; bingbot/2.0; +http://www.bing.com/bingbot.htm)"
207.46.13.47 - - [26/Jun/2014:05:24:18 +0200] "GET /jope-puloverji/moski-puloverji/moski-pulover-denis-black HTTP/1.1" 200 9706 "-" "Mozilla/5.0 (compatible; bingbot/2.0; +http://www.bing.com/bingbot.htm)"
66.249.92.50 - - [26/Jun/2014:05:26:44 +0200] "GET /top?limit=30&page=2 HTTP/1.1" 200 5886 "-" "AdsBot-Google (+http://www.google.com/adsbot.html)"
66.249.64.30 - - [26/Jun/2014:05:26:58 +0200] "GET /catalog/view/javascript/jquery/colorbox/jquery.colorbox-min.js HTTP/1.1" 200 4414 "http://sfashion.si/moski-pulover-manuel-blue?search=manuel" "Mozilla/5.0 (compatible; Googlebot/2.1; +http://www.google.com/bot.html)"
66.249.64.245 - - [26/Jun/2014:05:27:00 +0200] "GET /catalog/view/javascript/jquery/jquery.jcarousel.min.js HTTP/1.1" 200 4576 "http://sfashion.si/moski-pulover-manuel-blue?search=manuel" "Mozilla/5.0 (compatible; Googlebot/2.1; +http://www.google.com/bot.html)"
66.249.64.30 - - [26/Jun/2014:05:27:03 +0200] "GET /catalog/view/javascript/jquery/ui/themes/ui-lightness/jquery-ui-1.8.16.custom.css HTTP/1.1" 200 14323 "http://sfashion.si/moski-pulover-manuel-blue?search=manuel" "Mozilla/5.0 (compatible; Googlebot/2.1; +http://www.google.com/bot.html)"
66.249.64.35 - - [26/Jun/2014:05:27:08 +0200] "GET /catalog/view/theme/sfashion/stylesheet/stylesheet.css HTTP/1.1" 200 23679 "http://sfashion.si/moski-pulover-manuel-blue?search=manuel" "Mozilla/5.0 (compatible; Googlebot/2.1; +http://www.google.com/bot.html)"
66.249.64.35 - - [26/Jun/2014:05:27:12 +0200] "GET /catalog/view/javascript/common.js HTTP/1.1" 200 1769 "http://sfashion.si/moski-pulover-manuel-blue?search=manuel" "Mozilla/5.0 (compatible; Googlebot/2.1; +http://www.google.com/bot.html)"
66.249.64.35 - - [26/Jun/2014:05:27:15 +0200] "GET /catalog/view/javascript/jquery/ajaxupload.js HTTP/1.1" 200 3141 "http://sfashion.si/moski-pulover-manuel-blue?search=manuel" "Mozilla/5.0 (compatible; Googlebot/2.1; +http://www.google.com/bot.html)"
66.249.64.35 - - [26/Jun/2014:05:27:17 +0200] "GET /catalog/view/javascript/jquery/tabs.js HTTP/1.1" 200 572 "http://sfashion.si/moski-pulover-manuel-blue?search=manuel" "Mozilla/5.0 (compatible; Googlebot/2.1; +http://www.google.com/bot.html)"
66.249.64.30 - - [26/Jun/2014:05:27:18 +0200] "GET /catalog/view/theme/sfashion/stylesheet/carousel.css HTTP/1.1" 200 6297 "http://sfashion.si/moski-pulover-manuel-blue?search=manuel" "Mozilla/5.0 (compatible; Googlebot/2.1; +http://www.google.com/bot.html)"
66.249.64.245 - - [26/Jun/2014:05:27:21 +0200] "GET /catalog/view/javascript/jquery/ui/jquery-ui-timepicker-addon.js HTTP/1.1" 200 6199 "http://sfashion.si/moski-pulover-manuel-blue?search=manuel" "Mozilla/5.0 (compatible; Googlebot/2.1; +http://www.google.com/bot.html)"
66.249.64.245 - - [26/Jun/2014:05:27:22 +0200] "GET /catalog/view/javascript/jquery/colorbox/colorbox.css HTTP/1.1" 200 1316 "http://sfashion.si/moski-pulover-manuel-blue?search=manuel" "Mozilla/5.0 (compatible; Googlebot/2.1; +http://www.google.com/bot.html)"
66.249.64.30 - - [26/Jun/2014:05:27:25 +0200] "GET /index.php?route=product/product/review&product_id=269 HTTP/1.1" 200 517 "http://sfashion.si/moski-pulover-manuel-blue?search=manuel" "Mozilla/5.0 (compatible; Googlebot/2.1; +http://www.google.com/bot.html)"
66.249.92.63 - - [26/Jun/2014:05:27:44 +0200] "GET /srajca-s-kratkimi-rokavi-carisma-blue-9053blu?search=905 HTTP/1.1" 200 9748 "-" "AdsBot-Google (+http://www.google.com/adsbot.html)"
157.55.39.19 - - [26/Jun/2014:05:29:11 +0200] "GET /majice/polo-majice HTTP/1.1" 200 7290 "-" "Mozilla/5.0 (compatible; bingbot/2.0; +http://www.bing.com/bingbot.htm)"
207.46.13.47 - - [26/Jun/2014:05:29:28 +0200] "GET /srajce/moska-srajca-carisma-k80-blue?limit=120 HTTP/1.1" 200 9632 "-" "Mozilla/5.0 (compatible; bingbot/2.0; +http://www.bing.com/bingbot.htm)"
207.241.237.224 - - [26/Jun/2014:05:29:34 +0200] "GET /catalog/view/theme/sfashion/image/good.png HTTP/1.0" 200 1062 "http://sfashion.si/moske-spodnje-hlace-top-banana-blue" "Mozilla/5.0 (compatible; special_archiver/3.1.1 +http://www.archive.org/details/archive.org_bot)"
66.249.64.245 - - [26/Jun/2014:05:30:13 +0200] "GET /index.php?route=module/supercategorymenuadvancedseemore/seemore&path=5&id=1&dnd=Velikost&tipo=OPTION&name=L&filter= HTTP/1.1" 200 810 "http://sfashion.si/top&filter=OPTION=L=1=Velikost" "Mozilla/5.0 (compatible; Googlebot/2.1; +http://www.google.com/bot.html)"
5.18.98.159 - - [26/Jun/2014:05:30:30 +0200] "GET / HTTP/1.1" 200 26981 "-" "Mozilla/3.6 (compatible; MSIE 7.0; Windows NT 6.1; en-US; rv:1.9.2.16) Gecko/20110319 MRA 5.6 (build 03278) Firefox/3.6.16"
66.249.64.245 - - [26/Jun/2014:05:30:53 +0200] "GET /jope-puloverji/moski-pulover-paolo-white?limit=18 HTTP/1.1" 200 9491 "-" "Mozilla/5.0 (compatible; Googlebot/2.1; +http://www.google.com/bot.html)"
157.55.39.19 - - [26/Jun/2014:05:31:10 +0200] "GET /jope-puloverji/moska-jopa-b86-black?limit=120 HTTP/1.1" 200 9707 "-" "Mozilla/5.0 (compatible; bingbot/2.0; +http://www.bing.com/bingbot.htm)"
66.249.92.76 - - [26/Jun/2014:05:31:09 +0200] "GET /moske-spodnje-hlace-crosshatch-linograph-orange?page=5 HTTP/1.1" 200 17771 "-" "AdsBot-Google (+http://www.google.com/adsbot.html)"
66.249.64.30 - - [26/Jun/2014:05:32:03 +0200] "GET /index.php?route=module/supercategorymenuadvancedseemore/seemore&path=4_15&id=1&dnd=Velikost&tipo=OPTION&name=XL&filter= HTTP/1.1" 200 819 "http://sfashion.si/srajce/srajce-dolg-rokav&filter=OPTION=XL=1=Velikost" "Mozilla/5.0 (compatible; Googlebot/2.1; +http://www.google.com/bot.html)"
66.249.92.50 - - [26/Jun/2014:05:34:07 +0200] "GET /novo/srajca-s-kratkimi-rokavi-carisma-white-9023wh HTTP/1.1" 200 9310 "-" "AdsBot-Google (+http://www.google.com/adsbot.html)"
157.55.39.19 - - [26/Jun/2014:05:35:26 +0200] "GET /majice/moska-majica-l02-grey?limit=12 HTTP/1.1" 200 9561 "-" "Mozilla/5.0 (compatible; bingbot/2.0; +http://www.bing.com/bingbot.htm)"
82.149.16.48 - - [26/Jun/2014:05:35:41 +0200] "GET /hlace?limit=30 HTTP/1.1" 200 8209 "-" "Mozilla/5.0 (Linux; Android 4.4.2; LG-D802 Build/KOT49I.D80220b) AppleWebKit/537.36 (KHTML, like Gecko) Version/4.0 Chrome/30.0.0.0 Mobile Safari/537.36"
82.149.16.48 - - [26/Jun/2014:05:35:42 +0200] "GET /catalog/view/javascript/jquery/supermenu/templates/gray/supermenu.css HTTP/1.1" 200 4147 "http://sfashion.si/hlace?limit=30" "Mozilla/5.0 (Linux; Android 4.4.2; LG-D802 Build/KOT49I.D80220b) AppleWebKit/537.36 (KHTML, like Gecko) Version/4.0 Chrome/30.0.0.0 Mobile Safari/537.36"
82.149.16.48 - - [26/Jun/2014:05:35:42 +0200] "GET /catalog/view/theme/sfashion/stylesheet/stylesheet.css HTTP/1.1" 200 23678 "http://sfashion.si/hlace?limit=30" "Mozilla/5.0 (Linux; Android 4.4.2; LG-D802 Build/KOT49I.D80220b) AppleWebKit/537.36 (KHTML, like Gecko) Version/4.0 Chrome/30.0.0.0 Mobile Safari/537.36"
82.149.16.48 - - [26/Jun/2014:05:35:42 +0200] "GET /catalog/view/theme/sfashion/stylesheet/carousel.css HTTP/1.1" 200 6297 "http://sfashion.si/hlace?limit=30" "Mozilla/5.0 (Linux; Android 4.4.2; LG-D802 Build/KOT49I.D80220b) AppleWebKit/537.36 (KHTML, like Gecko) Version/4.0 Chrome/30.0.0.0 Mobile Safari/537.36"
82.149.16.48 - - [26/Jun/2014:05:35:42 +0200] "GET /catalog/view/javascript/common.js HTTP/1.1" 200 1768 "http://sfashion.si/hlace?limit=30" "Mozilla/5.0 (Linux; Android 4.4.2; LG-D802 Build/KOT49I.D80220b) AppleWebKit/537.36 (KHTML, like Gecko) Version/4.0 Chrome/30.0.0.0 Mobile Safari/537.36"
82.149.16.48 - - [26/Jun/2014:05:35:42 +0200] "GET /catalog/view/javascript/jquery/jquery.jcarousel.min.js HTTP/1.1" 200 4576 "http://sfashion.si/hlace?limit=30" "Mozilla/5.0 (Linux; Android 4.4.2; LG-D802 Build/KOT49I.D80220b) AppleWebKit/537.36 (KHTML, like Gecko) Version/4.0 Chrome/30.0.0.0 Mobile Safari/537.36"
82.149.16.48 - - [26/Jun/2014:05:35:42 +0200] "GET /catalog/view/javascript/jquery/ui/themes/ui-lightness/jquery-ui-1.8.16.custom.css HTTP/1.1" 200 14322 "http://sfashion.si/hlace?limit=30" "Mozilla/5.0 (Linux; Android 4.4.2; LG-D802 Build/KOT49I.D80220b) AppleWebKit/537.36 (KHTML, like Gecko) Version/4.0 Chrome/30.0.0.0 Mobile Safari/537.36"
82.149.16.48 - - [26/Jun/2014:05:35:42 +0200] "GET /catalog/view/javascript/jquery/jquery.total-storage.min.js HTTP/1.1" 200 1099 "http://sfashion.si/hlace?limit=30" "Mozilla/5.0 (Linux; Android 4.4.2; LG-D802 Build/KOT49I.D80220b) AppleWebKit/537.36 (KHTML, like Gecko) Version/4.0 Chrome/30.0.0.0 Mobile Safari/537.36"
82.149.16.48 - - [26/Jun/2014:05:35:42 +0200] "GET /catalog/view/javascript/jquery/supermenu/supermenu_base.js HTTP/1.1" 200 10178 "http://sfashion.si/hlace?limit=30" "Mozilla/5.0 (Linux; Android 4.4.2; LG-D802 Build/KOT49I.D80220b) AppleWebKit/537.36 (KHTML, like Gecko) Version/4.0 Chrome/30.0.0.0 Mobile Safari/537.36"
